Archive member included to satisfy reference by file (symbol)

c:/st/stm32cubeide_1.7.0/stm32cubeide/plugins/com.st.stm32cube.ide.mcu.externaltools.gnu-tools-for-stm32.10.3-2021.10.win32_1.0.0.202111181127/tools/bin/../lib/gcc/arm-none-eabi/10.3.1/../../../../arm-none-eabi/lib/thumb/v7e-m+fp/hard\libc_nano.a(lib_a-errno.o)
                              ./Core/Src/syscalls.o (__errno)
c:/st/stm32cubeide_1.7.0/stm32cubeide/plugins/com.st.stm32cube.ide.mcu.externaltools.gnu-tools-for-stm32.10.3-2021.10.win32_1.0.0.202111181127/tools/bin/../lib/gcc/arm-none-eabi/10.3.1/../../../../arm-none-eabi/lib/thumb/v7e-m+fp/hard\libc_nano.a(lib_a-exit.o)
                              c:/st/stm32cubeide_1.7.0/stm32cubeide/plugins/com.st.stm32cube.ide.mcu.externaltools.gnu-tools-for-stm32.10.3-2021.10.win32_1.0.0.202111181127/tools/bin/../lib/gcc/arm-none-eabi/10.3.1/../../../../arm-none-eabi/lib/thumb/v7e-m+fp/hard/crt0.o (exit)
c:/st/stm32cubeide_1.7.0/stm32cubeide/plugins/com.st.stm32cube.ide.mcu.externaltools.gnu-tools-for-stm32.10.3-2021.10.win32_1.0.0.202111181127/tools/bin/../lib/gcc/arm-none-eabi/10.3.1/../../../../arm-none-eabi/lib/thumb/v7e-m+fp/hard\libc_nano.a(lib_a-impure.o)
                              c:/st/stm32cubeide_1.7.0/stm32cubeide/plugins/com.st.stm32cube.ide.mcu.externaltools.gnu-tools-for-stm32.10.3-2021.10.win32_1.0.0.202111181127/tools/bin/../lib/gcc/arm-none-eabi/10.3.1/../../../../arm-none-eabi/lib/thumb/v7e-m+fp/hard\libc_nano.a(lib_a-exit.o) (_global_impure_ptr)
c:/st/stm32cubeide_1.7.0/stm32cubeide/plugins/com.st.stm32cube.ide.mcu.externaltools.gnu-tools-for-stm32.10.3-2021.10.win32_1.0.0.202111181127/tools/bin/../lib/gcc/arm-none-eabi/10.3.1/../../../../arm-none-eabi/lib/thumb/v7e-m+fp/hard\libc_nano.a(lib_a-init.o)
                              c:/st/stm32cubeide_1.7.0/stm32cubeide/plugins/com.st.stm32cube.ide.mcu.externaltools.gnu-tools-for-stm32.10.3-2021.10.win32_1.0.0.202111181127/tools/bin/../lib/gcc/arm-none-eabi/10.3.1/../../../../arm-none-eabi/lib/thumb/v7e-m+fp/hard/crt0.o (__libc_init_array)
c:/st/stm32cubeide_1.7.0/stm32cubeide/plugins/com.st.stm32cube.ide.mcu.externaltools.gnu-tools-for-stm32.10.3-2021.10.win32_1.0.0.202111181127/tools/bin/../lib/gcc/arm-none-eabi/10.3.1/../../../../arm-none-eabi/lib/thumb/v7e-m+fp/hard\libc_nano.a(lib_a-malloc.o)
                              ./Core/Src/File_Handling.o (malloc)
c:/st/stm32cubeide_1.7.0/stm32cubeide/plugins/com.st.stm32cube.ide.mcu.externaltools.gnu-tools-for-stm32.10.3-2021.10.win32_1.0.0.202111181127/tools/bin/../lib/gcc/arm-none-eabi/10.3.1/../../../../arm-none-eabi/lib/thumb/v7e-m+fp/hard\libc_nano.a(lib_a-memset.o)
                              c:/st/stm32cubeide_1.7.0/stm32cubeide/plugins/com.st.stm32cube.ide.mcu.externaltools.gnu-tools-for-stm32.10.3-2021.10.win32_1.0.0.202111181127/tools/bin/../lib/gcc/arm-none-eabi/10.3.1/../../../../arm-none-eabi/lib/thumb/v7e-m+fp/hard/crt0.o (memset)
c:/st/stm32cubeide_1.7.0/stm32cubeide/plugins/com.st.stm32cube.ide.mcu.externaltools.gnu-tools-for-stm32.10.3-2021.10.win32_1.0.0.202111181127/tools/bin/../lib/gcc/arm-none-eabi/10.3.1/../../../../arm-none-eabi/lib/thumb/v7e-m+fp/hard\libc_nano.a(lib_a-nano-freer.o)
                              c:/st/stm32cubeide_1.7.0/stm32cubeide/plugins/com.st.stm32cube.ide.mcu.externaltools.gnu-tools-for-stm32.10.3-2021.10.win32_1.0.0.202111181127/tools/bin/../lib/gcc/arm-none-eabi/10.3.1/../../../../arm-none-eabi/lib/thumb/v7e-m+fp/hard\libc_nano.a(lib_a-malloc.o) (_free_r)
c:/st/stm32cubeide_1.7.0/stm32cubeide/plugins/com.st.stm32cube.ide.mcu.externaltools.gnu-tools-for-stm32.10.3-2021.10.win32_1.0.0.202111181127/tools/bin/../lib/gcc/arm-none-eabi/10.3.1/../../../../arm-none-eabi/lib/thumb/v7e-m+fp/hard\libc_nano.a(lib_a-nano-mallocr.o)
                              c:/st/stm32cubeide_1.7.0/stm32cubeide/plugins/com.st.stm32cube.ide.mcu.externaltools.gnu-tools-for-stm32.10.3-2021.10.win32_1.0.0.202111181127/tools/bin/../lib/gcc/arm-none-eabi/10.3.1/../../../../arm-none-eabi/lib/thumb/v7e-m+fp/hard\libc_nano.a(lib_a-malloc.o) (_malloc_r)
c:/st/stm32cubeide_1.7.0/stm32cubeide/plugins/com.st.stm32cube.ide.mcu.externaltools.gnu-tools-for-stm32.10.3-2021.10.win32_1.0.0.202111181127/tools/bin/../lib/gcc/arm-none-eabi/10.3.1/../../../../arm-none-eabi/lib/thumb/v7e-m+fp/hard\libc_nano.a(lib_a-sbrkr.o)
                              c:/st/stm32cubeide_1.7.0/stm32cubeide/plugins/com.st.stm32cube.ide.mcu.externaltools.gnu-tools-for-stm32.10.3-2021.10.win32_1.0.0.202111181127/tools/bin/../lib/gcc/arm-none-eabi/10.3.1/../../../../arm-none-eabi/lib/thumb/v7e-m+fp/hard\libc_nano.a(lib_a-nano-mallocr.o) (_sbrk_r)
c:/st/stm32cubeide_1.7.0/stm32cubeide/plugins/com.st.stm32cube.ide.mcu.externaltools.gnu-tools-for-stm32.10.3-2021.10.win32_1.0.0.202111181127/tools/bin/../lib/gcc/arm-none-eabi/10.3.1/../../../../arm-none-eabi/lib/thumb/v7e-m+fp/hard\libc_nano.a(lib_a-sprintf.o)
                              ./Core/Src/File_Handling.o (sprintf)
[...]
Memory Configuration

Name             Origin             Length             Attributes
CCMRAM           0x0000000010000000 0x0000000000010000 xrw
RAM              0x0000000020000000 0x0000000000030000 xrw
FLASH            0x0000000008000000 0x0000000000200000 xr
*default*        0x0000000000000000 0xffffffffffffffff

Linker script and memory map

LOAD c:/st/stm32cubeide_1.7.0/stm32cubeide/plugins/com.st.stm32cube.ide.mcu.externaltools.gnu-tools-for-stm32.10.3-2021.10.win32_1.0.0.202111181127/tools/bin/../lib/gcc/arm-none-eabi/10.3.1/thumb/v7e-m+fp/hard/crti.o
LOAD c:/st/stm32cubeide_1.7.0/stm32cubeide/plugins/com.st.stm32cube.ide.mcu.externaltools.gnu-tools-for-stm32.10.3-2021.10.win32_1.0.0.202111181127/tools/bin/../lib/gcc/arm-none-eabi/10.3.1/thumb/v7e-m+fp/hard/crtbegin.o
LOAD c:/st/stm32cubeide_1.7.0/stm32cubeide/plugins/com.st.stm32cube.ide.mcu.externaltools.gnu-tools-for-stm32.10.3-2021.10.win32_1.0.0.202111181127/tools/bin/../lib/gcc/arm-none-eabi/10.3.1/../../../../arm-none-eabi/lib/thumb/v7e-m+fp/hard/crt0.o
LOAD ./Core/Src/File_Handling.o
LOAD ./Core/Src/main.o
LOAD ./Core/Src/stm32f4xx_hal_msp.o
LOAD ./Core/Src/stm32f4xx_it.o
LOAD ./Core/Src/syscalls.o
LOAD ./Core/Src/sysmem.o
LOAD ./Core/Src/system_stm32f4xx.o
LOAD ./Core/Startup/startup_stm32f427vitx.o
LOAD ./Drivers/STM32F4xx_HAL_Driver/Src/stm32f4xx_hal.o
LOAD ./Drivers/STM32F4xx_HAL_Driver/Src/stm32f4xx_hal_cortex.o
LOAD ./Drivers/STM32F4xx_HAL_Driver/Src/stm32f4xx_hal_dma.o
LOAD ./Drivers/STM32F4xx_HAL_Driver/Src/stm32f4xx_hal_dma_ex.o
LOAD ./Drivers/STM32F4xx_HAL_Driver/Src/stm32f4xx_hal_exti.o
LOAD ./Drivers/STM32F4xx_HAL_Driver/Src/stm32f4xx_hal_flash.o
LOAD ./Drivers/STM32F4xx_HAL_Driver/Src/stm32f4xx_hal_flash_ex.o
LOAD ./Drivers/STM32F4xx_HAL_Driver/Src/stm32f4xx_hal_flash_ramfunc.o
LOAD ./Drivers/STM32F4xx_HAL_Driver/Src/stm32f4xx_hal_gpio.o
LOAD ./Drivers/STM32F4xx_HAL_Driver/Src/stm32f4xx_hal_pwr.o
LOAD ./Drivers/STM32F4xx_HAL_Driver/Src/stm32f4xx_hal_pwr_ex.o
LOAD ./Drivers/STM32F4xx_HAL_Driver/Src/stm32f4xx_hal_rcc.o
LOAD ./Drivers/STM32F4xx_HAL_Driver/Src/stm32f4xx_hal_rcc_ex.o
LOAD ./Drivers/STM32F4xx_HAL_Driver/Src/stm32f4xx_hal_sd.o
LOAD ./Drivers/STM32F4xx_HAL_Driver/Src/stm32f4xx_hal_tim.o
LOAD ./Drivers/STM32F4xx_HAL_Driver/Src/stm32f4xx_hal_tim_ex.o
LOAD ./Drivers/STM32F4xx_HAL_Driver/Src/stm32f4xx_hal_uart.o
LOAD ./Drivers/STM32F4xx_HAL_Driver/Src/stm32f4xx_ll_sdmmc.o
LOAD ./FATFS/App/fatfs.o
LOAD ./FATFS/Target/bsp_driver_sd.o
LOAD ./FATFS/Target/sd_diskio.o
LOAD ./Middlewares/Third_Party/FatFs/src/diskio.o
LOAD ./Middlewares/Third_Party/FatFs/src/ff.o
LOAD ./Middlewares/Third_Party/FatFs/src/ff_gen_drv.o
LOAD ./Middlewares/Third_Party/FatFs/src/option/syscall.o
START GROUP
LOAD c:/st/stm32cubeide_1.7.0/stm32cubeide/plugins/com.st.stm32cube.ide.mcu.externaltools.gnu-tools-for-stm32.10.3-2021.10.win32_1.0.0.202111181127/tools/bin/../lib/gcc/arm-none-eabi/10.3.1/../../../../arm-none-eabi/lib/thumb/v7e-m+fp/hard\libc_nano.a
LOAD c:/st/stm32cubeide_1.7.0/stm32cubeide/plugins/com.st.stm32cube.ide.mcu.externaltools.gnu-tools-for-stm32.10.3-2021.10.win32_1.0.0.202111181127/tools/bin/../lib/gcc/arm-none-eabi/10.3.1/../../../../arm-none-eabi/lib/thumb/v7e-m+fp/hard\libm.a
END GROUP
START GROUP
LOAD c:/st/stm32cubeide_1.7.0/stm32cubeide/plugins/com.st.stm32cube.ide.mcu.externaltools.gnu-tools-for-stm32.10.3-2021.10.win32_1.0.0.202111181127/tools/bin/../lib/gcc/arm-none-eabi/10.3.1/thumb/v7e-m+fp/hard\libgcc.a
LOAD c:/st/stm32cubeide_1.7.0/stm32cubeide/plugins/com.st.stm32cube.ide.mcu.externaltools.gnu-tools-for-stm32.10.3-2021.10.win32_1.0.0.202111181127/tools/bin/../lib/gcc/arm-none-eabi/10.3.1/../../../../arm-none-eabi/lib/thumb/v7e-m+fp/hard\libc_nano.a
END GROUP
START GROUP
LOAD c:/st/stm32cubeide_1.7.0/stm32cubeide/plugins/com.st.stm32cube.ide.mcu.externaltools.gnu-tools-for-stm32.10.3-2021.10.win32_1.0.0.202111181127/tools/bin/../lib/gcc/arm-none-eabi/10.3.1/thumb/v7e-m+fp/hard\libgcc.a
LOAD c:/st/stm32cubeide_1.7.0/stm32cubeide/plugins/com.st.stm32cube.ide.mcu.externaltools.gnu-tools-for-stm32.10.3-2021.10.win32_1.0.0.202111181127/tools/bin/../lib/gcc/arm-none-eabi/10.3.1/../../../../arm-none-eabi/lib/thumb/v7e-m+fp/hard\libc_nano.a
LOAD c:/st/stm32cubeide_1.7.0/stm32cubeide/plugins/com.st.stm32cube.ide.mcu.externaltools.gnu-tools-for-stm32.10.3-2021.10.win32_1.0.0.202111181127/tools/bin/../lib/gcc/arm-none-eabi/10.3.1/../../../../arm-none-eabi/lib/thumb/v7e-m+fp/hard\libnosys.a
END GROUP
START GROUP
LOAD c:/st/stm32cubeide_1.7.0/stm32cubeide/plugins/com.st.stm32cube.ide.mcu.externaltools.gnu-tools-for-stm32.10.3-2021.10.win32_1.0.0.202111181127/tools/bin/../lib/gcc/arm-none-eabi/10.3.1/thumb/v7e-m+fp/hard\libgcc.a
LOAD c:/st/stm32cubeide_1.7.0/stm32cubeide/plugins/com.st.stm32cube.ide.mcu.externaltools.gnu-tools-for-stm32.10.3-2021.10.win32_1.0.0.202111181127/tools/bin/../lib/gcc/arm-none-eabi/10.3.1/../../../../arm-none-eabi/lib/thumb/v7e-m+fp/hard\libc_nano.a
LOAD c:/st/stm32cubeide_1.7.0/stm32cubeide/plugins/com.st.stm32cube.ide.mcu.externaltools.gnu-tools-for-stm32.10.3-2021.10.win32_1.0.0.202111181127/tools/bin/../lib/gcc/arm-none-eabi/10.3.1/../../../../arm-none-eabi/lib/thumb/v7e-m+fp/hard\libnosys.a
END GROUP
LOAD c:/st/stm32cubeide_1.7.0/stm32cubeide/plugins/com.st.stm32cube.ide.mcu.externaltools.gnu-tools-for-stm32.10.3-2021.10.win32_1.0.0.202111181127/tools/bin/../lib/gcc/arm-none-eabi/10.3.1/thumb/v7e-m+fp/hard/crtend.o
LOAD c:/st/stm32cubeide_1.7.0/stm32cubeide/plugins/com.st.stm32cube.ide.mcu.externaltools.gnu-tools-for-stm32.10.3-2021.10.win32_1.0.0.202111181127/tools/bin/../lib/gcc/arm-none-eabi/10.3.1/thumb/v7e-m+fp/hard/crtn.o
                0x0000000020030000                _estack = (ORIGIN (RAM) + LENGTH (RAM))
                0x0000000000000200                _Min_Heap_Size = 0x200
                0x0000000000000400                _Min_Stack_Size = 0x400

.isr_vector     0x0000000008000000      0x1ac
                0x0000000008000000                . = ALIGN (0x4)
 *(.isr_vector)
 .isr_vector    0x0000000008000000      0x1ac ./Core/Startup/startup_stm32f427vitx.o
                0x0000000008000000                g_pfnVectors
                0x00000000080001ac                . = ALIGN (0x4)

.text           0x00000000080001b0     0x7790
                0x00000000080001b0                . = ALIGN (0x4)
 *(.text)
 .text          0x00000000080001b0       0x40 c:/st/stm32cubeide_1.7.0/stm32cubeide/plugins/com.st.stm32cube.ide.mcu.externaltools.gnu-tools-for-stm32.10.3-2021.10.win32_1.0.0.202111181127/tools/bin/../lib/gcc/arm-none-eabi/10.3.1/thumb/v7e-m+fp/hard/crtbegin.o
 .text          0x00000000080001f0       0x14 c:/st/stm32cubeide_1.7.0/stm32cubeide/plugins/com.st.stm32cube.ide.mcu.externaltools.gnu-tools-for-stm32.10.3-2021.10.win32_1.0.0.202111181127/tools/bin/../lib/gcc/arm-none-eabi/10.3.1/../../../../arm-none-eabi/lib/thumb/v7e-m+fp/hard\libc_nano.a(lib_a-strcmp.o)
                0x00000000080001f0                strcmp
 .text          0x0000000008000204       0x10 c:/st/stm32cubeide_1.7.0/stm32cubeide/plugins/com.st.stm32cube.ide.mcu.externaltools.gnu-tools-for-stm32.10.3-2021.10.win32_1.0.0.202111181127/tools/bin/../lib/gcc/arm-none-eabi/10.3.1/../../../../arm-none-eabi/lib/thumb/v7e-m+fp/hard\libc_nano.a(lib_a-strlen.o)
                0x0000000008000204                strlen
 *fill*         0x0000000008000214        0xc 
 .text          0x0000000008000220       0xa0 c:/st/stm32cubeide_1.7.0/stm32cubeide/plugins/com.st.stm32cube.ide.mcu.externaltools.gnu-tools-for-stm32.10.3-2021.10.win32_1.0.0.202111181127/tools/bin/../lib/gcc/arm-none-eabi/10.3.1/../../../../arm-none-eabi/lib/thumb/v7e-m+fp/hard\libc_nano.a(lib_a-memchr.o)
                0x0000000008000220                memchr
 .text          0x00000000080002c0       0x30 c:/st/stm32cubeide_1.7.0/stm32cubeide/plugins/com.st.stm32cube.ide.mcu.externaltools.gnu-tools-for-stm32.10.3-2021.10.win32_1.0.0.202111181127/tools/bin/../lib/gcc/arm-none-eabi/10.3.1/thumb/v7e-m+fp/hard\libgcc.a(_aeabi_uldivmod.o)
                0x00000000080002c0                __aeabi_uldivmod
 .text          0x00000000080002f0      0x2d0 c:/st/stm32cubeide_1.7.0/stm32cubeide/plugins/com.st.stm32cube.ide.mcu.externaltools.gnu-tools-for-stm32.10.3-2021.10.win32_1.0.0.202111181127/tools/bin/../lib/gcc/arm-none-eabi/10.3.1/thumb/v7e-m+fp/hard\libgcc.a(_udivmoddi4.o)
                0x00000000080002f0                __udivmoddi4
 .text          0x00000000080005c0        0x4 c:/st/stm32cubeide_1.7.0/stm32cubeide/plugins/com.st.stm32cube.ide.mcu.externaltools.gnu-tools-for-stm32.10.3-2021.10.win32_1.0.0.202111181127/tools/bin/../lib/gcc/arm-none-eabi/10.3.1/thumb/v7e-m+fp/hard\libgcc.a(_dvmd_tls.o)
                0x00000000080005c0                __aeabi_idiv0
                0x00000000080005c0                __aeabi_ldiv0
 *(.text*)
 .text.Send_Uart
                0x00000000080005c4       0x2c ./Core/Src/File_Handling.o
                0x00000000080005c4                Send_Uart
 .text.Mount_SD
                0x00000000080005f0       0x48 ./Core/Src/File_Handling.o
                0x00000000080005f0                Mount_SD
 .text.Unmount_SD
                0x0000000008000638       0x44 ./Core/Src/File_Handling.o
                0x0000000008000638                Unmount_SD
 .text.Format_SD
                0x000000000800067c       0xcc ./Core/Src/File_Handling.o
                0x000000000800067c                Format_SD
 .text.Create_File
                0x0000000008000748      0x138 ./Core/Src/File_Handling.o
                0x0000000008000748                Create_File
 .text.Update_File
                0x0000000008000880      0x18c ./Core/Src/File_Handling.o
                0x0000000008000880                Update_File
 .text.main     0x0000000008000a0c       0xa0 ./Core/Src/main.o
                0x0000000008000a0c                main
 .text.SystemClock_Config
                0x0000000008000aac       0xd4 ./Core/Src/main.o
                0x0000000008000aac                SystemClock_Config
 .text.MX_SDIO_SD_Init
                0x0000000008000b80       0x40 ./Core/Src/main.o
 .text.MX_UART8_Init
                0x0000000008000bc0       0x54 ./Core/Src/main.o
 .text.MX_GPIO_Init
                0x0000000008000c14       0x88 ./Core/Src/main.o
 .text.Error_Handler
                0x0000000008000c9c        0xa ./Core/Src/main.o
                0x0000000008000c9c                Error_Handler
 *fill*         0x0000000008000ca6        0x2 
 .text.HAL_MspInit
                0x0000000008000ca8       0x50 ./Core/Src/stm32f4xx_hal_msp.o
                0x0000000008000ca8                HAL_MspInit
 .text.HAL_SD_MspInit
                0x0000000008000cf8       0xd0 ./Core/Src/stm32f4xx_hal_msp.o
                0x0000000008000cf8                HAL_SD_MspInit
 .text.HAL_UART_MspInit
                0x0000000008000dc8       0x90 ./Core/Src/stm32f4xx_hal_msp.o
                0x0000000008000dc8                HAL_UART_MspInit
 .text.NMI_Handler
                0x0000000008000e58        0x6 ./Core/Src/stm32f4xx_it.o
                0x0000000008000e58                NMI_Handler
 .text.HardFault_Handler
                0x0000000008000e5e        0x6 ./Core/Src/stm32f4xx_it.o
                0x0000000008000e5e                HardFault_Handler
 .text.MemManage_Handler
                0x0000000008000e64        0x6 ./Core/Src/stm32f4xx_it.o
                0x0000000008000e64                MemManage_Handler
 .text.BusFault_Handler
                0x0000000008000e6a        0x6 ./Core/Src/stm32f4xx_it.o
                0x0000000008000e6a                BusFault_Handler
 .text.UsageFault_Handler
                0x0000000008000e70        0x6 ./Core/Src/stm32f4xx_it.o
                0x0000000008000e70                UsageFault_Handler
 .text.SVC_Handler
                0x0000000008000e76        0xe ./Core/Src/stm32f4xx_it.o
                0x0000000008000e76                SVC_Handler
 .text.DebugMon_Handler
                0x0000000008000e84        0xe ./Core/Src/stm32f4xx_it.o
                0x0000000008000e84                DebugMon_Handler
 .text.PendSV_Handler
                0x0000000008000e92        0xe ./Core/Src/stm32f4xx_it.o
                0x0000000008000e92                PendSV_Handler
 .text.SysTick_Handler
                0x0000000008000ea0        0xc ./Core/Src/stm32f4xx_it.o
                0x0000000008000ea0                SysTick_Handler
 .text._sbrk    0x0000000008000eac       0x6c ./Core/Src/sysmem.o
                0x0000000008000eac                _sbrk
 .text.SystemInit
                0x0000000008000f18       0x24 ./Core/Src/system_stm32f4xx.o
                0x0000000008000f18                SystemInit
 .text.Reset_Handler
                0x0000000008000f3c       0x50 ./Core/Startup/startup_stm32f427vitx.o
                0x0000000008000f3c                Reset_Handler
 .text.Default_Handler
                0x0000000008000f8c        0x2 ./Core/Startup/startup_stm32f427vitx.o
                0x0000000008000f8c                RTC_Alarm_IRQHandler
                0x0000000008000f8c                HASH_RNG_IRQHandler
                0x0000000008000f8c                EXTI2_IRQHandler
                0x0000000008000f8c                TIM8_CC_IRQHandler
                0x0000000008000f8c                UART8_IRQHandler
                0x0000000008000f8c                SPI4_IRQHandler
                0x0000000008000f8c                TIM1_CC_IRQHandler
                0x0000000008000f8c                DMA2_Stream5_IRQHandler
                0x0000000008000f8c                DMA1_Stream5_IRQHandler
                0x0000000008000f8c                PVD_IRQHandler
                0x0000000008000f8c                SDIO_IRQHandler
                0x0000000008000f8c                TAMP_STAMP_IRQHandler
                0x0000000008000f8c                CAN2_RX1_IRQHandler
                0x0000000008000f8c                EXTI3_IRQHandler
                0x0000000008000f8c                TIM8_TRG_COM_TIM14_IRQHandler
                0x0000000008000f8c                TIM1_UP_TIM10_IRQHandler
                0x0000000008000f8c                TIM8_UP_TIM13_IRQHandler
                0x0000000008000f8c                I2C3_ER_IRQHandler
                0x0000000008000f8c                EXTI0_IRQHandler
                0x0000000008000f8c                I2C2_EV_IRQHandler
                0x0000000008000f8c                DMA1_Stream2_IRQHandler
                0x0000000008000f8c                CAN1_RX0_IRQHandler
                0x0000000008000f8c                FPU_IRQHandler
                0x0000000008000f8c                OTG_HS_WKUP_IRQHandler
                0x0000000008000f8c                CAN2_SCE_IRQHandler
                0x0000000008000f8c                DMA2_Stream2_IRQHandler
                0x0000000008000f8c                SPI1_IRQHandler
                0x0000000008000f8c                TIM6_DAC_IRQHandler
                0x0000000008000f8c                TIM1_BRK_TIM9_IRQHandler
                0x0000000008000f8c                DCMI_IRQHandler
                0x0000000008000f8c                CAN2_RX0_IRQHandler
                0x0000000008000f8c                DMA2_Stream3_IRQHandler
                0x0000000008000f8c                USART6_IRQHandler
                0x0000000008000f8c                USART3_IRQHandler
                0x0000000008000f8c                CAN1_RX1_IRQHandler
                0x0000000008000f8c                UART5_IRQHandler
                0x0000000008000f8c                DMA2_Stream0_IRQHandler
                0x0000000008000f8c                TIM4_IRQHandler
                0x0000000008000f8c                I2C1_EV_IRQHandler
                0x0000000008000f8c                DMA1_Stream6_IRQHandler
                0x0000000008000f8c                DMA1_Stream1_IRQHandler
                0x0000000008000f8c                UART4_IRQHandler
                0x0000000008000f8c                TIM3_IRQHandler
                0x0000000008000f8c                RCC_IRQHandler
                0x0000000008000f8c                TIM8_BRK_TIM12_IRQHandler
                0x0000000008000f8c                Default_Handler
                0x0000000008000f8c                EXTI15_10_IRQHandler
                0x0000000008000f8c                ADC_IRQHandler
                0x0000000008000f8c                DMA1_Stream7_IRQHandler
                0x0000000008000f8c                SPI5_IRQHandler
                0x0000000008000f8c                TIM7_IRQHandler
                0x0000000008000f8c                CAN2_TX_IRQHandler
                0x0000000008000f8c                TIM5_IRQHandler
                0x0000000008000f8c                DMA2_Stream7_IRQHandler
                0x0000000008000f8c                I2C3_EV_IRQHandler
                0x0000000008000f8c                EXTI9_5_IRQHandler
                0x0000000008000f8c                RTC_WKUP_IRQHandler
                0x0000000008000f8c                ETH_WKUP_IRQHandler
                0x0000000008000f8c                SPI2_IRQHandler
                0x0000000008000f8c                OTG_HS_EP1_IN_IRQHandler
                0x0000000008000f8c                DMA1_Stream0_IRQHandler
                0x0000000008000f8c                CAN1_TX_IRQHandler
                0x0000000008000f8c                EXTI4_IRQHandler
                0x0000000008000f8c                ETH_IRQHandler
                0x0000000008000f8c                OTG_HS_EP1_OUT_IRQHandler
                0x0000000008000f8c                WWDG_IRQHandler
                0x0000000008000f8c                SPI6_IRQHandler
                0x0000000008000f8c                TIM2_IRQHandler
                0x0000000008000f8c                OTG_FS_WKUP_IRQHandler
                0x0000000008000f8c                TIM1_TRG_COM_TIM11_IRQHandler
                0x0000000008000f8c                OTG_HS_IRQHandler
                0x0000000008000f8c                DMA2D_IRQHandler
                0x0000000008000f8c                EXTI1_IRQHandler
                0x0000000008000f8c                UART7_IRQHandler
                0x0000000008000f8c                USART2_IRQHandler
                0x0000000008000f8c                I2C2_ER_IRQHandler
                0x0000000008000f8c                DMA2_Stream1_IRQHandler
                0x0000000008000f8c                CAN1_SCE_IRQHandler
                0x0000000008000f8c                FLASH_IRQHandler
                0x0000000008000f8c                DMA2_Stream4_IRQHandler
                0x0000000008000f8c                USART1_IRQHandler
                0x0000000008000f8c                OTG_FS_IRQHandler
                0x0000000008000f8c                SPI3_IRQHandler
                0x0000000008000f8c                DMA1_Stream4_IRQHandler
                0x0000000008000f8c                I2C1_ER_IRQHandler
                0x0000000008000f8c                FMC_IRQHandler
                0x0000000008000f8c                DMA2_Stream6_IRQHandler
                0x0000000008000f8c                SAI1_IRQHandler
                0x0000000008000f8c                DMA1_Stream3_IRQHandler
 *fill*         0x0000000008000f8e        0x2 
 .text.HAL_Init
                0x0000000008000f90       0x44 ./Drivers/STM32F4xx_HAL_Driver/Src/stm32f4xx_hal.o
                0x0000000008000f90                HAL_Init
 .text.HAL_InitTick
                0x0000000008000fd4       0x60 ./Drivers/STM32F4xx_HAL_Driver/Src/stm32f4xx_hal.o
                0x0000000008000fd4                HAL_InitTick
 .text.HAL_IncTick
                0x0000000008001034       0x28 ./Drivers/STM32F4xx_HAL_Driver/Src/stm32f4xx_hal.o
                0x0000000008001034                HAL_IncTick
 .text.HAL_GetTick
                0x000000000800105c       0x18 ./Drivers/STM32F4xx_HAL_Driver/Src/stm32f4xx_hal.o
                0x000000000800105c                HAL_GetTick
 .text.HAL_Delay
                0x0000000008001074       0x48 ./Drivers/STM32F4xx_HAL_Driver/Src/stm32f4xx_hal.o
                0x0000000008001074                HAL_Delay
 .text.__NVIC_SetPriorityGrouping
                0x00000000080010bc       0x48 ./Drivers/STM32F4xx_HAL_Driver/Src/stm32f4xx_hal_cortex.o
 .text.__NVIC_GetPriorityGrouping
                0x0000000008001104       0x1c ./Drivers/STM32F4xx_HAL_Driver/Src/stm32f4xx_hal_cortex.o
 .text.__NVIC_SetPriority
                0x0000000008001120       0x54 ./Drivers/STM32F4xx_HAL_Driver/Src/stm32f4xx_hal_cortex.o
 .text.NVIC_EncodePriority
                0x0000000008001174       0x66 ./Drivers/STM32F4xx_HAL_Driver/Src/stm32f4xx_hal_cortex.o
 *fill*         0x00000000080011da        0x2 
 .text.SysTick_Config
                0x00000000080011dc       0x44 ./Drivers/STM32F4xx_HAL_Driver/Src/stm32f4xx_hal_cortex.o
 .text.HAL_NVIC_SetPriorityGrouping
                0x0000000008001220       0x16 ./Drivers/STM32F4xx_HAL_Driver/Src/stm32f4xx_hal_cortex.o
                0x0000000008001220                HAL_NVIC_SetPriorityGrouping
 .text.HAL_NVIC_SetPriority
                0x0000000008001236       0x38 ./Drivers/STM32F4xx_HAL_Driver/Src/stm32f4xx_hal_cortex.o
                0x0000000008001236                HAL_NVIC_SetPriority
 .text.HAL_SYSTICK_Config
                0x000000000800126e       0x18 ./Drivers/STM32F4xx_HAL_Driver/Src/stm32f4xx_hal_cortex.o
                0x000000000800126e                HAL_SYSTICK_Config
 *fill*         0x0000000008001286        0x2 
 .text.HAL_GPIO_Init
                0x0000000008001288      0x358 ./Drivers/STM32F4xx_HAL_Driver/Src/stm32f4xx_hal_gpio.o
                0x0000000008001288                HAL_GPIO_Init
 .text.HAL_RCC_OscConfig
                0x00000000080015e0      0x4f0 ./Drivers/STM32F4xx_HAL_Driver/Src/stm32f4xx_hal_rcc.o
                0x00000000080015e0                HAL_RCC_OscConfig
 .text.HAL_RCC_ClockConfig
                0x0000000008001ad0      0x1cc ./Drivers/STM32F4xx_HAL_Driver/Src/stm32f4xx_hal_rcc.o
                0x0000000008001ad0                HAL_RCC_ClockConfig
 .text.HAL_RCC_GetSysClockFreq
                0x0000000008001c9c      0x18c ./Drivers/STM32F4xx_HAL_Driver/Src/stm32f4xx_hal_rcc.o
                0x0000000008001c9c                HAL_RCC_GetSysClockFreq
 .text.HAL_RCC_GetHCLKFreq
                0x0000000008001e28       0x18 ./Drivers/STM32F4xx_HAL_Driver/Src/stm32f4xx_hal_rcc.o
                0x0000000008001e28                HAL_RCC_GetHCLKFreq
 .text.HAL_RCC_GetPCLK1Freq
                0x0000000008001e40       0x28 ./Drivers/STM32F4xx_HAL_Driver/Src/stm32f4xx_hal_rcc.o
                0x0000000008001e40                HAL_RCC_GetPCLK1Freq
 .text.HAL_RCC_GetPCLK2Freq
                0x0000000008001e68       0x28 ./Drivers/STM32F4xx_HAL_Driver/Src/stm32f4xx_hal_rcc.o
                0x0000000008001e68                HAL_RCC_GetPCLK2Freq
 .text.HAL_SD_Init
                0x0000000008001e90       0x60 ./Drivers/STM32F4xx_HAL_Driver/Src/stm32f4xx_hal_sd.o
                0x0000000008001e90                HAL_SD_Init
 .text.HAL_SD_InitCard
                0x0000000008001ef0      0x100 ./Drivers/STM32F4xx_HAL_Driver/Src/stm32f4xx_hal_sd.o
                0x0000000008001ef0                HAL_SD_InitCard
 .text.HAL_SD_ReadBlocks
                0x0000000008001ff0      0x3bc ./Drivers/STM32F4xx_HAL_Driver/Src/stm32f4xx_hal_sd.o
                0x0000000008001ff0                HAL_SD_ReadBlocks
 .text.HAL_SD_WriteBlocks
                0x00000000080023ac      0x30c ./Drivers/STM32F4xx_HAL_Driver/Src/stm32f4xx_hal_sd.o
                0x00000000080023ac                HAL_SD_WriteBlocks
 .text.HAL_SD_GetCardCSD
                0x00000000080026b8      0x348 ./Drivers/STM32F4xx_HAL_Driver/Src/stm32f4xx_hal_sd.o
                0x00000000080026b8                HAL_SD_GetCardCSD
 .text.HAL_SD_GetCardInfo
                0x0000000008002a00       0x58 ./Drivers/STM32F4xx_HAL_Driver/Src/stm32f4xx_hal_sd.o
                0x0000000008002a00                HAL_SD_GetCardInfo
 .text.HAL_SD_ConfigWideBusOperation
                0x0000000008002a58      0x134 ./Drivers/STM32F4xx_HAL_Driver/Src/stm32f4xx_hal_sd.o
                0x0000000008002a58                HAL_SD_ConfigWideBusOperation
 .text.HAL_SD_GetCardState
                0x0000000008002b8c       0x40 ./Drivers/STM32F4xx_HAL_Driver/Src/stm32f4xx_hal_sd.o
                0x0000000008002b8c                HAL_SD_GetCardState
 .text.SD_InitCard
                0x0000000008002bcc      0x19c ./Drivers/STM32F4xx_HAL_Driver/Src/stm32f4xx_hal_sd.o
 .text.SD_PowerON
                0x0000000008002d68      0x11c ./Drivers/STM32F4xx_HAL_Driver/Src/stm32f4xx_hal_sd.o
 .text.SD_SendStatus
                0x0000000008002e84       0x50 ./Drivers/STM32F4xx_HAL_Driver/Src/stm32f4xx_hal_sd.o
 .text.SD_WideBus_Enable
                0x0000000008002ed4       0x96 ./Drivers/STM32F4xx_HAL_Driver/Src/stm32f4xx_hal_sd.o
 .text.SD_WideBus_Disable
                0x0000000008002f6a       0x96 ./Drivers/STM32F4xx_HAL_Driver/Src/stm32f4xx_hal_sd.o
 .text.SD_FindSCR
                0x0000000008003000      0x1a6 ./Drivers/STM32F4xx_HAL_Driver/Src/stm32f4xx_hal_sd.o
 .text.HAL_UART_Init
                0x00000000080031a6       0x9a ./Drivers/STM32F4xx_HAL_Driver/Src/stm32f4xx_hal_uart.o
                0x00000000080031a6                HAL_UART_Init
 .text.HAL_UART_Transmit
                0x0000000008003240      0x124 ./Drivers/STM32F4xx_HAL_Driver/Src/stm32f4xx_hal_uart.o
                0x0000000008003240                HAL_UART_Transmit
 .text.UART_WaitOnFlagUntilTimeout
                0x0000000008003364       0xdc ./Drivers/STM32F4xx_HAL_Driver/Src/stm32f4xx_hal_uart.o
 .text.UART_SetConfig
                0x0000000008003440      0x4e8 ./Drivers/STM32F4xx_HAL_Driver/Src/stm32f4xx_hal_uart.o
 .text.SDIO_Init
                0x0000000008003928       0x56 ./Drivers/STM32F4xx_HAL_Driver/Src/stm32f4xx_ll_sdmmc.o
                0x0000000008003928                SDIO_Init
 .text.SDIO_ReadFIFO
                0x000000000800397e       0x1a ./Drivers/STM32F4xx_HAL_Driver/Src/stm32f4xx_ll_sdmmc.o
                0x000000000800397e                SDIO_ReadFIFO
 .text.SDIO_WriteFIFO
                0x0000000008003998       0x22 ./Drivers/STM32F4xx_HAL_Driver/Src/stm32f4xx_ll_sdmmc.o
                0x0000000008003998                SDIO_WriteFIFO
 .text.SDIO_PowerState_ON
                0x00000000080039ba       0x1c ./Drivers/STM32F4xx_HAL_Driver/Src/stm32f4xx_ll_sdmmc.o
                0x00000000080039ba                SDIO_PowerState_ON
 .text.SDIO_GetPowerState
                0x00000000080039d6       0x1c ./Drivers/STM32F4xx_HAL_Driver/Src/stm32f4xx_ll_sdmmc.o
                0x00000000080039d6                SDIO_GetPowerState
 .text.SDIO_SendCommand
                0x00000000080039f2       0x54 ./Drivers/STM32F4xx_HAL_Driver/Src/stm32f4xx_ll_sdmmc.o
                0x00000000080039f2                SDIO_SendCommand
 .text.SDIO_GetCommandResponse
                0x0000000008003a46       0x1a ./Drivers/STM32F4xx_HAL_Driver/Src/stm32f4xx_ll_sdmmc.o
                0x0000000008003a46                SDIO_GetCommandResponse
 .text.SDIO_GetResponse
                0x0000000008003a60       0x26 ./Drivers/STM32F4xx_HAL_Driver/Src/stm32f4xx_ll_sdmmc.o
                0x0000000008003a60                SDIO_GetResponse
 .text.SDIO_ConfigData
                0x0000000008003a86       0x58 ./Drivers/STM32F4xx_HAL_Driver/Src/stm32f4xx_ll_sdmmc.o
                0x0000000008003a86                SDIO_ConfigData
 .text.SDMMC_CmdBlockLength
                0x0000000008003ade       0x44 ./Drivers/STM32F4xx_HAL_Driver/Src/stm32f4xx_ll_sdmmc.o
                0x0000000008003ade                SDMMC_CmdBlockLength
 .text.SDMMC_CmdReadSingleBlock
                0x0000000008003b22       0x44 ./Drivers/STM32F4xx_HAL_Driver/Src/stm32f4xx_ll_sdmmc.o
                0x0000000008003b22                SDMMC_CmdReadSingleBlock
 .text.SDMMC_CmdReadMultiBlock
                0x0000000008003b66       0x44 ./Drivers/STM32F4xx_HAL_Driver/Src/stm32f4xx_ll_sdmmc.o
                0x0000000008003b66                SDMMC_CmdReadMultiBlock
 .text.SDMMC_CmdWriteSingleBlock
                0x0000000008003baa       0x44 ./Drivers/STM32F4xx_HAL_Driver/Src/stm32f4xx_ll_sdmmc.o
                0x0000000008003baa                SDMMC_CmdWriteSingleBlock
 .text.SDMMC_CmdWriteMultiBlock
                0x0000000008003bee       0x44 ./Drivers/STM32F4xx_HAL_Driver/Src/stm32f4xx_ll_sdmmc.o
                0x0000000008003bee                SDMMC_CmdWriteMultiBlock
 *fill*         0x0000000008003c32        0x2 
 .text.SDMMC_CmdStopTransfer
                0x0000000008003c34       0x44 ./Drivers/STM32F4xx_HAL_Driver/Src/stm32f4xx_ll_sdmmc.o
                0x0000000008003c34                SDMMC_CmdStopTransfer
 .text.SDMMC_CmdSelDesel
                0x0000000008003c78       0x46 ./Drivers/STM32F4xx_HAL_Driver/Src/stm32f4xx_ll_sdmmc.o
                0x0000000008003c78                SDMMC_CmdSelDesel
 .text.SDMMC_CmdGoIdleState
                0x0000000008003cbe       0x3c ./Drivers/STM32F4xx_HAL_Driver/Src/stm32f4xx_ll_sdmmc.o
                0x0000000008003cbe                SDMMC_CmdGoIdleState
 .text.SDMMC_CmdOperCond
                0x0000000008003cfa       0x3e ./Drivers/STM32F4xx_HAL_Driver/Src/stm32f4xx_ll_sdmmc.o
                0x0000000008003cfa                SDMMC_CmdOperCond
 .text.SDMMC_CmdAppCommand
                0x0000000008003d38       0x44 ./Drivers/STM32F4xx_HAL_Driver/Src/stm32f4xx_ll_sdmmc.o
                0x0000000008003d38                SDMMC_CmdAppCommand
 .text.SDMMC_CmdAppOperCommand
                0x0000000008003d7c       0x46 ./Drivers/STM32F4xx_HAL_Driver/Src/stm32f4xx_ll_sdmmc.o
                0x0000000008003d7c                SDMMC_CmdAppOperCommand
 .text.SDMMC_CmdBusWidth
                0x0000000008003dc2       0x44 ./Drivers/STM32F4xx_HAL_Driver/Src/stm32f4xx_ll_sdmmc.o
                0x0000000008003dc2                SDMMC_CmdBusWidth
 .text.SDMMC_CmdSendSCR
                0x0000000008003e06       0x42 ./Drivers/STM32F4xx_HAL_Driver/Src/stm32f4xx_ll_sdmmc.o
                0x0000000008003e06                SDMMC_CmdSendSCR
 .text.SDMMC_CmdSendCID
                0x0000000008003e48       0x3c ./Drivers/STM32F4xx_HAL_Driver/Src/stm32f4xx_ll_sdmmc.o
                0x0000000008003e48                SDMMC_CmdSendCID
 .text.SDMMC_CmdSendCSD
                0x0000000008003e84       0x3e ./Drivers/STM32F4xx_HAL_Driver/Src/stm32f4xx_ll_sdmmc.o
                0x0000000008003e84                SDMMC_CmdSendCSD
 .text.SDMMC_CmdSetRelAdd
                0x0000000008003ec2       0x42 ./Drivers/STM32F4xx_HAL_Driver/Src/stm32f4xx_ll_sdmmc.o
                0x0000000008003ec2                SDMMC_CmdSetRelAdd
 .text.SDMMC_CmdSendStatus
                0x0000000008003f04       0x44 ./Drivers/STM32F4xx_HAL_Driver/Src/stm32f4xx_ll_sdmmc.o
                0x0000000008003f04                SDMMC_CmdSendStatus
 .text.SDMMC_GetCmdResp1
                0x0000000008003f48      0x1dc ./Drivers/STM32F4xx_HAL_Driver/Src/stm32f4xx_ll_sdmmc.o
                0x0000000008003f48                SDMMC_GetCmdResp1
 .text.SDMMC_GetCmdResp2
                0x0000000008004124       0x90 ./Drivers/STM32F4xx_HAL_Driver/Src/stm32f4xx_ll_sdmmc.o
                0x0000000008004124                SDMMC_GetCmdResp2
 .text.SDMMC_GetCmdResp3
                0x00000000080041b4       0x7c ./Drivers/STM32F4xx_HAL_Driver/Src/stm32f4xx_ll_sdmmc.o
                0x00000000080041b4                SDMMC_GetCmdResp3
 .text.SDMMC_GetCmdResp6
                0x0000000008004230       0xec ./Drivers/STM32F4xx_HAL_Driver/Src/stm32f4xx_ll_sdmmc.o
                0x0000000008004230                SDMMC_GetCmdResp6
 .text.SDMMC_GetCmdResp7
                0x000000000800431c       0x9c ./Drivers/STM32F4xx_HAL_Driver/Src/stm32f4xx_ll_sdmmc.o
                0x000000000800431c                SDMMC_GetCmdResp7
 .text.SDMMC_GetCmdError
                0x00000000080043b8       0x58 ./Drivers/STM32F4xx_HAL_Driver/Src/stm32f4xx_ll_sdmmc.o
 .text.MX_FATFS_Init
                0x0000000008004410       0x24 ./FATFS/App/fatfs.o
                0x0000000008004410                MX_FATFS_Init
 .text.get_fattime
                0x0000000008004434       0x10 ./FATFS/App/fatfs.o
                0x0000000008004434                get_fattime
 .text.BSP_SD_Init
                0x0000000008004444       0x4c ./FATFS/Target/bsp_driver_sd.o
                0x0000000008004444                BSP_SD_Init
 .text.BSP_SD_ReadBlocks
                0x0000000008004490       0x3c ./FATFS/Target/bsp_driver_sd.o
                0x0000000008004490                BSP_SD_ReadBlocks
 .text.BSP_SD_WriteBlocks
                0x00000000080044cc       0x3c ./FATFS/Target/bsp_driver_sd.o
                0x00000000080044cc                BSP_SD_WriteBlocks
 .text.BSP_SD_GetCardState
                0x0000000008004508       0x20 ./FATFS/Target/bsp_driver_sd.o
                0x0000000008004508                BSP_SD_GetCardState
 .text.BSP_SD_GetCardInfo
                0x0000000008004528       0x1c ./FATFS/Target/bsp_driver_sd.o
                0x0000000008004528                BSP_SD_GetCardInfo
 .text.BSP_SD_IsDetected
                0x0000000008004544       0x1a ./FATFS/Target/bsp_driver_sd.o
                0x0000000008004544                BSP_SD_IsDetected
 *fill*         0x000000000800455e        0x2 
 .text.SD_CheckStatus
                0x0000000008004560       0x3c ./FATFS/Target/sd_diskio.o
 .text.SD_initialize
                0x000000000800459c       0x3c ./FATFS/Target/sd_diskio.o
                0x000000000800459c                SD_initialize
 .text.SD_status
                0x00000000080045d8       0x1c ./FATFS/Target/sd_diskio.o
                0x00000000080045d8                SD_status
 .text.SD_read  0x00000000080045f4       0x42 ./FATFS/Target/sd_diskio.o
                0x00000000080045f4                SD_read
 .text.SD_write
                0x0000000008004636       0x42 ./FATFS/Target/sd_diskio.o
                0x0000000008004636                SD_write
 .text.SD_ioctl
                0x0000000008004678       0xb0 ./FATFS/Target/sd_diskio.o
                0x0000000008004678                SD_ioctl
 .text.disk_status
                0x0000000008004728       0x34 ./Middlewares/Third_Party/FatFs/src/diskio.o
                0x0000000008004728                disk_status
 .text.disk_initialize
                0x000000000800475c       0x4c ./Middlewares/Third_Party/FatFs/src/diskio.o
                0x000000000800475c                disk_initialize
 .text.disk_read
                0x00000000080047a8       0x40 ./Middlewares/Third_Party/FatFs/src/diskio.o
                0x00000000080047a8                disk_read
 .text.disk_write
                0x00000000080047e8       0x40 ./Middlewares/Third_Party/FatFs/src/diskio.o
                0x00000000080047e8                disk_write
 .text.disk_ioctl
                0x0000000008004828       0x3c ./Middlewares/Third_Party/FatFs/src/diskio.o
                0x0000000008004828                disk_ioctl
 .text.ld_word  0x0000000008004864       0x30 ./Middlewares/Third_Party/FatFs/src/ff.o
 .text.ld_dword
                0x0000000008004894       0x46 ./Middlewares/Third_Party/FatFs/src/ff.o
 .text.st_word  0x00000000080048da       0x36 ./Middlewares/Third_Party/FatFs/src/ff.o
 .text.st_dword
                0x0000000008004910       0x58 ./Middlewares/Third_Party/FatFs/src/ff.o
 .text.mem_cpy  0x0000000008004968       0x42 ./Middlewares/Third_Party/FatFs/src/ff.o
 .text.mem_set  0x00000000080049aa       0x36 ./Middlewares/Third_Party/FatFs/src/ff.o
 .text.mem_cmp  0x00000000080049e0       0x4e ./Middlewares/Third_Party/FatFs/src/ff.o
 .text.chk_chr  0x0000000008004a2e       0x36 ./Middlewares/Third_Party/FatFs/src/ff.o
 .text.chk_lock
                0x0000000008004a64       0xb8 ./Middlewares/Third_Party/FatFs/src/ff.o
 .text.enq_lock
                0x0000000008004b1c       0x44 ./Middlewares/Third_Party/FatFs/src/ff.o
 .text.inc_lock
                0x0000000008004b60      0x11c ./Middlewares/Third_Party/FatFs/src/ff.o
 .text.dec_lock
                0x0000000008004c7c       0x78 ./Middlewares/Third_Party/FatFs/src/ff.o
 .text.clear_lock
                0x0000000008004cf4       0x48 ./Middlewares/Third_Party/FatFs/src/ff.o
 .text.sync_window
                0x0000000008004d3c       0x88 ./Middlewares/Third_Party/FatFs/src/ff.o
 .text.move_window
                0x0000000008004dc4       0x5a ./Middlewares/Third_Party/FatFs/src/ff.o
 *fill*         0x0000000008004e1e        0x2 
 .text.sync_fs  0x0000000008004e20       0xdc ./Middlewares/Third_Party/FatFs/src/ff.o
 .text.clust2sect
                0x0000000008004efc       0x3e ./Middlewares/Third_Party/FatFs/src/ff.o
 .text.get_fat  0x0000000008004f3a      0x150 ./Middlewares/Third_Party/FatFs/src/ff.o
 .text.put_fat  0x000000000800508a      0x1d8 ./Middlewares/Third_Party/FatFs/src/ff.o
 .text.remove_chain
                0x0000000008005262       0xca ./Middlewares/Third_Party/FatFs/src/ff.o
 .text.create_chain
                0x000000000800532c      0x130 ./Middlewares/Third_Party/FatFs/src/ff.o
 .text.clmt_clust
                0x000000000800545c       0x68 ./Middlewares/Third_Party/FatFs/src/ff.o
 .text.dir_sdi  0x00000000080054c4       0xf6 ./Middlewares/Third_Party/FatFs/src/ff.o
 .text.dir_next
                0x00000000080055ba      0x18a ./Middlewares/Third_Party/FatFs/src/ff.o
 .text.dir_alloc
                0x0000000008005744       0x8e ./Middlewares/Third_Party/FatFs/src/ff.o
 .text.ld_clust
                0x00000000080057d2       0x3e ./Middlewares/Third_Party/FatFs/src/ff.o
 .text.st_clust
                0x0000000008005810       0x40 ./Middlewares/Third_Party/FatFs/src/ff.o
 .text.dir_read
                0x0000000008005850       0xba ./Middlewares/Third_Party/FatFs/src/ff.o
 .text.dir_find
                0x000000000800590a       0xaa ./Middlewares/Third_Party/FatFs/src/ff.o
 .text.dir_register
                0x00000000080059b4       0x64 ./Middlewares/Third_Party/FatFs/src/ff.o
 .text.dir_remove
                0x0000000008005a18       0x3c ./Middlewares/Third_Party/FatFs/src/ff.o
 .text.get_fileinfo
                0x0000000008005a54       0xbe ./Middlewares/Third_Party/FatFs/src/ff.o
 *fill*         0x0000000008005b12        0x2 
 .text.create_name
                0x0000000008005b14      0x128 ./Middlewares/Third_Party/FatFs/src/ff.o
 .text.follow_path
                0x0000000008005c3c       0xe2 ./Middlewares/Third_Party/FatFs/src/ff.o
 .text.get_ldnumber
                0x0000000008005d1e       0x88 ./Middlewares/Third_Party/FatFs/src/ff.o
 *fill*         0x0000000008005da6        0x2 
 .text.check_fs
                0x0000000008005da8       0xac ./Middlewares/Third_Party/FatFs/src/ff.o
 .text.find_volume
                0x0000000008005e54      0x498 ./Middlewares/Third_Party/FatFs/src/ff.o
 .text.validate
                0x00000000080062ec       0x6a ./Middlewares/Third_Party/FatFs/src/ff.o
 *fill*         0x0000000008006356        0x2 
 .text.f_mount  0x0000000008006358       0x8c ./Middlewares/Third_Party/FatFs/src/ff.o
                0x0000000008006358                f_mount
 .text.f_open   0x00000000080063e4      0x37c ./Middlewares/Third_Party/FatFs/src/ff.o
                0x00000000080063e4                f_open
 .text.f_write  0x0000000008006760      0x2ea ./Middlewares/Third_Party/FatFs/src/ff.o
                0x0000000008006760                f_write
 .text.f_sync   0x0000000008006a4a       0xfc ./Middlewares/Third_Party/FatFs/src/ff.o
                0x0000000008006a4a                f_sync
 .text.f_close  0x0000000008006b46       0x54 ./Middlewares/Third_Party/FatFs/src/ff.o
                0x0000000008006b46                f_close
 .text.f_opendir
                0x0000000008006b9a       0xe6 ./Middlewares/Third_Party/FatFs/src/ff.o
                0x0000000008006b9a                f_opendir
 .text.f_closedir
                0x0000000008006c80       0x4c ./Middlewares/Third_Party/FatFs/src/ff.o
                0x0000000008006c80                f_closedir
 .text.f_readdir
                0x0000000008006ccc       0x7a ./Middlewares/Third_Party/FatFs/src/ff.o
                0x0000000008006ccc                f_readdir
 .text.f_stat   0x0000000008006d46       0x72 ./Middlewares/Third_Party/FatFs/src/ff.o
                0x0000000008006d46                f_stat
 .text.f_unlink
                0x0000000008006db8      0x156 ./Middlewares/Third_Party/FatFs/src/ff.o
                0x0000000008006db8                f_unlink
 *fill*         0x0000000008006f0e        0x2 
 .text.FATFS_LinkDriverEx
                0x0000000008006f10       0x98 ./Middlewares/Third_Party/FatFs/src/ff_gen_drv.o
                0x0000000008006f10                FATFS_LinkDriverEx
 .text.FATFS_LinkDriver
                0x0000000008006fa8       0x1e ./Middlewares/Third_Party/FatFs/src/ff_gen_drv.o
                0x0000000008006fa8                FATFS_LinkDriver
 *fill*         0x0000000008006fc6        0x2 
 .text.__errno  0x0000000008006fc8        0xc c:/st/stm32cubeide_1.7.0/stm32cubeide/plugins/com.st.stm32cube.ide.mcu.externaltools.gnu-tools-for-stm32.10.3-2021.10.win32_1.0.0.202111181127/tools/bin/../lib/gcc/arm-none-eabi/10.3.1/../../../../arm-none-eabi/lib/thumb/v7e-m+fp/hard\libc_nano.a(lib_a-errno.o)
                0x0000000008006fc8                __errno
 .text.__libc_init_array
                0x0000000008006fd4       0x48 c:/st/stm32cubeide_1.7.0/stm32cubeide/plugins/com.st.stm32cube.ide.mcu.externaltools.gnu-tools-for-stm32.10.3-2021.10.win32_1.0.0.202111181127/tools/bin/../lib/gcc/arm-none-eabi/10.3.1/../../../../arm-none-eabi/lib/thumb/v7e-m+fp/hard\libc_nano.a(lib_a-init.o)
                0x0000000008006fd4                __libc_init_array
 .text.malloc   0x000000000800701c       0x10 c:/st/stm32cubeide_1.7.0/stm32cubeide/plugins/com.st.stm32cube.ide.mcu.externaltools.gnu-tools-for-stm32.10.3-2021.10.win32_1.0.0.202111181127/tools/bin/../lib/gcc/arm-none-eabi/10.3.1/../../../../arm-none-eabi/lib/thumb/v7e-m+fp/hard\libc_nano.a(lib_a-malloc.o)
                0x000000000800701c                malloc
 .text.free     0x000000000800702c       0x10 c:/st/stm32cubeide_1.7.0/stm32cubeide/plugins/com.st.stm32cube.ide.mcu.externaltools.gnu-tools-for-stm32.10.3-2021.10.win32_1.0.0.202111181127/tools/bin/../lib/gcc/arm-none-eabi/10.3.1/../../../../arm-none-eabi/lib/thumb/v7e-m+fp/hard\libc_nano.a(lib_a-malloc.o)
                0x000000000800702c                free
 .text.memset   0x000000000800703c       0x10 c:/st/stm32cubeide_1.7.0/stm32cubeide/plugins/com.st.stm32cube.ide.mcu.externaltools.gnu-tools-for-stm32.10.3-2021.10.win32_1.0.0.202111181127/tools/bin/../lib/gcc/arm-none-eabi/10.3.1/../../../../arm-none-eabi/lib/thumb/v7e-m+fp/hard\libc_nano.a(lib_a-memset.o)
                0x000000000800703c                memset
 .text._free_r  0x000000000800704c       0x98 c:/st/stm32cubeide_1.7.0/stm32cubeide/plugins/com.st.stm32cube.ide.mcu.externaltools.gnu-tools-for-stm32.10.3-2021.10.win32_1.0.0.202111181127/tools/bin/../lib/gcc/arm-none-eabi/10.3.1/../../../../arm-none-eabi/lib/thumb/v7e-m+fp/hard\libc_nano.a(lib_a-nano-freer.o)
                0x000000000800704c                _free_r
 .text.sbrk_aligned
                0x00000000080070e4       0x40 c:/st/stm32cubeide_1.7.0/stm32cubeide/plugins/com.st.stm32cube.ide.mcu.externaltools.gnu-tools-for-stm32.10.3-2021.10.win32_1.0.0.202111181127/tools/bin/../lib/gcc/arm-none-eabi/10.3.1/../../../../arm-none-eabi/lib/thumb/v7e-m+fp/hard\libc_nano.a(lib_a-nano-mallocr.o)
 .text._malloc_r
                0x0000000008007124       0xe8 c:/st/stm32cubeide_1.7.0/stm32cubeide/plugins/com.st.stm32cube.ide.mcu.externaltools.gnu-tools-for-stm32.10.3-2021.10.win32_1.0.0.202111181127/tools/bin/../lib/gcc/arm-none-eabi/10.3.1/../../../../arm-none-eabi/lib/thumb/v7e-m+fp/hard\libc_nano.a(lib_a-nano-mallocr.o)
                0x0000000008007124                _malloc_r
 .text._sbrk_r  0x000000000800720c       0x20 c:/st/stm32cubeide_1.7.0/stm32cubeide/plugins/com.st.stm32cube.ide.mcu.externaltools.gnu-tools-for-stm32.10.3-2021.10.win32_1.0.0.202111181127/tools/bin/../lib/gcc/arm-none-eabi/10.3.1/../../../../arm-none-eabi/lib/thumb/v7e-m+fp/hard\libc_nano.a(lib_a-sbrkr.o)
                0x000000000800720c                _sbrk_r
 .text.sprintf  0x000000000800722c       0x40 c:/st/stm32cubeide_1.7.0/stm32cubeide/plugins/com.st.stm32cube.ide.mcu.externaltools.gnu-tools-for-stm32.10.3-2021.10.win32_1.0.0.202111181127/tools/bin/../lib/gcc/arm-none-eabi/10.3.1/../../../../arm-none-eabi/lib/thumb/v7e-m+fp/hard\libc_nano.a(lib_a-sprintf.o)
                0x000000000800722c                siprintf
                0x000000000800722c                sprintf
 .text.__malloc_lock
                0x000000000800726c        0xc c:/st/stm32cubeide_1.7.0/stm32cubeide/plugins/com.st.stm32cube.ide.mcu.externaltools.gnu-tools-for-stm32.10.3-2021.10.win32_1.0.0.202111181127/tools/bin/../lib/gcc/arm-none-eabi/10.3.1/../../../../arm-none-eabi/lib/thumb/v7e-m+fp/hard\libc_nano.a(lib_a-mlock.o)
                0x000000000800726c                __malloc_lock
 .text.__malloc_unlock
                0x0000000008007278        0xc c:/st/stm32cubeide_1.7.0/stm32cubeide/plugins/com.st.stm32cube.ide.mcu.externaltools.gnu-tools-for-stm32.10.3-2021.10.win32_1.0.0.202111181127/tools/bin/../lib/gcc/arm-none-eabi/10.3.1/../../../../arm-none-eabi/lib/thumb/v7e-m+fp/hard\libc_nano.a(lib_a-mlock.o)
                0x0000000008007278                __malloc_unlock
 .text.__ssputs_r
                0x0000000008007284       0xb6 c:/st/stm32cubeide_1.7.0/stm32cubeide/plugins/com.st.stm32cube.ide.mcu.externaltools.gnu-tools-for-stm32.10.3-2021.10.win32_1.0.0.202111181127/tools/bin/../lib/gcc/arm-none-eabi/10.3.1/../../../../arm-none-eabi/lib/thumb/v7e-m+fp/hard\libc_nano.a(lib_a-nano-svfprintf.o)
                0x0000000008007284                __ssputs_r
 *fill*         0x000000000800733a        0x2 
 .text._svfprintf_r
                0x000000000800733c      0x200 c:/st/stm32cubeide_1.7.0/stm32cubeide/plugins/com.st.stm32cube.ide.mcu.externaltools.gnu-tools-for-stm32.10.3-2021.10.win32_1.0.0.202111181127/tools/bin/../lib/gcc/arm-none-eabi/10.3.1/../../../../arm-none-eabi/lib/thumb/v7e-m+fp/hard\libc_nano.a(lib_a-nano-svfprintf.o)
                0x000000000800733c                _svfiprintf_r
                0x000000000800733c                _svfprintf_r
 .text._printf_common
                0x000000000800753c       0xda c:/st/stm32cubeide_1.7.0/stm32cubeide/plugins/com.st.stm32cube.ide.mcu.externaltools.gnu-tools-for-stm32.10.3-2021.10.win32_1.0.0.202111181127/tools/bin/../lib/gcc/arm-none-eabi/10.3.1/../../../../arm-none-eabi/lib/thumb/v7e-m+fp/hard\libc_nano.a(lib_a-nano-vfprintf_i.o)
                0x000000000800753c                _printf_common
 *fill*         0x0000000008007616        0x2 
 .text._printf_i
                0x0000000008007618      0x24c c:/st/stm32cubeide_1.7.0/stm32cubeide/plugins/com.st.stm32cube.ide.mcu.externaltools.gnu-tools-for-stm32.10.3-2021.10.win32_1.0.0.202111181127/tools/bin/../lib/gcc/arm-none-eabi/10.3.1/../../../../arm-none-eabi/lib/thumb/v7e-m+fp/hard\libc_nano.a(lib_a-nano-vfprintf_i.o)
                0x0000000008007618                _printf_i
 .text.__retarget_lock_acquire_recursive
                0x0000000008007864        0x2 c:/st/stm32cubeide_1.7.0/stm32cubeide/plugins/com.st.stm32cube.ide.mcu.externaltools.gnu-tools-for-stm32.10.3-2021.10.win32_1.0.0.202111181127/tools/bin/../lib/gcc/arm-none-eabi/10.3.1/../../../../arm-none-eabi/lib/thumb/v7e-m+fp/hard\libc_nano.a(lib_a-lock.o)
                0x0000000008007864                __retarget_lock_acquire_recursive
 .text.__retarget_lock_release_recursive
                0x0000000008007866        0x2 c:/st/stm32cubeide_1.7.0/stm32cubeide/plugins/com.st.stm32cube.ide.mcu.externaltools.gnu-tools-for-stm32.10.3-2021.10.win32_1.0.0.202111181127/tools/bin/../lib/gcc/arm-none-eabi/10.3.1/../../../../arm-none-eabi/lib/thumb/v7e-m+fp/hard\libc_nano.a(lib_a-lock.o)
                0x0000000008007866                __retarget_lock_release_recursive
 .text.memcpy   0x0000000008007868       0x1c c:/st/stm32cubeide_1.7.0/stm32cubeide/plugins/com.st.stm32cube.ide.mcu.externaltools.gnu-tools-for-stm32.10.3-2021.10.win32_1.0.0.202111181127/tools/bin/../lib/gcc/arm-none-eabi/10.3.1/../../../../arm-none-eabi/lib/thumb/v7e-m+fp/hard\libc_nano.a(lib_a-memcpy-stub.o)
                0x0000000008007868                memcpy
 .text.memmove  0x0000000008007884       0x34 c:/st/stm32cubeide_1.7.0/stm32cubeide/plugins/com.st.stm32cube.ide.mcu.externaltools.gnu-tools-for-stm32.10.3-2021.10.win32_1.0.0.202111181127/tools/bin/../lib/gcc/arm-none-eabi/10.3.1/../../../../arm-none-eabi/lib/thumb/v7e-m+fp/hard\libc_nano.a(lib_a-memmove.o)
                0x0000000008007884                memmove
 .text._realloc_r
                0x00000000080078b8       0x5e c:/st/stm32cubeide_1.7.0/stm32cubeide/plugins/com.st.stm32cube.ide.mcu.externaltools.gnu-tools-for-stm32.10.3-2021.10.win32_1.0.0.202111181127/tools/bin/../lib/gcc/arm-none-eabi/10.3.1/../../../../arm-none-eabi/lib/thumb/v7e-m+fp/hard\libc_nano.a(lib_a-nano-reallocr.o)
                0x00000000080078b8                _realloc_r
 .text._malloc_usable_size_r
                0x0000000008007916       0x10 c:/st/stm32cubeide_1.7.0/stm32cubeide/plugins/com.st.stm32cube.ide.mcu.externaltools.gnu-tools-for-stm32.10.3-2021.10.win32_1.0.0.202111181127/tools/bin/../lib/gcc/arm-none-eabi/10.3.1/../../../../arm-none-eabi/lib/thumb/v7e-m+fp/hard\libc_nano.a(lib_a-nano-msizer.o)
                0x0000000008007916                _malloc_usable_size_r
 *(.glue_7)
 .glue_7        0x0000000008007926        0x0 linker stubs
 *(.glue_7t)
 .glue_7t       0x0000000008007926        0x0 linker stubs
 *(.eh_frame)
 *fill*         0x0000000008007926        0x2 
 .eh_frame      0x0000000008007928        0x0 c:/st/stm32cubeide_1.7.0/stm32cubeide/plugins/com.st.stm32cube.ide.mcu.externaltools.gnu-tools-for-stm32.10.3-2021.10.win32_1.0.0.202111181127/tools/bin/../lib/gcc/arm-none-eabi/10.3.1/thumb/v7e-m+fp/hard/crtbegin.o
 *(.init)
 .init          0x0000000008007928        0x4 c:/st/stm32cubeide_1.7.0/stm32cubeide/plugins/com.st.stm32cube.ide.mcu.externaltools.gnu-tools-for-stm32.10.3-2021.10.win32_1.0.0.202111181127/tools/bin/../lib/gcc/arm-none-eabi/10.3.1/thumb/v7e-m+fp/hard/crti.o
                0x0000000008007928                _init
 .init          0x000000000800792c        0x8 c:/st/stm32cubeide_1.7.0/stm32cubeide/plugins/com.st.stm32cube.ide.mcu.externaltools.gnu-tools-for-stm32.10.3-2021.10.win32_1.0.0.202111181127/tools/bin/../lib/gcc/arm-none-eabi/10.3.1/thumb/v7e-m+fp/hard/crtn.o
 *(.fini)
 .fini          0x0000000008007934        0x4 c:/st/stm32cubeide_1.7.0/stm32cubeide/plugins/com.st.stm32cube.ide.mcu.externaltools.gnu-tools-for-stm32.10.3-2021.10.win32_1.0.0.202111181127/tools/bin/../lib/gcc/arm-none-eabi/10.3.1/thumb/v7e-m+fp/hard/crti.o
                0x0000000008007934                _fini
 .fini          0x0000000008007938        0x8 c:/st/stm32cubeide_1.7.0/stm32cubeide/plugins/com.st.stm32cube.ide.mcu.externaltools.gnu-tools-for-stm32.10.3-2021.10.win32_1.0.0.202111181127/tools/bin/../lib/gcc/arm-none-eabi/10.3.1/thumb/v7e-m+fp/hard/crtn.o
                0x0000000008007940                . = ALIGN (0x4)
                0x0000000008007940                _etext = .

.vfp11_veneer   0x0000000008007940        0x0
 .vfp11_veneer  0x0000000008007940        0x0 linker stubs

.v4_bx          0x0000000008007940        0x0
 .v4_bx         0x0000000008007940        0x0 linker stubs

.iplt           0x0000000008007940        0x0
 .iplt          0x0000000008007940        0x0 c:/st/stm32cubeide_1.7.0/stm32cubeide/plugins/com.st.stm32cube.ide.mcu.externaltools.gnu-tools-for-stm32.10.3-2021.10.win32_1.0.0.202111181127/tools/bin/../lib/gcc/arm-none-eabi/10.3.1/thumb/v7e-m+fp/hard/crtbegin.o

.rodata         0x0000000008007940      0x578
                0x0000000008007940                . = ALIGN (0x4)
 *(.rodata)
 .rodata        0x0000000008007940      0x416 ./Core/Src/File_Handling.o
 *fill*         0x0000000008007d56        0x2 
 .rodata        0x0000000008007d58       0x3b ./Core/Src/main.o
 *fill*         0x0000000008007d93        0x1 
 .rodata        0x0000000008007d94       0x44 ./Middlewares/Third_Party/FatFs/src/ff.o
 *(.rodata*)
 .rodata.AHBPrescTable
                0x0000000008007dd8       0x10 ./Core/Src/system_stm32f4xx.o
                0x0000000008007dd8                AHBPrescTable
 .rodata.APBPrescTable
                0x0000000008007de8        0x8 ./Core/Src/system_stm32f4xx.o
                0x0000000008007de8                APBPrescTable
 .rodata.SD_Driver
                0x0000000008007df0       0x14 ./FATFS/Target/sd_diskio.o
                0x0000000008007df0                SD_Driver
 .rodata.ExCvt  0x0000000008007e04       0x80 ./Middlewares/Third_Party/FatFs/src/ff.o
 .rodata._svfprintf_r.str1.1
                0x0000000008007e84       0x11 c:/st/stm32cubeide_1.7.0/stm32cubeide/plugins/com.st.stm32cube.ide.mcu.externaltools.gnu-tools-for-stm32.10.3-2021.10.win32_1.0.0.202111181127/tools/bin/../lib/gcc/arm-none-eabi/10.3.1/../../../../arm-none-eabi/lib/thumb/v7e-m+fp/hard\libc_nano.a(lib_a-nano-svfprintf.o)
 .rodata._printf_i.str1.1
                0x0000000008007e95       0x22 c:/st/stm32cubeide_1.7.0/stm32cubeide/plugins/com.st.stm32cube.ide.mcu.externaltools.gnu-tools-for-stm32.10.3-2021.10.win32_1.0.0.202111181127/tools/bin/../lib/gcc/arm-none-eabi/10.3.1/../../../../arm-none-eabi/lib/thumb/v7e-m+fp/hard\libc_nano.a(lib_a-nano-vfprintf_i.o)
                0x0000000008007eb8                . = ALIGN (0x4)
 *fill*         0x0000000008007eb7        0x1 

.ARM.extab      0x0000000008007eb8        0x0
                0x0000000008007eb8                . = ALIGN (0x4)
 *(.ARM.extab* .gnu.linkonce.armextab.*)
                0x0000000008007eb8                . = ALIGN (0x4)

.ARM            0x0000000008007eb8        0x8
                0x0000000008007eb8                . = ALIGN (0x4)
                0x0000000008007eb8                __exidx_start = .
 *(.ARM.exidx*)
 .ARM.exidx     0x0000000008007eb8        0x8 c:/st/stm32cubeide_1.7.0/stm32cubeide/plugins/com.st.stm32cube.ide.mcu.externaltools.gnu-tools-for-stm32.10.3-2021.10.win32_1.0.0.202111181127/tools/bin/../lib/gcc/arm-none-eabi/10.3.1/thumb/v7e-m+fp/hard\libgcc.a(_udivmoddi4.o)
                0x0000000008007ec0                __exidx_end = .
                0x0000000008007ec0                . = ALIGN (0x4)

.rel.dyn        0x0000000008007ec0        0x0
 .rel.iplt      0x0000000008007ec0        0x0 c:/st/stm32cubeide_1.7.0/stm32cubeide/plugins/com.st.stm32cube.ide.mcu.externaltools.gnu-tools-for-stm32.10.3-2021.10.win32_1.0.0.202111181127/tools/bin/../lib/gcc/arm-none-eabi/10.3.1/thumb/v7e-m+fp/hard/crtbegin.o

.preinit_array  0x0000000008007ec0        0x0
                0x0000000008007ec0                . = ALIGN (0x4)
                0x0000000008007ec0                PROVIDE (__preinit_array_start = .)
 *(.preinit_array*)
                0x0000000008007ec0                PROVIDE (__preinit_array_end = .)
                0x0000000008007ec0                . = ALIGN (0x4)

.init_array     0x0000000008007ec0        0x4
                0x0000000008007ec0                . = ALIGN (0x4)
                0x0000000008007ec0                PROVIDE (__init_array_start = .)
 *(SORT_BY_NAME(.init_array.*))
 *(.init_array*)
 .init_array    0x0000000008007ec0        0x4 c:/st/stm32cubeide_1.7.0/stm32cubeide/plugins/com.st.stm32cube.ide.mcu.externaltools.gnu-tools-for-stm32.10.3-2021.10.win32_1.0.0.202111181127/tools/bin/../lib/gcc/arm-none-eabi/10.3.1/thumb/v7e-m+fp/hard/crtbegin.o
                0x0000000008007ec4                PROVIDE (__init_array_end = .)
                0x0000000008007ec4                . = ALIGN (0x4)

.fini_array     0x0000000008007ec4        0x4
                0x0000000008007ec4                . = ALIGN (0x4)
                [!provide]                        PROVIDE (__fini_array_start = .)
 *(SORT_BY_NAME(.fini_array.*))
 *(.fini_array*)
 .fini_array    0x0000000008007ec4        0x4 c:/st/stm32cubeide_1.7.0/stm32cubeide/plugins/com.st.stm32cube.ide.mcu.externaltools.gnu-tools-for-stm32.10.3-2021.10.win32_1.0.0.202111181127/tools/bin/../lib/gcc/arm-none-eabi/10.3.1/thumb/v7e-m+fp/hard/crtbegin.o
                [!provide]                        PROVIDE (__fini_array_end = .)
                0x0000000008007ec8                . = ALIGN (0x4)
                0x0000000008007ec8                _sidata = LOADADDR (.data)

.data           0x0000000020000000       0x70 load address 0x0000000008007ec8
                0x0000000020000000                . = ALIGN (0x4)
                0x0000000020000000                _sdata = .
 *(.data)
 *(.data*)
 .data.SystemCoreClock
                0x0000000020000000        0x4 ./Core/Src/system_stm32f4xx.o
                0x0000000020000000                SystemCoreClock
 .data.uwTickPrio
                0x0000000020000004        0x4 ./Drivers/STM32F4xx_HAL_Driver/Src/stm32f4xx_hal.o
                0x0000000020000004                uwTickPrio
 .data.uwTickFreq
                0x0000000020000008        0x1 ./Drivers/STM32F4xx_HAL_Driver/Src/stm32f4xx_hal.o
                0x0000000020000008                uwTickFreq
 .data.Stat     0x0000000020000009        0x1 ./FATFS/Target/sd_diskio.o
 *fill*         0x000000002000000a        0x2 
 .data._impure_ptr
                0x000000002000000c        0x4 c:/st/stm32cubeide_1.7.0/stm32cubeide/plugins/com.st.stm32cube.ide.mcu.externaltools.gnu-tools-for-stm32.10.3-2021.10.win32_1.0.0.202111181127/tools/bin/../lib/gcc/arm-none-eabi/10.3.1/../../../../arm-none-eabi/lib/thumb/v7e-m+fp/hard\libc_nano.a(lib_a-impure.o)
                0x000000002000000c                _impure_ptr
 .data.impure_data
                0x0000000020000010       0x60 c:/st/stm32cubeide_1.7.0/stm32cubeide/plugins/com.st.stm32cube.ide.mcu.externaltools.gnu-tools-for-stm32.10.3-2021.10.win32_1.0.0.202111181127/tools/bin/../lib/gcc/arm-none-eabi/10.3.1/../../../../arm-none-eabi/lib/thumb/v7e-m+fp/hard\libc_nano.a(lib_a-impure.o)
 *(.RamFunc)
 *(.RamFunc*)
                0x0000000020000070                . = ALIGN (0x4)
                0x0000000020000070                _edata = .
                0x0000000008007f38                _siccmram = LOADADDR (.ccmram)

.igot.plt       0x0000000020000070        0x0 load address 0x0000000008007f38
 .igot.plt      0x0000000020000070        0x0 c:/st/stm32cubeide_1.7.0/stm32cubeide/plugins/com.st.stm32cube.ide.mcu.externaltools.gnu-tools-for-stm32.10.3-2021.10.win32_1.0.0.202111181127/tools/bin/../lib/gcc/arm-none-eabi/10.3.1/thumb/v7e-m+fp/hard/crtbegin.o

.ccmram         0x0000000010000000        0x0 load address 0x0000000008007f38
                0x0000000010000000                . = ALIGN (0x4)
                0x0000000010000000                _sccmram = .
 *(.ccmram)
 *(.ccmram*)
                0x0000000010000000                . = ALIGN (0x4)
                0x0000000010000000                _eccmram = .
                0x0000000010000000                . = ALIGN (0x4)

.bss            0x0000000020000070      0x620
                0x0000000020000070                _sbss = .
                0x0000000020000070                __bss_start__ = _sbss
 *(.bss)
 .bss           0x0000000020000070       0x1c c:/st/stm32cubeide_1.7.0/stm32cubeide/plugins/com.st.stm32cube.ide.mcu.externaltools.gnu-tools-for-stm32.10.3-2021.10.win32_1.0.0.202111181127/tools/bin/../lib/gcc/arm-none-eabi/10.3.1/thumb/v7e-m+fp/hard/crtbegin.o
 *(.bss*)
 .bss.fs        0x000000002000008c      0x230 ./Core/Src/File_Handling.o
                0x000000002000008c                fs
 .bss.fil       0x00000000200002bc      0x230 ./Core/Src/File_Handling.o
                0x00000000200002bc                fil
 .bss.fno       0x00000000200004ec       0x18 ./Core/Src/File_Handling.o
                0x00000000200004ec                fno
 .bss.fresult   0x0000000020000504        0x1 ./Core/Src/File_Handling.o
                0x0000000020000504                fresult
 *fill*         0x0000000020000505        0x3 
 .bss.bw        0x0000000020000508        0x4 ./Core/Src/File_Handling.o
                0x0000000020000508                bw
 .bss.hsd       0x000000002000050c       0x84 ./Core/Src/main.o
                0x000000002000050c                hsd
 .bss.huart8    0x0000000020000590       0x44 ./Core/Src/main.o
                0x0000000020000590                huart8
 .bss.buffer    0x00000000200005d4       0x64 ./Core/Src/main.o
                0x00000000200005d4                buffer
 .bss.indx      0x0000000020000638        0x4 ./Core/Src/main.o
                0x0000000020000638                indx
 .bss.__sbrk_heap_end
                0x000000002000063c        0x4 ./Core/Src/sysmem.o
 .bss.uwTick    0x0000000020000640        0x4 ./Drivers/STM32F4xx_HAL_Driver/Src/stm32f4xx_hal.o
                0x0000000020000640                uwTick
 .bss.retSD     0x0000000020000644        0x1 ./FATFS/App/fatfs.o
                0x0000000020000644                retSD
 *fill*         0x0000000020000645        0x3 
 .bss.SDPath    0x0000000020000648        0x4 ./FATFS/App/fatfs.o
                0x0000000020000648                SDPath
 .bss.FatFs     0x000000002000064c        0x4 ./Middlewares/Third_Party/FatFs/src/ff.o
 .bss.Fsid      0x0000000020000650        0x2 ./Middlewares/Third_Party/FatFs/src/ff.o
 *fill*         0x0000000020000652        0x2 
 .bss.Files     0x0000000020000654       0x20 ./Middlewares/Third_Party/FatFs/src/ff.o
 .bss.disk      0x0000000020000674        0xc ./Middlewares/Third_Party/FatFs/src/ff_gen_drv.o
                0x0000000020000674                disk
 .bss.__malloc_free_list
                0x0000000020000680        0x4 c:/st/stm32cubeide_1.7.0/stm32cubeide/plugins/com.st.stm32cube.ide.mcu.externaltools.gnu-tools-for-stm32.10.3-2021.10.win32_1.0.0.202111181127/tools/bin/../lib/gcc/arm-none-eabi/10.3.1/../../../../arm-none-eabi/lib/thumb/v7e-m+fp/hard\libc_nano.a(lib_a-nano-mallocr.o)
                0x0000000020000680                __malloc_free_list
 .bss.__malloc_sbrk_start
                0x0000000020000684        0x4 c:/st/stm32cubeide_1.7.0/stm32cubeide/plugins/com.st.stm32cube.ide.mcu.externaltools.gnu-tools-for-stm32.10.3-2021.10.win32_1.0.0.202111181127/tools/bin/../lib/gcc/arm-none-eabi/10.3.1/../../../../arm-none-eabi/lib/thumb/v7e-m+fp/hard\libc_nano.a(lib_a-nano-mallocr.o)
                0x0000000020000684                __malloc_sbrk_start
 .bss.errno     0x0000000020000688        0x4 c:/st/stm32cubeide_1.7.0/stm32cubeide/plugins/com.st.stm32cube.ide.mcu.externaltools.gnu-tools-for-stm32.10.3-2021.10.win32_1.0.0.202111181127/tools/bin/../lib/gcc/arm-none-eabi/10.3.1/../../../../arm-none-eabi/lib/thumb/v7e-m+fp/hard\libc_nano.a(lib_a-reent.o)
                0x0000000020000688                errno
 .bss.__lock___malloc_recursive_mutex
                0x000000002000068c        0x1 c:/st/stm32cubeide_1.7.0/stm32cubeide/plugins/com.st.stm32cube.ide.mcu.externaltools.gnu-tools-for-stm32.10.3-2021.10.win32_1.0.0.202111181127/tools/bin/../lib/gcc/arm-none-eabi/10.3.1/../../../../arm-none-eabi/lib/thumb/v7e-m+fp/hard\libc_nano.a(lib_a-lock.o)
                0x000000002000068c                __lock___malloc_recursive_mutex
 *(COMMON)
                0x0000000020000690                . = ALIGN (0x4)
 *fill*         0x000000002000068d        0x3 
                0x0000000020000690                _ebss = .
                0x0000000020000690                __bss_end__ = _ebss

._user_heap_stack
                0x0000000020000690      0x600
                0x0000000020000690                . = ALIGN (0x8)
                [!provide]                        PROVIDE (end = .)
                0x0000000020000690                PROVIDE (_end = .)
                0x0000000020000890                . = (. + _Min_Heap_Size)
 *fill*         0x0000000020000690      0x200 
                0x0000000020000c90                . = (. + _Min_Stack_Size)
 *fill*         0x0000000020000890      0x400 
                0x0000000020000c90                . = ALIGN (0x8)

/DISCARD/
 libc.a(*)
 libm.a(*)
 libgcc.a(*)

.ARM.attributes
                0x0000000000000000       0x30
 *(.ARM.attributes)
 .ARM.attributes
                0x0000000000000000       0x1e c:/st/stm32cubeide_1.7.0/stm32cubeide/plugins/com.st.stm32cube.ide.mcu.externaltools.gnu-tools-for-stm32.10.3-2021.10.win32_1.0.0.202111181127/tools/bin/../lib/gcc/arm-none-eabi/10.3.1/thumb/v7e-m+fp/hard/crti.o
 .ARM.attributes
                0x000000000000001e       0x34 c:/st/stm32cubeide_1.7.0/stm32cubeide/plugins/com.st.stm32cube.ide.mcu.externaltools.gnu-tools-for-stm32.10.3-2021.10.win32_1.0.0.202111181127/tools/bin/../lib/gcc/arm-none-eabi/10.3.1/thumb/v7e-m+fp/hard/crtbegin.o
 .ARM.attributes
                0x0000000000000052       0x34 ./Core/Src/File_Handling.o
 .ARM.attributes
                0x0000000000000086       0x34 ./Core/Src/main.o
 .ARM.attributes
                0x00000000000000ba       0x34 ./Core/Src/stm32f4xx_hal_msp.o
 .ARM.attributes
                0x00000000000000ee       0x34 ./Core/Src/stm32f4xx_it.o
 .ARM.attributes
                0x0000000000000122       0x34 ./Core/Src/sysmem.o
 .ARM.attributes
                0x0000000000000156       0x34 ./Core/Src/system_stm32f4xx.o
 .ARM.attributes
                0x000000000000018a       0x21 ./Core/Startup/startup_stm32f427vitx.o
 .ARM.attributes
                0x00000000000001ab       0x34 ./Drivers/STM32F4xx_HAL_Driver/Src/stm32f4xx_hal.o
 .ARM.attributes
                0x00000000000001df       0x34 ./Drivers/STM32F4xx_HAL_Driver/Src/stm32f4xx_hal_cortex.o
 .ARM.attributes
                0x0000000000000213       0x34 ./Drivers/STM32F4xx_HAL_Driver/Src/stm32f4xx_hal_gpio.o
 .ARM.attributes
                0x0000000000000247       0x34 ./Drivers/STM32F4xx_HAL_Driver/Src/stm32f4xx_hal_rcc.o
 .ARM.attributes
                0x000000000000027b       0x34 ./Drivers/STM32F4xx_HAL_Driver/Src/stm32f4xx_hal_sd.o
 .ARM.attributes
                0x00000000000002af       0x34 ./Drivers/STM32F4xx_HAL_Driver/Src/stm32f4xx_hal_uart.o
 .ARM.attributes
                0x00000000000002e3       0x34 ./Drivers/STM32F4xx_HAL_Driver/Src/stm32f4xx_ll_sdmmc.o
 .ARM.attributes
                0x0000000000000317       0x34 ./FATFS/App/fatfs.o
 .ARM.attributes
                0x000000000000034b       0x34 ./FATFS/Target/bsp_driver_sd.o
 .ARM.attributes
                0x000000000000037f       0x34 ./FATFS/Target/sd_diskio.o
 .ARM.attributes
                0x00000000000003b3       0x34 ./Middlewares/Third_Party/FatFs/src/diskio.o
 .ARM.attributes
                0x00000000000003e7       0x34 ./Middlewares/Third_Party/FatFs/src/ff.o
 .ARM.attributes
                0x000000000000041b       0x34 ./Middlewares/Third_Party/FatFs/src/ff_gen_drv.o
 .ARM.attributes
                0x000000000000044f       0x34 c:/st/stm32cubeide_1.7.0/stm32cubeide/plugins/com.st.stm32cube.ide.mcu.externaltools.gnu-tools-for-stm32.10.3-2021.10.win32_1.0.0.202111181127/tools/bin/../lib/gcc/arm-none-eabi/10.3.1/../../../../arm-none-eabi/lib/thumb/v7e-m+fp/hard\libc_nano.a(lib_a-errno.o)
 .ARM.attributes
                0x0000000000000483       0x34 c:/st/stm32cubeide_1.7.0/stm32cubeide/plugins/com.st.stm32cube.ide.mcu.externaltools.gnu-tools-for-stm32.10.3-2021.10.win32_1.0.0.202111181127/tools/bin/../lib/gcc/arm-none-eabi/10.3.1/../../../../arm-none-eabi/lib/thumb/v7e-m+fp/hard\libc_nano.a(lib_a-impure.o)
 .ARM.attributes
                0x00000000000004b7       0x34 c:/st/stm32cubeide_1.7.0/stm32cubeide/plugins/com.st.stm32cube.ide.mcu.externaltools.gnu-tools-for-stm32.10.3-2021.10.win32_1.0.0.202111181127/tools/bin/../lib/gcc/arm-none-eabi/10.3.1/../../../../arm-none-eabi/lib/thumb/v7e-m+fp/hard\libc_nano.a(lib_a-init.o)
 .ARM.attributes
                0x00000000000004eb       0x34 c:/st/stm32cubeide_1.7.0/stm32cubeide/plugins/com.st.stm32cube.ide.mcu.externaltools.gnu-tools-for-stm32.10.3-2021.10.win32_1.0.0.202111181127/tools/bin/../lib/gcc/arm-none-eabi/10.3.1/../../../../arm-none-eabi/lib/thumb/v7e-m+fp/hard\libc_nano.a(lib_a-malloc.o)
 .ARM.attributes
                0x000000000000051f       0x34 c:/st/stm32cubeide_1.7.0/stm32cubeide/plugins/com.st.stm32cube.ide.mcu.externaltools.gnu-tools-for-stm32.10.3-2021.10.win32_1.0.0.202111181127/tools/bin/../lib/gcc/arm-none-eabi/10.3.1/../../../../arm-none-eabi/lib/thumb/v7e-m+fp/hard\libc_nano.a(lib_a-memset.o)
 .ARM.attributes
                0x0000000000000553       0x34 c:/st/stm32cubeide_1.7.0/stm32cubeide/plugins/com.st.stm32cube.ide.mcu.externaltools.gnu-tools-for-stm32.10.3-2021.10.win32_1.0.0.202111181127/tools/bin/../lib/gcc/arm-none-eabi/10.3.1/../../../../arm-none-eabi/lib/thumb/v7e-m+fp/hard\libc_nano.a(lib_a-nano-freer.o)
 .ARM.attributes
                0x0000000000000587       0x34 c:/st/stm32cubeide_1.7.0/stm32cubeide/plugins/com.st.stm32cube.ide.mcu.externaltools.gnu-tools-for-stm32.10.3-2021.10.win32_1.0.0.202111181127/tools/bin/../lib/gcc/arm-none-eabi/10.3.1/../../../../arm-none-eabi/lib/thumb/v7e-m+fp/hard\libc_nano.a(lib_a-nano-mallocr.o)
 .ARM.attributes
                0x00000000000005bb       0x34 c:/st/stm32cubeide_1.7.0/stm32cubeide/plugins/com.st.stm32cube.ide.mcu.externaltools.gnu-tools-for-stm32.10.3-2021.10.win32_1.0.0.202111181127/tools/bin/../lib/gcc/arm-none-eabi/10.3.1/../../../../arm-none-eabi/lib/thumb/v7e-m+fp/hard\libc_nano.a(lib_a-sbrkr.o)
 .ARM.attributes
                0x00000000000005ef       0x34 c:/st/stm32cubeide_1.7.0/stm32cubeide/plugins/com.st.stm32cube.ide.mcu.externaltools.gnu-tools-for-stm32.10.3-2021.10.win32_1.0.0.202111181127/tools/bin/../lib/gcc/arm-none-eabi/10.3.1/../../../../arm-none-eabi/lib/thumb/v7e-m+fp/hard\libc_nano.a(lib_a-sprintf.o)
 .ARM.attributes
                0x0000000000000623       0x1c c:/st/stm32cubeide_1.7.0/stm32cubeide/plugins/com.st.stm32cube.ide.mcu.externaltools.gnu-tools-for-stm32.10.3-2021.10.win32_1.0.0.202111181127/tools/bin/../lib/gcc/arm-none-eabi/10.3.1/../../../../arm-none-eabi/lib/thumb/v7e-m+fp/hard\libc_nano.a(lib_a-strcmp.o)
 .ARM.attributes
                0x000000000000063f       0x17 c:/st/stm32cubeide_1.7.0/stm32cubeide/plugins/com.st.stm32cube.ide.mcu.externaltools.gnu-tools-for-stm32.10.3-2021.10.win32_1.0.0.202111181127/tools/bin/../lib/gcc/arm-none-eabi/10.3.1/../../../../arm-none-eabi/lib/thumb/v7e-m+fp/hard\libc_nano.a(lib_a-strlen.o)
 .ARM.attributes
                0x0000000000000656       0x34 c:/st/stm32cubeide_1.7.0/stm32cubeide/plugins/com.st.stm32cube.ide.mcu.externaltools.gnu-tools-for-stm32.10.3-2021.10.win32_1.0.0.202111181127/tools/bin/../lib/gcc/arm-none-eabi/10.3.1/../../../../arm-none-eabi/lib/thumb/v7e-m+fp/hard\libc_nano.a(lib_a-mlock.o)
 .ARM.attributes
                0x000000000000068a       0x34 c:/st/stm32cubeide_1.7.0/stm32cubeide/plugins/com.st.stm32cube.ide.mcu.externaltools.gnu-tools-for-stm32.10.3-2021.10.win32_1.0.0.202111181127/tools/bin/../lib/gcc/arm-none-eabi/10.3.1/../../../../arm-none-eabi/lib/thumb/v7e-m+fp/hard\libc_nano.a(lib_a-nano-svfprintf.o)
 .ARM.attributes
                0x00000000000006be       0x34 c:/st/stm32cubeide_1.7.0/stm32cubeide/plugins/com.st.stm32cube.ide.mcu.externaltools.gnu-tools-for-stm32.10.3-2021.10.win32_1.0.0.202111181127/tools/bin/../lib/gcc/arm-none-eabi/10.3.1/../../../../arm-none-eabi/lib/thumb/v7e-m+fp/hard\libc_nano.a(lib_a-nano-vfprintf_i.o)
 .ARM.attributes
                0x00000000000006f2       0x34 c:/st/stm32cubeide_1.7.0/stm32cubeide/plugins/com.st.stm32cube.ide.mcu.externaltools.gnu-tools-for-stm32.10.3-2021.10.win32_1.0.0.202111181127/tools/bin/../lib/gcc/arm-none-eabi/10.3.1/../../../../arm-none-eabi/lib/thumb/v7e-m+fp/hard\libc_nano.a(lib_a-reent.o)
 .ARM.attributes
                0x0000000000000726       0x34 c:/st/stm32cubeide_1.7.0/stm32cubeide/plugins/com.st.stm32cube.ide.mcu.externaltools.gnu-tools-for-stm32.10.3-2021.10.win32_1.0.0.202111181127/tools/bin/../lib/gcc/arm-none-eabi/10.3.1/../../../../arm-none-eabi/lib/thumb/v7e-m+fp/hard\libc_nano.a(lib_a-lock.o)
 .ARM.attributes
                0x000000000000075a       0x1c c:/st/stm32cubeide_1.7.0/stm32cubeide/plugins/com.st.stm32cube.ide.mcu.externaltools.gnu-tools-for-stm32.10.3-2021.10.win32_1.0.0.202111181127/tools/bin/../lib/gcc/arm-none-eabi/10.3.1/../../../../arm-none-eabi/lib/thumb/v7e-m+fp/hard\libc_nano.a(lib_a-memchr.o)
 .ARM.attributes
                0x0000000000000776       0x34 c:/st/stm32cubeide_1.7.0/stm32cubeide/plugins/com.st.stm32cube.ide.mcu.externaltools.gnu-tools-for-stm32.10.3-2021.10.win32_1.0.0.202111181127/tools/bin/../lib/gcc/arm-none-eabi/10.3.1/../../../../arm-none-eabi/lib/thumb/v7e-m+fp/hard\libc_nano.a(lib_a-memcpy-stub.o)
 .ARM.attributes
                0x00000000000007aa       0x34 c:/st/stm32cubeide_1.7.0/stm32cubeide/plugins/com.st.stm32cube.ide.mcu.externaltools.gnu-tools-for-stm32.10.3-2021.10.win32_1.0.0.202111181127/tools/bin/../lib/gcc/arm-none-eabi/10.3.1/../../../../arm-none-eabi/lib/thumb/v7e-m+fp/hard\libc_nano.a(lib_a-memmove.o)
 .ARM.attributes
                0x00000000000007de       0x34 c:/st/stm32cubeide_1.7.0/stm32cubeide/plugins/com.st.stm32cube.ide.mcu.externaltools.gnu-tools-for-stm32.10.3-2021.10.win32_1.0.0.202111181127/tools/bin/../lib/gcc/arm-none-eabi/10.3.1/../../../../arm-none-eabi/lib/thumb/v7e-m+fp/hard\libc_nano.a(lib_a-nano-reallocr.o)
 .ARM.attributes
                0x0000000000000812       0x34 c:/st/stm32cubeide_1.7.0/stm32cubeide/plugins/com.st.stm32cube.ide.mcu.externaltools.gnu-tools-for-stm32.10.3-2021.10.win32_1.0.0.202111181127/tools/bin/../lib/gcc/arm-none-eabi/10.3.1/../../../../arm-none-eabi/lib/thumb/v7e-m+fp/hard\libc_nano.a(lib_a-nano-msizer.o)
 .ARM.attributes
                0x0000000000000846       0x1e c:/st/stm32cubeide_1.7.0/stm32cubeide/plugins/com.st.stm32cube.ide.mcu.externaltools.gnu-tools-for-stm32.10.3-2021.10.win32_1.0.0.202111181127/tools/bin/../lib/gcc/arm-none-eabi/10.3.1/thumb/v7e-m+fp/hard\libgcc.a(_aeabi_uldivmod.o)
 .ARM.attributes
                0x0000000000000864       0x34 c:/st/stm32cubeide_1.7.0/stm32cubeide/plugins/com.st.stm32cube.ide.mcu.externaltools.gnu-tools-for-stm32.10.3-2021.10.win32_1.0.0.202111181127/tools/bin/../lib/gcc/arm-none-eabi/10.3.1/thumb/v7e-m+fp/hard\libgcc.a(_udivmoddi4.o)
 .ARM.attributes
                0x0000000000000898       0x1e c:/st/stm32cubeide_1.7.0/stm32cubeide/plugins/com.st.stm32cube.ide.mcu.externaltools.gnu-tools-for-stm32.10.3-2021.10.win32_1.0.0.202111181127/tools/bin/../lib/gcc/arm-none-eabi/10.3.1/thumb/v7e-m+fp/hard\libgcc.a(_dvmd_tls.o)
 .ARM.attributes
                0x00000000000008b6       0x1e c:/st/stm32cubeide_1.7.0/stm32cubeide/plugins/com.st.stm32cube.ide.mcu.externaltools.gnu-tools-for-stm32.10.3-2021.10.win32_1.0.0.202111181127/tools/bin/../lib/gcc/arm-none-eabi/10.3.1/thumb/v7e-m+fp/hard/crtn.o
OUTPUT(04_f427_sd_test.elf elf32-littlearm)
LOAD linker stubs
LOAD c:/st/stm32cubeide_1.7.0/stm32cubeide/plugins/com.st.stm32cube.ide.mcu.externaltools.gnu-tools-for-stm32.10.3-2021.10.win32_1.0.0.202111181127/tools/bin/../lib/gcc/arm-none-eabi/10.3.1/../../../../arm-none-eabi/lib/thumb/v7e-m+fp/hard\libc.a
LOAD c:/st/stm32cubeide_1.7.0/stm32cubeide/plugins/com.st.stm32cube.ide.mcu.externaltools.gnu-tools-for-stm32.10.3-2021.10.win32_1.0.0.202111181127/tools/bin/../lib/gcc/arm-none-eabi/10.3.1/../../../../arm-none-eabi/lib/thumb/v7e-m+fp/hard\libm.a
LOAD c:/st/stm32cubeide_1.7.0/stm32cubeide/plugins/com.st.stm32cube.ide.mcu.externaltools.gnu-tools-for-stm32.10.3-2021.10.win32_1.0.0.202111181127/tools/bin/../lib/gcc/arm-none-eabi/10.3.1/thumb/v7e-m+fp/hard\libgcc.a

.debug_info     0x0000000000000000    0x1027e
 .debug_info    0x0000000000000000     0x121b ./Core/Src/File_Handling.o
 .debug_info    0x000000000000121b      0xfdd ./Core/Src/main.o
 .debug_info    0x00000000000021f8      0xda1 ./Core/Src/stm32f4xx_hal_msp.o
 .debug_info    0x0000000000002f99      0x121 ./Core/Src/stm32f4xx_it.o
 .debug_info    0x00000000000030ba      0x171 ./Core/Src/sysmem.o
 .debug_info    0x000000000000322b      0x53f ./Core/Src/system_stm32f4xx.o
 .debug_info    0x000000000000376a       0x22 ./Core/Startup/startup_stm32f427vitx.o
 .debug_info    0x000000000000378c      0x9e8 ./Drivers/STM32F4xx_HAL_Driver/Src/stm32f4xx_hal.o
 .debug_info    0x0000000000004174      0xe45 ./Drivers/STM32F4xx_HAL_Driver/Src/stm32f4xx_hal_cortex.o
 .debug_info    0x0000000000004fb9      0x786 ./Drivers/STM32F4xx_HAL_Driver/Src/stm32f4xx_hal_gpio.o
 .debug_info    0x000000000000573f      0x982 ./Drivers/STM32F4xx_HAL_Driver/Src/stm32f4xx_hal_rcc.o
 .debug_info    0x00000000000060c1     0x1d34 ./Drivers/STM32F4xx_HAL_Driver/Src/stm32f4xx_hal_sd.o
 .debug_info    0x0000000000007df5     0x31bc ./Drivers/STM32F4xx_HAL_Driver/Src/stm32f4xx_hal_uart.o
 .debug_info    0x000000000000afb1     0x11dd ./Drivers/STM32F4xx_HAL_Driver/Src/stm32f4xx_ll_sdmmc.o
 .debug_info    0x000000000000c18e      0x4fa ./FATFS/App/fatfs.o
 .debug_info    0x000000000000c688      0xb55 ./FATFS/Target/bsp_driver_sd.o
 .debug_info    0x000000000000d1dd      0x4e9 ./FATFS/Target/sd_diskio.o
 .debug_info    0x000000000000d6c6      0x412 ./Middlewares/Third_Party/FatFs/src/diskio.o
 .debug_info    0x000000000000dad8     0x23fd ./Middlewares/Third_Party/FatFs/src/ff.o
 .debug_info    0x000000000000fed5      0x3a9 ./Middlewares/Third_Party/FatFs/src/ff_gen_drv.o

.debug_abbrev   0x0000000000000000     0x2538
 .debug_abbrev  0x0000000000000000      0x2d8 ./Core/Src/File_Handling.o
 .debug_abbrev  0x00000000000002d8      0x295 ./Core/Src/main.o
 .debug_abbrev  0x000000000000056d      0x1ac ./Core/Src/stm32f4xx_hal_msp.o
 .debug_abbrev  0x0000000000000719       0x74 ./Core/Src/stm32f4xx_it.o
 .debug_abbrev  0x000000000000078d       0xbb ./Core/Src/sysmem.o
 .debug_abbrev  0x0000000000000848      0x116 ./Core/Src/system_stm32f4xx.o
 .debug_abbrev  0x000000000000095e       0x12 ./Core/Startup/startup_stm32f427vitx.o
 .debug_abbrev  0x0000000000000970      0x20d ./Drivers/STM32F4xx_HAL_Driver/Src/stm32f4xx_hal.o
 .debug_abbrev  0x0000000000000b7d      0x316 ./Drivers/STM32F4xx_HAL_Driver/Src/stm32f4xx_hal_cortex.o
 .debug_abbrev  0x0000000000000e93      0x1c4 ./Drivers/STM32F4xx_HAL_Driver/Src/stm32f4xx_hal_gpio.o
 .debug_abbrev  0x0000000000001057      0x2aa ./Drivers/STM32F4xx_HAL_Driver/Src/stm32f4xx_hal_rcc.o
 .debug_abbrev  0x0000000000001301      0x288 ./Drivers/STM32F4xx_HAL_Driver/Src/stm32f4xx_hal_sd.o
 .debug_abbrev  0x0000000000001589      0x2f4 ./Drivers/STM32F4xx_HAL_Driver/Src/stm32f4xx_hal_uart.o
 .debug_abbrev  0x000000000000187d      0x1ce ./Drivers/STM32F4xx_HAL_Driver/Src/stm32f4xx_ll_sdmmc.o
 .debug_abbrev  0x0000000000001a4b      0x15a ./FATFS/App/fatfs.o
 .debug_abbrev  0x0000000000001ba5      0x295 ./FATFS/Target/bsp_driver_sd.o
 .debug_abbrev  0x0000000000001e3a      0x187 ./FATFS/Target/sd_diskio.o
 .debug_abbrev  0x0000000000001fc1      0x178 ./Middlewares/Third_Party/FatFs/src/diskio.o
 .debug_abbrev  0x0000000000002139      0x269 ./Middlewares/Third_Party/FatFs/src/ff.o
 .debug_abbrev  0x00000000000023a2      0x196 ./Middlewares/Third_Party/FatFs/src/ff_gen_drv.o

.debug_aranges  0x0000000000000000      0xd58
 .debug_aranges
                0x0000000000000000       0x78 ./Core/Src/File_Handling.o
 .debug_aranges
                0x0000000000000078       0x48 ./Core/Src/main.o
 .debug_aranges
                0x00000000000000c0       0x40 ./Core/Src/stm32f4xx_hal_msp.o
 .debug_aranges
                0x0000000000000100       0x60 ./Core/Src/stm32f4xx_it.o
 .debug_aranges
                0x0000000000000160       0x20 ./Core/Src/sysmem.o
 .debug_aranges
                0x0000000000000180       0x28 ./Core/Src/system_stm32f4xx.o
 .debug_aranges
                0x00000000000001a8       0x28 ./Core/Startup/startup_stm32f427vitx.o
 .debug_aranges
                0x00000000000001d0      0x100 ./Drivers/STM32F4xx_HAL_Driver/Src/stm32f4xx_hal.o
 .debug_aranges
                0x00000000000002d0      0x118 ./Drivers/STM32F4xx_HAL_Driver/Src/stm32f4xx_hal_cortex.o
 .debug_aranges
                0x00000000000003e8       0x58 ./Drivers/STM32F4xx_HAL_Driver/Src/stm32f4xx_hal_gpio.o
 .debug_aranges
                0x0000000000000440       0x88 ./Drivers/STM32F4xx_HAL_Driver/Src/stm32f4xx_hal_rcc.o
 .debug_aranges
                0x00000000000004c8      0x168 ./Drivers/STM32F4xx_HAL_Driver/Src/stm32f4xx_hal_sd.o
 .debug_aranges
                0x0000000000000630      0x200 ./Drivers/STM32F4xx_HAL_Driver/Src/stm32f4xx_hal_uart.o
 .debug_aranges
                0x0000000000000830      0x188 ./Drivers/STM32F4xx_HAL_Driver/Src/stm32f4xx_ll_sdmmc.o
 .debug_aranges
                0x00000000000009b8       0x28 ./FATFS/App/fatfs.o
 .debug_aranges
                0x00000000000009e0       0xa0 ./FATFS/Target/bsp_driver_sd.o
 .debug_aranges
                0x0000000000000a80       0x48 ./FATFS/Target/sd_diskio.o
 .debug_aranges
                0x0000000000000ac8       0x48 ./Middlewares/Third_Party/FatFs/src/diskio.o
 .debug_aranges
                0x0000000000000b10      0x208 ./Middlewares/Third_Party/FatFs/src/ff.o
 .debug_aranges
                0x0000000000000d18       0x40 ./Middlewares/Third_Party/FatFs/src/ff_gen_drv.o

.debug_ranges   0x0000000000000000      0xc70
 .debug_ranges  0x0000000000000000       0x88 ./Core/Src/File_Handling.o
 .debug_ranges  0x0000000000000088       0x38 ./Core/Src/main.o
 .debug_ranges  0x00000000000000c0       0x30 ./Core/Src/stm32f4xx_hal_msp.o
 .debug_ranges  0x00000000000000f0       0x50 ./Core/Src/stm32f4xx_it.o
 .debug_ranges  0x0000000000000140       0x10 ./Core/Src/sysmem.o
 .debug_ranges  0x0000000000000150       0x18 ./Core/Src/system_stm32f4xx.o
 .debug_ranges  0x0000000000000168       0x20 ./Core/Startup/startup_stm32f427vitx.o
 .debug_ranges  0x0000000000000188       0xf0 ./Drivers/STM32F4xx_HAL_Driver/Src/stm32f4xx_hal.o
 .debug_ranges  0x0000000000000278      0x108 ./Drivers/STM32F4xx_HAL_Driver/Src/stm32f4xx_hal_cortex.o
 .debug_ranges  0x0000000000000380       0x48 ./Drivers/STM32F4xx_HAL_Driver/Src/stm32f4xx_hal_gpio.o
 .debug_ranges  0x00000000000003c8       0x78 ./Drivers/STM32F4xx_HAL_Driver/Src/stm32f4xx_hal_rcc.o
 .debug_ranges  0x0000000000000440      0x158 ./Drivers/STM32F4xx_HAL_Driver/Src/stm32f4xx_hal_sd.o
 .debug_ranges  0x0000000000000598      0x220 ./Drivers/STM32F4xx_HAL_Driver/Src/stm32f4xx_hal_uart.o
 .debug_ranges  0x00000000000007b8      0x178 ./Drivers/STM32F4xx_HAL_Driver/Src/stm32f4xx_ll_sdmmc.o
 .debug_ranges  0x0000000000000930       0x18 ./FATFS/App/fatfs.o
 .debug_ranges  0x0000000000000948       0x90 ./FATFS/Target/bsp_driver_sd.o
 .debug_ranges  0x00000000000009d8       0x38 ./FATFS/Target/sd_diskio.o
 .debug_ranges  0x0000000000000a10       0x38 ./Middlewares/Third_Party/FatFs/src/diskio.o
 .debug_ranges  0x0000000000000a48      0x1f8 ./Middlewares/Third_Party/FatFs/src/ff.o
 .debug_ranges  0x0000000000000c40       0x30 ./Middlewares/Third_Party/FatFs/src/ff_gen_drv.o

.debug_macro    0x0000000000000000    0x24e40
 .debug_macro   0x0000000000000000      0x40c ./Core/Src/File_Handling.o
 .debug_macro   0x000000000000040c      0xa78 ./Core/Src/File_Handling.o
 .debug_macro   0x0000000000000e84      0x29b ./Core/Src/File_Handling.o
 .debug_macro   0x000000000000111f       0x2e ./Core/Src/File_Handling.o
 .debug_macro   0x000000000000114d       0x28 ./Core/Src/File_Handling.o
 .debug_macro   0x0000000000001175       0x22 ./Core/Src/File_Handling.o
 .debug_macro   0x0000000000001197       0x8e ./Core/Src/File_Handling.o
 .debug_macro   0x0000000000001225       0x51 ./Core/Src/File_Handling.o
 .debug_macro   0x0000000000001276      0x103 ./Core/Src/File_Handling.o
 .debug_macro   0x0000000000001379       0x6a ./Core/Src/File_Handling.o
 .debug_macro   0x00000000000013e3      0x1df ./Core/Src/File_Handling.o
 .debug_macro   0x00000000000015c2       0x1c ./Core/Src/File_Handling.o
 .debug_macro   0x00000000000015de       0x22 ./Core/Src/File_Handling.o
 .debug_macro   0x0000000000001600       0xd9 ./Core/Src/File_Handling.o
 .debug_macro   0x00000000000016d9     0x102d ./Core/Src/File_Handling.o
 .debug_macro   0x0000000000002706      0x11f ./Core/Src/File_Handling.o
 .debug_macro   0x0000000000002825    0x178a0 ./Core/Src/File_Handling.o
 .debug_macro   0x000000000001a0c5       0x6d ./Core/Src/File_Handling.o
 .debug_macro   0x000000000001a132     0x36f5 ./Core/Src/File_Handling.o
 .debug_macro   0x000000000001d827      0x174 ./Core/Src/File_Handling.o
 .debug_macro   0x000000000001d99b       0x5c ./Core/Src/File_Handling.o
 .debug_macro   0x000000000001d9f7      0xc6d ./Core/Src/File_Handling.o
 .debug_macro   0x000000000001e664      0x9fe ./Core/Src/File_Handling.o
 .debug_macro   0x000000000001f062      0x115 ./Core/Src/File_Handling.o
 .debug_macro   0x000000000001f177      0x16f ./Core/Src/File_Handling.o
 .debug_macro   0x000000000001f2e6       0xa5 ./Core/Src/File_Handling.o
 .debug_macro   0x000000000001f38b      0x182 ./Core/Src/File_Handling.o
 .debug_macro   0x000000000001f50d      0x287 ./Core/Src/File_Handling.o
 .debug_macro   0x000000000001f794       0x5f ./Core/Src/File_Handling.o
 .debug_macro   0x000000000001f7f3      0x236 ./Core/Src/File_Handling.o
 .debug_macro   0x000000000001fa29      0x132 ./Core/Src/File_Handling.o
 .debug_macro   0x000000000001fb5b      0x41d ./Core/Src/File_Handling.o
 .debug_macro   0x000000000001ff78       0x2e ./Core/Src/File_Handling.o
 .debug_macro   0x000000000001ffa6      0x11a ./Core/Src/File_Handling.o
 .debug_macro   0x00000000000200c0       0xe2 ./Core/Src/File_Handling.o
 .debug_macro   0x00000000000201a2       0x89 ./Core/Src/File_Handling.o
 .debug_macro   0x000000000002022b      0x861 ./Core/Src/File_Handling.o
 .debug_macro   0x0000000000020a8c      0x1d5 ./Core/Src/File_Handling.o
 .debug_macro   0x0000000000020c61      0x295 ./Core/Src/File_Handling.o
 .debug_macro   0x0000000000020ef6      0x134 ./Core/Src/File_Handling.o
 .debug_macro   0x000000000002102a       0x3a ./Core/Src/File_Handling.o
 .debug_macro   0x0000000000021064       0xe5 ./Core/Src/File_Handling.o
 .debug_macro   0x0000000000021149       0x1e ./Core/Src/File_Handling.o
 .debug_macro   0x0000000000021167       0x52 ./Core/Src/File_Handling.o
 .debug_macro   0x00000000000211b9       0x3c ./Core/Src/File_Handling.o
 .debug_macro   0x00000000000211f5       0x34 ./Core/Src/File_Handling.o
 .debug_macro   0x0000000000021229       0x16 ./Core/Src/File_Handling.o
 .debug_macro   0x000000000002123f       0x35 ./Core/Src/File_Handling.o
 .debug_macro   0x0000000000021274       0x16 ./Core/Src/File_Handling.o
 .debug_macro   0x000000000002128a       0x43 ./Core/Src/File_Handling.o
 .debug_macro   0x00000000000212cd       0x34 ./Core/Src/File_Handling.o
 .debug_macro   0x0000000000021301       0x10 ./Core/Src/File_Handling.o
 .debug_macro   0x0000000000021311       0x58 ./Core/Src/File_Handling.o
 .debug_macro   0x0000000000021369       0x71 ./Core/Src/File_Handling.o
 .debug_macro   0x00000000000213da       0x1c ./Core/Src/File_Handling.o
 .debug_macro   0x00000000000213f6      0x12a ./Core/Src/File_Handling.o
 .debug_macro   0x0000000000021520      0x341 ./Core/Src/File_Handling.o
 .debug_macro   0x0000000000021861       0x16 ./Core/Src/File_Handling.o
 .debug_macro   0x0000000000021877       0x29 ./Core/Src/File_Handling.o
 .debug_macro   0x00000000000218a0       0x12 ./Core/Src/File_Handling.o
 .debug_macro   0x00000000000218b2       0xe2 ./Core/Src/File_Handling.o
 .debug_macro   0x0000000000021994       0x8e ./Core/Src/File_Handling.o
 .debug_macro   0x0000000000021a22       0x16 ./Core/Src/File_Handling.o
 .debug_macro   0x0000000000021a38       0x20 ./Core/Src/File_Handling.o
 .debug_macro   0x0000000000021a58       0x1c ./Core/Src/File_Handling.o
 .debug_macro   0x0000000000021a74       0x10 ./Core/Src/File_Handling.o
 .debug_macro   0x0000000000021a84       0x10 ./Core/Src/File_Handling.o
 .debug_macro   0x0000000000021a94       0x1c ./Core/Src/File_Handling.o
 .debug_macro   0x0000000000021ab0       0x52 ./Core/Src/File_Handling.o
 .debug_macro   0x0000000000021b02       0x22 ./Core/Src/File_Handling.o
 .debug_macro   0x0000000000021b24       0x10 ./Core/Src/File_Handling.o
 .debug_macro   0x0000000000021b34       0x52 ./Core/Src/File_Handling.o
 .debug_macro   0x0000000000021b86       0xd5 ./Core/Src/File_Handling.o
 .debug_macro   0x0000000000021c5b       0x1c ./Core/Src/File_Handling.o
 .debug_macro   0x0000000000021c77       0x3d ./Core/Src/File_Handling.o
 .debug_macro   0x0000000000021cb4       0x16 ./Core/Src/File_Handling.o
 .debug_macro   0x0000000000021cca      0x145 ./Core/Src/File_Handling.o
 .debug_macro   0x0000000000021e0f      0x406 ./Core/Src/main.o
 .debug_macro   0x0000000000022215      0x1dd ./Core/Src/stm32f4xx_hal_msp.o
 .debug_macro   0x00000000000223f2      0x1e7 ./Core/Src/stm32f4xx_it.o
 .debug_macro   0x00000000000225d9       0xff ./Core/Src/sysmem.o
 .debug_macro   0x00000000000226d8      0x23b ./Core/Src/sysmem.o
 .debug_macro   0x0000000000022913      0x1d3 ./Core/Src/system_stm32f4xx.o
 .debug_macro   0x0000000000022ae6      0x233 ./Drivers/STM32F4xx_HAL_Driver/Src/stm32f4xx_hal.o
 .debug_macro   0x0000000000022d19      0x1d3 ./Drivers/STM32F4xx_HAL_Driver/Src/stm32f4xx_hal_cortex.o
 .debug_macro   0x0000000000022eec      0x1d9 ./Drivers/STM32F4xx_HAL_Driver/Src/stm32f4xx_hal_gpio.o
 .debug_macro   0x00000000000230c5      0x1f7 ./Drivers/STM32F4xx_HAL_Driver/Src/stm32f4xx_hal_rcc.o
 .debug_macro   0x00000000000232bc      0x1d4 ./Drivers/STM32F4xx_HAL_Driver/Src/stm32f4xx_hal_sd.o
 .debug_macro   0x0000000000023490      0x1d4 ./Drivers/STM32F4xx_HAL_Driver/Src/stm32f4xx_hal_uart.o
 .debug_macro   0x0000000000023664      0x1d4 ./Drivers/STM32F4xx_HAL_Driver/Src/stm32f4xx_ll_sdmmc.o
 .debug_macro   0x0000000000023838      0x30b ./FATFS/App/fatfs.o
 .debug_macro   0x0000000000023b43      0x1e2 ./FATFS/Target/bsp_driver_sd.o
 .debug_macro   0x0000000000023d25       0x34 ./FATFS/Target/bsp_driver_sd.o
 .debug_macro   0x0000000000023d59      0x30e ./FATFS/Target/sd_diskio.o
 .debug_macro   0x0000000000024067       0x16 ./FATFS/Target/sd_diskio.o
 .debug_macro   0x000000000002407d       0x7c ./FATFS/Target/sd_diskio.o
 .debug_macro   0x00000000000240f9      0x2f8 ./Middlewares/Third_Party/FatFs/src/diskio.o
 .debug_macro   0x00000000000243f1      0x6ff ./Middlewares/Third_Party/FatFs/src/ff.o
 .debug_macro   0x0000000000024af0       0x58 ./Middlewares/Third_Party/FatFs/src/ff.o
 .debug_macro   0x0000000000024b48      0x2f8 ./Middlewares/Third_Party/FatFs/src/ff_gen_drv.o

.debug_line     0x0000000000000000    0x11ab4
 .debug_line    0x0000000000000000      0xdba ./Core/Src/File_Handling.o
 .debug_line    0x0000000000000dba      0xacb ./Core/Src/main.o
 .debug_line    0x0000000000001885      0x764 ./Core/Src/stm32f4xx_hal_msp.o
 .debug_line    0x0000000000001fe9      0x777 ./Core/Src/stm32f4xx_it.o
 .debug_line    0x0000000000002760      0x4e5 ./Core/Src/sysmem.o
 .debug_line    0x0000000000002c45      0x736 ./Core/Src/system_stm32f4xx.o
 .debug_line    0x000000000000337b       0x88 ./Core/Startup/startup_stm32f427vitx.o
 .debug_line    0x0000000000003403      0x9d2 ./Drivers/STM32F4xx_HAL_Driver/Src/stm32f4xx_hal.o
 .debug_line    0x0000000000003dd5      0xc4b ./Drivers/STM32F4xx_HAL_Driver/Src/stm32f4xx_hal_cortex.o
 .debug_line    0x0000000000004a20      0xb38 ./Drivers/STM32F4xx_HAL_Driver/Src/stm32f4xx_hal_gpio.o
 .debug_line    0x0000000000005558      0xd16 ./Drivers/STM32F4xx_HAL_Driver/Src/stm32f4xx_hal_rcc.o
 .debug_line    0x000000000000626e     0x1dc9 ./Drivers/STM32F4xx_HAL_Driver/Src/stm32f4xx_hal_sd.o
 .debug_line    0x0000000000008037     0x2a41 ./Drivers/STM32F4xx_HAL_Driver/Src/stm32f4xx_hal_uart.o
 .debug_line    0x000000000000aa78      0xf2f ./Drivers/STM32F4xx_HAL_Driver/Src/stm32f4xx_ll_sdmmc.o
 .debug_line    0x000000000000b9a7      0x8af ./FATFS/App/fatfs.o
 .debug_line    0x000000000000c256      0x885 ./FATFS/Target/bsp_driver_sd.o
 .debug_line    0x000000000000cadb      0x993 ./FATFS/Target/sd_diskio.o
 .debug_line    0x000000000000d46e      0x920 ./Middlewares/Third_Party/FatFs/src/diskio.o
 .debug_line    0x000000000000dd8e     0x33e8 ./Middlewares/Third_Party/FatFs/src/ff.o
 .debug_line    0x0000000000011176      0x93e ./Middlewares/Third_Party/FatFs/src/ff_gen_drv.o

.debug_str      0x0000000000000000    0xd66c2
 .debug_str     0x0000000000000000    0xd2310 ./Core/Src/File_Handling.o
                                      0xd263e (size before relaxing)
 .debug_str     0x00000000000d2310      0x497 ./Core/Src/main.o
                                      0xd28dd (size before relaxing)
 .debug_str     0x00000000000d27a7       0xfc ./Core/Src/stm32f4xx_hal_msp.o
                                      0xce062 (size before relaxing)
 .debug_str     0x00000000000d28a3       0xc9 ./Core/Src/stm32f4xx_it.o
                                      0xcd8bc (size before relaxing)
 .debug_str     0x00000000000d296c      0x4da ./Core/Src/sysmem.o
                                       0x5db7 (size before relaxing)
 .debug_str     0x00000000000d2e46       0xdb ./Core/Src/system_stm32f4xx.o
                                      0xcd9f9 (size before relaxing)
 .debug_str     0x00000000000d2f21       0x36 ./Core/Startup/startup_stm32f427vitx.o
                                         0x79 (size before relaxing)