Archive member included to satisfy reference by file (symbol)

c:/st/stm32cubeide_1.7.0/stm32cubeide/plugins/com.st.stm32cube.ide.mcu.externaltools.gnu-tools-for-stm32.10.3-2021.10.win32_1.0.0.202111181127/tools/bin/../lib/gcc/arm-none-eabi/10.3.1/../../../../arm-none-eabi/lib/thumb/v7e-m+fp/hard\libc_nano.a(lib_a-atoi.o)
                              ./Core/Src/main.o (atoi)
c:/st/stm32cubeide_1.7.0/stm32cubeide/plugins/com.st.stm32cube.ide.mcu.externaltools.gnu-tools-for-stm32.10.3-2021.10.win32_1.0.0.202111181127/tools/bin/../lib/gcc/arm-none-eabi/10.3.1/../../../../arm-none-eabi/lib/thumb/v7e-m+fp/hard\libc_nano.a(lib_a-calloc.o)
                              ./Core/Src/File_Handling.o (calloc)
c:/st/stm32cubeide_1.7.0/stm32cubeide/plugins/com.st.stm32cube.ide.mcu.externaltools.gnu-tools-for-stm32.10.3-2021.10.win32_1.0.0.202111181127/tools/bin/../lib/gcc/arm-none-eabi/10.3.1/../../../../arm-none-eabi/lib/thumb/v7e-m+fp/hard\libc_nano.a(lib_a-errno.o)
                              ./Core/Src/syscalls.o (__errno)
c:/st/stm32cubeide_1.7.0/stm32cubeide/plugins/com.st.stm32cube.ide.mcu.externaltools.gnu-tools-for-stm32.10.3-2021.10.win32_1.0.0.202111181127/tools/bin/../lib/gcc/arm-none-eabi/10.3.1/../../../../arm-none-eabi/lib/thumb/v7e-m+fp/hard\libc_nano.a(lib_a-exit.o)
                              c:/st/stm32cubeide_1.7.0/stm32cubeide/plugins/com.st.stm32cube.ide.mcu.externaltools.gnu-tools-for-stm32.10.3-2021.10.win32_1.0.0.202111181127/tools/bin/../lib/gcc/arm-none-eabi/10.3.1/../../../../arm-none-eabi/lib/thumb/v7e-m+fp/hard/crt0.o (exit)
c:/st/stm32cubeide_1.7.0/stm32cubeide/plugins/com.st.stm32cube.ide.mcu.externaltools.gnu-tools-for-stm32.10.3-2021.10.win32_1.0.0.202111181127/tools/bin/../lib/gcc/arm-none-eabi/10.3.1/../../../../arm-none-eabi/lib/thumb/v7e-m+fp/hard\libc_nano.a(lib_a-impure.o)
                              c:/st/stm32cubeide_1.7.0/stm32cubeide/plugins/com.st.stm32cube.ide.mcu.externaltools.gnu-tools-for-stm32.10.3-2021.10.win32_1.0.0.202111181127/tools/bin/../lib/gcc/arm-none-eabi/10.3.1/../../../../arm-none-eabi/lib/thumb/v7e-m+fp/hard\libc_nano.a(lib_a-exit.o) (_global_impure_ptr)
c:/st/stm32cubeide_1.7.0/stm32cubeide/plugins/com.st.stm32cube.ide.mcu.externaltools.gnu-tools-for-stm32.10.3-2021.10.win32_1.0.0.202111181127/tools/bin/../lib/gcc/arm-none-eabi/10.3.1/../../../../arm-none-eabi/lib/thumb/v7e-m+fp/hard\libc_nano.a(lib_a-init.o)
                              c:/st/stm32cubeide_1.7.0/stm32cubeide/plugins/com.st.stm32cube.ide.mcu.externaltools.gnu-tools-for-stm32.10.3-2021.10.win32_1.0.0.202111181127/tools/bin/../lib/gcc/arm-none-eabi/10.3.1/../../../../arm-none-eabi/lib/thumb/v7e-m+fp/hard/crt0.o (__libc_init_array)
c:/st/stm32cubeide_1.7.0/stm32cubeide/plugins/com.st.stm32cube.ide.mcu.externaltools.gnu-tools-for-stm32.10.3-2021.10.win32_1.0.0.202111181127/tools/bin/../lib/gcc/arm-none-eabi/10.3.1/../../../../arm-none-eabi/lib/thumb/v7e-m+fp/hard\libc_nano.a(lib_a-malloc.o)
                              ./Core/Src/File_Handling.o (malloc)
c:/st/stm32cubeide_1.7.0/stm32cubeide/plugins/com.st.stm32cube.ide.mcu.externaltools.gnu-tools-for-stm32.10.3-2021.10.win32_1.0.0.202111181127/tools/bin/../lib/gcc/arm-none-eabi/10.3.1/../../../../arm-none-eabi/lib/thumb/v7e-m+fp/hard\libc_nano.a(lib_a-memset.o)
                              c:/st/stm32cubeide_1.7.0/stm32cubeide/plugins/com.st.stm32cube.ide.mcu.externaltools.gnu-tools-for-stm32.10.3-2021.10.win32_1.0.0.202111181127/tools/bin/../lib/gcc/arm-none-eabi/10.3.1/../../../../arm-none-eabi/lib/thumb/v7e-m+fp/hard/crt0.o (memset)
c:/st/stm32cubeide_1.7.0/stm32cubeide/plugins/com.st.stm32cube.ide.mcu.externaltools.gnu-tools-for-stm32.10.3-2021.10.win32_1.0.0.202111181127/tools/bin/../lib/gcc/arm-none-eabi/10.3.1/../../../../arm-none-eabi/lib/thumb/v7e-m+fp/hard\libc_nano.a(lib_a-nano-callocr.o)
                              c:/st/stm32cubeide_1.7.0/stm32cubeide/plugins/com.st.stm32cube.ide.mcu.externaltools.gnu-tools-for-stm32.10.3-2021.10.win32_1.0.0.202111181127/tools/bin/../lib/gcc/arm-none-eabi/10.3.1/../../../../arm-none-eabi/lib/thumb/v7e-m+fp/hard\libc_nano.a(lib_a-calloc.o) (_calloc_r)
c:/st/stm32cubeide_1.7.0/stm32cubeide/plugins/com.st.stm32cube.ide.mcu.externaltools.gnu-tools-for-stm32.10.3-2021.10.win32_1.0.0.202111181127/tools/bin/../lib/gcc/arm-none-eabi/10.3.1/../../../../arm-none-eabi/lib/thumb/v7e-m+fp/hard\libc_nano.a(lib_a-nano-freer.o)
                              c:/st/stm32cubeide_1.7.0/stm32cubeide/plugins/com.st.stm32cube.ide.mcu.externaltools.gnu-tools-for-stm32.10.3-2021.10.win32_1.0.0.202111181127/tools/bin/../lib/gcc/arm-none-eabi/10.3.1/../../../../arm-none-eabi/lib/thumb/v7e-m+fp/hard\libc_nano.a(lib_a-malloc.o) (_free_r)
[...]
Memory Configuration

Name             Origin             Length             Attributes
CCMRAM           0x0000000010000000 0x0000000000010000 xrw
RAM              0x0000000020000000 0x0000000000030000 xrw
FLASH            0x0000000008000000 0x0000000000200000 xr
*default*        0x0000000000000000 0xffffffffffffffff

Linker script and memory map

LOAD c:/st/stm32cubeide_1.7.0/stm32cubeide/plugins/com.st.stm32cube.ide.mcu.externaltools.gnu-tools-for-stm32.10.3-2021.10.win32_1.0.0.202111181127/tools/bin/../lib/gcc/arm-none-eabi/10.3.1/thumb/v7e-m+fp/hard/crti.o
LOAD c:/st/stm32cubeide_1.7.0/stm32cubeide/plugins/com.st.stm32cube.ide.mcu.externaltools.gnu-tools-for-stm32.10.3-2021.10.win32_1.0.0.202111181127/tools/bin/../lib/gcc/arm-none-eabi/10.3.1/thumb/v7e-m+fp/hard/crtbegin.o
LOAD c:/st/stm32cubeide_1.7.0/stm32cubeide/plugins/com.st.stm32cube.ide.mcu.externaltools.gnu-tools-for-stm32.10.3-2021.10.win32_1.0.0.202111181127/tools/bin/../lib/gcc/arm-none-eabi/10.3.1/../../../../arm-none-eabi/lib/thumb/v7e-m+fp/hard/crt0.o
LOAD ./Core/Src/File_Handling.o
LOAD ./Core/Src/main.o
LOAD ./Core/Src/stm32f4xx_hal_msp.o
LOAD ./Core/Src/stm32f4xx_it.o
LOAD ./Core/Src/syscalls.o
LOAD ./Core/Src/sysmem.o
LOAD ./Core/Src/system_stm32f4xx.o
LOAD ./Core/Startup/startup_stm32f427vitx.o
LOAD ./Drivers/STM32F4xx_HAL_Driver/Src/stm32f4xx_hal.o
LOAD ./Drivers/STM32F4xx_HAL_Driver/Src/stm32f4xx_hal_cortex.o
LOAD ./Drivers/STM32F4xx_HAL_Driver/Src/stm32f4xx_hal_dma.o
LOAD ./Drivers/STM32F4xx_HAL_Driver/Src/stm32f4xx_hal_dma_ex.o
LOAD ./Drivers/STM32F4xx_HAL_Driver/Src/stm32f4xx_hal_exti.o
LOAD ./Drivers/STM32F4xx_HAL_Driver/Src/stm32f4xx_hal_flash.o
LOAD ./Drivers/STM32F4xx_HAL_Driver/Src/stm32f4xx_hal_flash_ex.o
LOAD ./Drivers/STM32F4xx_HAL_Driver/Src/stm32f4xx_hal_flash_ramfunc.o
LOAD ./Drivers/STM32F4xx_HAL_Driver/Src/stm32f4xx_hal_gpio.o
LOAD ./Drivers/STM32F4xx_HAL_Driver/Src/stm32f4xx_hal_pcd.o
LOAD ./Drivers/STM32F4xx_HAL_Driver/Src/stm32f4xx_hal_pcd_ex.o
LOAD ./Drivers/STM32F4xx_HAL_Driver/Src/stm32f4xx_hal_pwr.o
LOAD ./Drivers/STM32F4xx_HAL_Driver/Src/stm32f4xx_hal_pwr_ex.o
LOAD ./Drivers/STM32F4xx_HAL_Driver/Src/stm32f4xx_hal_rcc.o
LOAD ./Drivers/STM32F4xx_HAL_Driver/Src/stm32f4xx_hal_rcc_ex.o
LOAD ./Drivers/STM32F4xx_HAL_Driver/Src/stm32f4xx_hal_rtc.o
LOAD ./Drivers/STM32F4xx_HAL_Driver/Src/stm32f4xx_hal_rtc_ex.o
LOAD ./Drivers/STM32F4xx_HAL_Driver/Src/stm32f4xx_hal_sd.o
LOAD ./Drivers/STM32F4xx_HAL_Driver/Src/stm32f4xx_hal_tim.o
LOAD ./Drivers/STM32F4xx_HAL_Driver/Src/stm32f4xx_hal_tim_ex.o
LOAD ./Drivers/STM32F4xx_HAL_Driver/Src/stm32f4xx_hal_uart.o
LOAD ./Drivers/STM32F4xx_HAL_Driver/Src/stm32f4xx_ll_sdmmc.o
LOAD ./Drivers/STM32F4xx_HAL_Driver/Src/stm32f4xx_ll_usb.o
LOAD ./FATFS/App/fatfs.o
LOAD ./FATFS/Target/bsp_driver_sd.o
LOAD ./FATFS/Target/sd_diskio.o
LOAD ./Middlewares/ST/STM32_USB_Device_Library/Class/MSC/Src/usbd_msc.o
LOAD ./Middlewares/ST/STM32_USB_Device_Library/Class/MSC/Src/usbd_msc_bot.o
LOAD ./Middlewares/ST/STM32_USB_Device_Library/Class/MSC/Src/usbd_msc_data.o
LOAD ./Middlewares/ST/STM32_USB_Device_Library/Class/MSC/Src/usbd_msc_scsi.o
LOAD ./Middlewares/ST/STM32_USB_Device_Library/Core/Src/usbd_core.o
LOAD ./Middlewares/ST/STM32_USB_Device_Library/Core/Src/usbd_ctlreq.o
LOAD ./Middlewares/ST/STM32_USB_Device_Library/Core/Src/usbd_ioreq.o
LOAD ./Middlewares/Third_Party/FatFs/src/diskio.o
LOAD ./Middlewares/Third_Party/FatFs/src/ff.o
LOAD ./Middlewares/Third_Party/FatFs/src/ff_gen_drv.o
LOAD ./Middlewares/Third_Party/FatFs/src/option/syscall.o
LOAD ./USB_DEVICE/App/usb_device.o
LOAD ./USB_DEVICE/App/usbd_desc.o
LOAD ./USB_DEVICE/App/usbd_storage_if.o
LOAD ./USB_DEVICE/Target/usbd_conf.o
START GROUP
LOAD c:/st/stm32cubeide_1.7.0/stm32cubeide/plugins/com.st.stm32cube.ide.mcu.externaltools.gnu-tools-for-stm32.10.3-2021.10.win32_1.0.0.202111181127/tools/bin/../lib/gcc/arm-none-eabi/10.3.1/../../../../arm-none-eabi/lib/thumb/v7e-m+fp/hard\libc_nano.a
LOAD c:/st/stm32cubeide_1.7.0/stm32cubeide/plugins/com.st.stm32cube.ide.mcu.externaltools.gnu-tools-for-stm32.10.3-2021.10.win32_1.0.0.202111181127/tools/bin/../lib/gcc/arm-none-eabi/10.3.1/../../../../arm-none-eabi/lib/thumb/v7e-m+fp/hard\libm.a
END GROUP
START GROUP
LOAD c:/st/stm32cubeide_1.7.0/stm32cubeide/plugins/com.st.stm32cube.ide.mcu.externaltools.gnu-tools-for-stm32.10.3-2021.10.win32_1.0.0.202111181127/tools/bin/../lib/gcc/arm-none-eabi/10.3.1/thumb/v7e-m+fp/hard\libgcc.a
LOAD c:/st/stm32cubeide_1.7.0/stm32cubeide/plugins/com.st.stm32cube.ide.mcu.externaltools.gnu-tools-for-stm32.10.3-2021.10.win32_1.0.0.202111181127/tools/bin/../lib/gcc/arm-none-eabi/10.3.1/../../../../arm-none-eabi/lib/thumb/v7e-m+fp/hard\libc_nano.a
END GROUP
START GROUP
LOAD c:/st/stm32cubeide_1.7.0/stm32cubeide/plugins/com.st.stm32cube.ide.mcu.externaltools.gnu-tools-for-stm32.10.3-2021.10.win32_1.0.0.202111181127/tools/bin/../lib/gcc/arm-none-eabi/10.3.1/thumb/v7e-m+fp/hard\libgcc.a
LOAD c:/st/stm32cubeide_1.7.0/stm32cubeide/plugins/com.st.stm32cube.ide.mcu.externaltools.gnu-tools-for-stm32.10.3-2021.10.win32_1.0.0.202111181127/tools/bin/../lib/gcc/arm-none-eabi/10.3.1/../../../../arm-none-eabi/lib/thumb/v7e-m+fp/hard\libc_nano.a
LOAD c:/st/stm32cubeide_1.7.0/stm32cubeide/plugins/com.st.stm32cube.ide.mcu.externaltools.gnu-tools-for-stm32.10.3-2021.10.win32_1.0.0.202111181127/tools/bin/../lib/gcc/arm-none-eabi/10.3.1/../../../../arm-none-eabi/lib/thumb/v7e-m+fp/hard\libnosys.a
END GROUP
START GROUP
LOAD c:/st/stm32cubeide_1.7.0/stm32cubeide/plugins/com.st.stm32cube.ide.mcu.externaltools.gnu-tools-for-stm32.10.3-2021.10.win32_1.0.0.202111181127/tools/bin/../lib/gcc/arm-none-eabi/10.3.1/thumb/v7e-m+fp/hard\libgcc.a
LOAD c:/st/stm32cubeide_1.7.0/stm32cubeide/plugins/com.st.stm32cube.ide.mcu.externaltools.gnu-tools-for-stm32.10.3-2021.10.win32_1.0.0.202111181127/tools/bin/../lib/gcc/arm-none-eabi/10.3.1/../../../../arm-none-eabi/lib/thumb/v7e-m+fp/hard\libc_nano.a
LOAD c:/st/stm32cubeide_1.7.0/stm32cubeide/plugins/com.st.stm32cube.ide.mcu.externaltools.gnu-tools-for-stm32.10.3-2021.10.win32_1.0.0.202111181127/tools/bin/../lib/gcc/arm-none-eabi/10.3.1/../../../../arm-none-eabi/lib/thumb/v7e-m+fp/hard\libnosys.a
END GROUP
LOAD c:/st/stm32cubeide_1.7.0/stm32cubeide/plugins/com.st.stm32cube.ide.mcu.externaltools.gnu-tools-for-stm32.10.3-2021.10.win32_1.0.0.202111181127/tools/bin/../lib/gcc/arm-none-eabi/10.3.1/thumb/v7e-m+fp/hard/crtend.o
LOAD c:/st/stm32cubeide_1.7.0/stm32cubeide/plugins/com.st.stm32cube.ide.mcu.externaltools.gnu-tools-for-stm32.10.3-2021.10.win32_1.0.0.202111181127/tools/bin/../lib/gcc/arm-none-eabi/10.3.1/thumb/v7e-m+fp/hard/crtn.o
                0x0000000020030000                _estack = (ORIGIN (RAM) + LENGTH (RAM))
                0x0000000000004000                _Min_Heap_Size = 0x4000
                0x0000000000008000                _Min_Stack_Size = 0x8000

.isr_vector     0x0000000008000000      0x1ac
                0x0000000008000000                . = ALIGN (0x4)
 *(.isr_vector)
 .isr_vector    0x0000000008000000      0x1ac ./Core/Startup/startup_stm32f427vitx.o
                0x0000000008000000                g_pfnVectors
                0x00000000080001ac                . = ALIGN (0x4)

.text           0x00000000080001b0    0x133c4
                0x00000000080001b0                . = ALIGN (0x4)
 *(.text)
 .text          0x00000000080001b0       0x40 c:/st/stm32cubeide_1.7.0/stm32cubeide/plugins/com.st.stm32cube.ide.mcu.externaltools.gnu-tools-for-stm32.10.3-2021.10.win32_1.0.0.202111181127/tools/bin/../lib/gcc/arm-none-eabi/10.3.1/thumb/v7e-m+fp/hard/crtbegin.o
 .text          0x00000000080001f0       0x14 c:/st/stm32cubeide_1.7.0/stm32cubeide/plugins/com.st.stm32cube.ide.mcu.externaltools.gnu-tools-for-stm32.10.3-2021.10.win32_1.0.0.202111181127/tools/bin/../lib/gcc/arm-none-eabi/10.3.1/../../../../arm-none-eabi/lib/thumb/v7e-m+fp/hard\libc_nano.a(lib_a-strcmp.o)
                0x00000000080001f0                strcmp
 .text          0x0000000008000204       0x10 c:/st/stm32cubeide_1.7.0/stm32cubeide/plugins/com.st.stm32cube.ide.mcu.externaltools.gnu-tools-for-stm32.10.3-2021.10.win32_1.0.0.202111181127/tools/bin/../lib/gcc/arm-none-eabi/10.3.1/../../../../arm-none-eabi/lib/thumb/v7e-m+fp/hard\libc_nano.a(lib_a-strlen.o)
                0x0000000008000204                strlen
 *fill*         0x0000000008000214        0xc 
 .text          0x0000000008000220       0xa0 c:/st/stm32cubeide_1.7.0/stm32cubeide/plugins/com.st.stm32cube.ide.mcu.externaltools.gnu-tools-for-stm32.10.3-2021.10.win32_1.0.0.202111181127/tools/bin/../lib/gcc/arm-none-eabi/10.3.1/../../../../arm-none-eabi/lib/thumb/v7e-m+fp/hard\libc_nano.a(lib_a-memchr.o)
                0x0000000008000220                memchr
 .text          0x00000000080002c0       0x30 c:/st/stm32cubeide_1.7.0/stm32cubeide/plugins/com.st.stm32cube.ide.mcu.externaltools.gnu-tools-for-stm32.10.3-2021.10.win32_1.0.0.202111181127/tools/bin/../lib/gcc/arm-none-eabi/10.3.1/thumb/v7e-m+fp/hard\libgcc.a(_aeabi_uldivmod.o)
                0x00000000080002c0                __aeabi_uldivmod
 .text          0x00000000080002f0      0x2d0 c:/st/stm32cubeide_1.7.0/stm32cubeide/plugins/com.st.stm32cube.ide.mcu.externaltools.gnu-tools-for-stm32.10.3-2021.10.win32_1.0.0.202111181127/tools/bin/../lib/gcc/arm-none-eabi/10.3.1/thumb/v7e-m+fp/hard\libgcc.a(_udivmoddi4.o)
                0x00000000080002f0                __udivmoddi4
 .text          0x00000000080005c0        0x4 c:/st/stm32cubeide_1.7.0/stm32cubeide/plugins/com.st.stm32cube.ide.mcu.externaltools.gnu-tools-for-stm32.10.3-2021.10.win32_1.0.0.202111181127/tools/bin/../lib/gcc/arm-none-eabi/10.3.1/thumb/v7e-m+fp/hard\libgcc.a(_dvmd_tls.o)
                0x00000000080005c0                __aeabi_idiv0
                0x00000000080005c0                __aeabi_ldiv0
 *(.text*)
 .text.Send_Uart
                0x00000000080005c4       0x2c ./Core/Src/File_Handling.o
                0x00000000080005c4                Send_Uart
 .text.send_file
                0x00000000080005f0       0x2c ./Core/Src/File_Handling.o
                0x00000000080005f0                send_file
 .text.Mount_SD
                0x000000000800061c       0x60 ./Core/Src/File_Handling.o
                0x000000000800061c                Mount_SD
 .text.Unmount_SD
                0x000000000800067c       0x44 ./Core/Src/File_Handling.o
                0x000000000800067c                Unmount_SD
 .text.Scan_SD  0x00000000080006c0      0x140 ./Core/Src/File_Handling.o
                0x00000000080006c0                Scan_SD
 .text.Read_File
                0x0000000008000800      0x19c ./Core/Src/File_Handling.o
                0x0000000008000800                Read_File
 .text.Create_File
                0x000000000800099c      0x138 ./Core/Src/File_Handling.o
                0x000000000800099c                Create_File
 .text.Update_File
                0x0000000008000ad4      0x18c ./Core/Src/File_Handling.o
                0x0000000008000ad4                Update_File
 .text.RTC_CalendarShow
                0x0000000008000c60       0x68 ./Core/Src/main.o
                0x0000000008000c60                RTC_CalendarShow
 .text.HAL_TIM_PeriodElapsedCallback
                0x0000000008000cc8       0x5c ./Core/Src/main.o
                0x0000000008000cc8                HAL_TIM_PeriodElapsedCallback
 .text.HAL_RTC_AlarmAEventCallback
                0x0000000008000d24      0x260 ./Core/Src/main.o
                0x0000000008000d24                HAL_RTC_AlarmAEventCallback
 .text.sensdataget
                0x0000000008000f84      0x244 ./Core/Src/main.o
                0x0000000008000f84                sensdataget
 .text.HAL_UART_RxCpltCallback
                0x00000000080011c8       0x38 ./Core/Src/main.o
                0x00000000080011c8                HAL_UART_RxCpltCallback
 .text.main     0x0000000008001200       0xe8 ./Core/Src/main.o
                0x0000000008001200                main
 .text.SystemClock_Config
                0x00000000080012e8       0xd8 ./Core/Src/main.o
                0x00000000080012e8                SystemClock_Config
 .text.MX_RTC_Init
                0x00000000080013c0      0x138 ./Core/Src/main.o
 .text.MX_SDIO_SD_Init
                0x00000000080014f8       0x40 ./Core/Src/main.o
 .text.MX_TIM7_Init
                0x0000000008001538       0x6c ./Core/Src/main.o
 .text.MX_UART7_Init
                0x00000000080015a4       0x54 ./Core/Src/main.o
 .text.MX_UART8_Init
                0x00000000080015f8       0x54 ./Core/Src/main.o
 .text.MX_USART1_UART_Init
                0x000000000800164c       0x54 ./Core/Src/main.o
 .text.MX_USART3_UART_Init
                0x00000000080016a0       0x54 ./Core/Src/main.o
 .text.MX_DMA_Init
                0x00000000080016f4       0x7c ./Core/Src/main.o
 .text.MX_GPIO_Init
                0x0000000008001770       0xf4 ./Core/Src/main.o
 .text.command  0x0000000008001864      0x3ac ./Core/Src/main.o
                0x0000000008001864                command
 .text.Error_Handler
                0x0000000008001c10       0x18 ./Core/Src/main.o
                0x0000000008001c10                Error_Handler
 .text.HAL_MspInit
                0x0000000008001c28       0x50 ./Core/Src/stm32f4xx_hal_msp.o
                0x0000000008001c28                HAL_MspInit
 .text.HAL_RTC_MspInit
                0x0000000008001c78       0x64 ./Core/Src/stm32f4xx_hal_msp.o
                0x0000000008001c78                HAL_RTC_MspInit
 .text.HAL_RTC_MspDeInit
                0x0000000008001cdc       0x30 ./Core/Src/stm32f4xx_hal_msp.o
                0x0000000008001cdc                HAL_RTC_MspDeInit
 .text.HAL_SD_MspInit
                0x0000000008001d0c      0x1d4 ./Core/Src/stm32f4xx_hal_msp.o
                0x0000000008001d0c                HAL_SD_MspInit
 .text.HAL_TIM_Base_MspInit
                0x0000000008001ee0       0x50 ./Core/Src/stm32f4xx_hal_msp.o
                0x0000000008001ee0                HAL_TIM_Base_MspInit
 .text.HAL_UART_MspInit
                0x0000000008001f30      0x278 ./Core/Src/stm32f4xx_hal_msp.o
                0x0000000008001f30                HAL_UART_MspInit
 .text.NMI_Handler
                0x00000000080021a8        0x6 ./Core/Src/stm32f4xx_it.o
                0x00000000080021a8                NMI_Handler
 .text.HardFault_Handler
                0x00000000080021ae        0x6 ./Core/Src/stm32f4xx_it.o
                0x00000000080021ae                HardFault_Handler
 .text.MemManage_Handler
                0x00000000080021b4        0x6 ./Core/Src/stm32f4xx_it.o
                0x00000000080021b4                MemManage_Handler
 .text.BusFault_Handler
                0x00000000080021ba        0x6 ./Core/Src/stm32f4xx_it.o
                0x00000000080021ba                BusFault_Handler
 .text.UsageFault_Handler
                0x00000000080021c0        0x6 ./Core/Src/stm32f4xx_it.o
                0x00000000080021c0                UsageFault_Handler
 .text.SVC_Handler
                0x00000000080021c6        0xe ./Core/Src/stm32f4xx_it.o
                0x00000000080021c6                SVC_Handler
 .text.DebugMon_Handler
                0x00000000080021d4        0xe ./Core/Src/stm32f4xx_it.o
                0x00000000080021d4                DebugMon_Handler
 .text.PendSV_Handler
                0x00000000080021e2        0xe ./Core/Src/stm32f4xx_it.o
                0x00000000080021e2                PendSV_Handler
 .text.SysTick_Handler
                0x00000000080021f0        0xc ./Core/Src/stm32f4xx_it.o
                0x00000000080021f0                SysTick_Handler
 .text.DMA1_Stream3_IRQHandler
                0x00000000080021fc       0x14 ./Core/Src/stm32f4xx_it.o
                0x00000000080021fc                DMA1_Stream3_IRQHandler
 .text.USART1_IRQHandler
                0x0000000008002210       0x14 ./Core/Src/stm32f4xx_it.o
                0x0000000008002210                USART1_IRQHandler
 .text.USART3_IRQHandler
                0x0000000008002224       0x14 ./Core/Src/stm32f4xx_it.o
                0x0000000008002224                USART3_IRQHandler
 .text.RTC_Alarm_IRQHandler
                0x0000000008002238       0x14 ./Core/Src/stm32f4xx_it.o
                0x0000000008002238                RTC_Alarm_IRQHandler
 .text.TIM7_IRQHandler
                0x000000000800224c       0x14 ./Core/Src/stm32f4xx_it.o
                0x000000000800224c                TIM7_IRQHandler
 .text.DMA2_Stream3_IRQHandler
                0x0000000008002260       0x14 ./Core/Src/stm32f4xx_it.o
                0x0000000008002260                DMA2_Stream3_IRQHandler
 .text.OTG_FS_IRQHandler
                0x0000000008002274       0x14 ./Core/Src/stm32f4xx_it.o
                0x0000000008002274                OTG_FS_IRQHandler
 .text.DMA2_Stream6_IRQHandler
                0x0000000008002288       0x14 ./Core/Src/stm32f4xx_it.o
                0x0000000008002288                DMA2_Stream6_IRQHandler
 .text.UART7_IRQHandler
                0x000000000800229c       0x14 ./Core/Src/stm32f4xx_it.o
                0x000000000800229c                UART7_IRQHandler
 .text.UART8_IRQHandler
                0x00000000080022b0       0x14 ./Core/Src/stm32f4xx_it.o
                0x00000000080022b0                UART8_IRQHandler
 .text._getpid  0x00000000080022c4       0x10 ./Core/Src/syscalls.o
                0x00000000080022c4                _getpid
 .text._kill    0x00000000080022d4       0x20 ./Core/Src/syscalls.o
                0x00000000080022d4                _kill
 .text._exit    0x00000000080022f4       0x14 ./Core/Src/syscalls.o
                0x00000000080022f4                _exit
 .text._read    0x0000000008002308       0x3a ./Core/Src/syscalls.o
                0x0000000008002308                _read
 .text._write   0x0000000008002342       0x38 ./Core/Src/syscalls.o
                0x0000000008002342                _write
 .text._close   0x000000000800237a       0x18 ./Core/Src/syscalls.o
                0x000000000800237a                _close
 .text._fstat   0x0000000008002392       0x20 ./Core/Src/syscalls.o
                0x0000000008002392                _fstat
 .text._isatty  0x00000000080023b2       0x16 ./Core/Src/syscalls.o
                0x00000000080023b2                _isatty
 .text._lseek   0x00000000080023c8       0x1a ./Core/Src/syscalls.o
                0x00000000080023c8                _lseek
 *fill*         0x00000000080023e2        0x2 
 .text._sbrk    0x00000000080023e4       0x6c ./Core/Src/sysmem.o
                0x00000000080023e4                _sbrk
 .text.SystemInit
                0x0000000008002450       0x24 ./Core/Src/system_stm32f4xx.o
                0x0000000008002450                SystemInit
 .text.Reset_Handler
                0x0000000008002474       0x50 ./Core/Startup/startup_stm32f427vitx.o
                0x0000000008002474                Reset_Handler
 .text.Default_Handler
                0x00000000080024c4        0x2 ./Core/Startup/startup_stm32f427vitx.o
                0x00000000080024c4                HASH_RNG_IRQHandler
                0x00000000080024c4                EXTI2_IRQHandler
                0x00000000080024c4                TIM8_CC_IRQHandler
                0x00000000080024c4                SPI4_IRQHandler
                0x00000000080024c4                TIM1_CC_IRQHandler
                0x00000000080024c4                DMA2_Stream5_IRQHandler
                0x00000000080024c4                DMA1_Stream5_IRQHandler
                0x00000000080024c4                PVD_IRQHandler
                0x00000000080024c4                SDIO_IRQHandler
                0x00000000080024c4                TAMP_STAMP_IRQHandler
                0x00000000080024c4                CAN2_RX1_IRQHandler
                0x00000000080024c4                EXTI3_IRQHandler
                0x00000000080024c4                TIM8_TRG_COM_TIM14_IRQHandler
                0x00000000080024c4                TIM1_UP_TIM10_IRQHandler
                0x00000000080024c4                TIM8_UP_TIM13_IRQHandler
                0x00000000080024c4                I2C3_ER_IRQHandler
                0x00000000080024c4                EXTI0_IRQHandler
                0x00000000080024c4                I2C2_EV_IRQHandler
                0x00000000080024c4                DMA1_Stream2_IRQHandler
                0x00000000080024c4                CAN1_RX0_IRQHandler
                0x00000000080024c4                FPU_IRQHandler
                0x00000000080024c4                OTG_HS_WKUP_IRQHandler
                0x00000000080024c4                CAN2_SCE_IRQHandler
                0x00000000080024c4                DMA2_Stream2_IRQHandler
                0x00000000080024c4                SPI1_IRQHandler
                0x00000000080024c4                TIM6_DAC_IRQHandler
                0x00000000080024c4                TIM1_BRK_TIM9_IRQHandler
                0x00000000080024c4                DCMI_IRQHandler
                0x00000000080024c4                CAN2_RX0_IRQHandler
                0x00000000080024c4                USART6_IRQHandler
                0x00000000080024c4                CAN1_RX1_IRQHandler
                0x00000000080024c4                UART5_IRQHandler
                0x00000000080024c4                DMA2_Stream0_IRQHandler
                0x00000000080024c4                TIM4_IRQHandler
                0x00000000080024c4                I2C1_EV_IRQHandler
                0x00000000080024c4                DMA1_Stream6_IRQHandler
                0x00000000080024c4                DMA1_Stream1_IRQHandler
                0x00000000080024c4                UART4_IRQHandler
                0x00000000080024c4                TIM3_IRQHandler
                0x00000000080024c4                RCC_IRQHandler
                0x00000000080024c4                TIM8_BRK_TIM12_IRQHandler
                0x00000000080024c4                Default_Handler
                0x00000000080024c4                EXTI15_10_IRQHandler
                0x00000000080024c4                ADC_IRQHandler
                0x00000000080024c4                DMA1_Stream7_IRQHandler
                0x00000000080024c4                SPI5_IRQHandler
                0x00000000080024c4                CAN2_TX_IRQHandler
                0x00000000080024c4                TIM5_IRQHandler
                0x00000000080024c4                DMA2_Stream7_IRQHandler
                0x00000000080024c4                I2C3_EV_IRQHandler
                0x00000000080024c4                EXTI9_5_IRQHandler
                0x00000000080024c4                RTC_WKUP_IRQHandler
                0x00000000080024c4                ETH_WKUP_IRQHandler
                0x00000000080024c4                SPI2_IRQHandler
                0x00000000080024c4                OTG_HS_EP1_IN_IRQHandler
                0x00000000080024c4                DMA1_Stream0_IRQHandler
                0x00000000080024c4                CAN1_TX_IRQHandler
                0x00000000080024c4                EXTI4_IRQHandler
                0x00000000080024c4                ETH_IRQHandler
                0x00000000080024c4                OTG_HS_EP1_OUT_IRQHandler
                0x00000000080024c4                WWDG_IRQHandler
                0x00000000080024c4                SPI6_IRQHandler
                0x00000000080024c4                TIM2_IRQHandler
                0x00000000080024c4                OTG_FS_WKUP_IRQHandler
                0x00000000080024c4                TIM1_TRG_COM_TIM11_IRQHandler
                0x00000000080024c4                OTG_HS_IRQHandler
                0x00000000080024c4                DMA2D_IRQHandler
                0x00000000080024c4                EXTI1_IRQHandler
                0x00000000080024c4                USART2_IRQHandler
                0x00000000080024c4                I2C2_ER_IRQHandler
                0x00000000080024c4                DMA2_Stream1_IRQHandler
                0x00000000080024c4                CAN1_SCE_IRQHandler
                0x00000000080024c4                FLASH_IRQHandler
                0x00000000080024c4                DMA2_Stream4_IRQHandler
                0x00000000080024c4                SPI3_IRQHandler
                0x00000000080024c4                DMA1_Stream4_IRQHandler
                0x00000000080024c4                I2C1_ER_IRQHandler
                0x00000000080024c4                FMC_IRQHandler
                0x00000000080024c4                SAI1_IRQHandler
 *fill*         0x00000000080024c6        0x2 
 .text.HAL_Init
                0x00000000080024c8       0x44 ./Drivers/STM32F4xx_HAL_Driver/Src/stm32f4xx_hal.o
                0x00000000080024c8                HAL_Init
 .text.HAL_InitTick
                0x000000000800250c       0x60 ./Drivers/STM32F4xx_HAL_Driver/Src/stm32f4xx_hal.o
                0x000000000800250c                HAL_InitTick
 .text.HAL_IncTick
                0x000000000800256c       0x28 ./Drivers/STM32F4xx_HAL_Driver/Src/stm32f4xx_hal.o
                0x000000000800256c                HAL_IncTick
 .text.HAL_GetTick
                0x0000000008002594       0x18 ./Drivers/STM32F4xx_HAL_Driver/Src/stm32f4xx_hal.o
                0x0000000008002594                HAL_GetTick
 .text.HAL_Delay
                0x00000000080025ac       0x48 ./Drivers/STM32F4xx_HAL_Driver/Src/stm32f4xx_hal.o
                0x00000000080025ac                HAL_Delay
 .text.__NVIC_SetPriorityGrouping
                0x00000000080025f4       0x48 ./Drivers/STM32F4xx_HAL_Driver/Src/stm32f4xx_hal_cortex.o
 .text.__NVIC_GetPriorityGrouping
                0x000000000800263c       0x1c ./Drivers/STM32F4xx_HAL_Driver/Src/stm32f4xx_hal_cortex.o
 .text.__NVIC_EnableIRQ
                0x0000000008002658       0x3c ./Drivers/STM32F4xx_HAL_Driver/Src/stm32f4xx_hal_cortex.o
 .text.__NVIC_DisableIRQ
                0x0000000008002694       0x48 ./Drivers/STM32F4xx_HAL_Driver/Src/stm32f4xx_hal_cortex.o
 .text.__NVIC_SetPriority
                0x00000000080026dc       0x54 ./Drivers/STM32F4xx_HAL_Driver/Src/stm32f4xx_hal_cortex.o
 .text.NVIC_EncodePriority
                0x0000000008002730       0x66 ./Drivers/STM32F4xx_HAL_Driver/Src/stm32f4xx_hal_cortex.o
 *fill*         0x0000000008002796        0x2 
 .text.__NVIC_SystemReset
                0x0000000008002798       0x2c ./Drivers/STM32F4xx_HAL_Driver/Src/stm32f4xx_hal_cortex.o
 .text.SysTick_Config
                0x00000000080027c4       0x44 ./Drivers/STM32F4xx_HAL_Driver/Src/stm32f4xx_hal_cortex.o
 .text.HAL_NVIC_SetPriorityGrouping
                0x0000000008002808       0x16 ./Drivers/STM32F4xx_HAL_Driver/Src/stm32f4xx_hal_cortex.o
                0x0000000008002808                HAL_NVIC_SetPriorityGrouping
 .text.HAL_NVIC_SetPriority
                0x000000000800281e       0x38 ./Drivers/STM32F4xx_HAL_Driver/Src/stm32f4xx_hal_cortex.o
                0x000000000800281e                HAL_NVIC_SetPriority
 .text.HAL_NVIC_EnableIRQ
                0x0000000008002856       0x1c ./Drivers/STM32F4xx_HAL_Driver/Src/stm32f4xx_hal_cortex.o
                0x0000000008002856                HAL_NVIC_EnableIRQ
 .text.HAL_NVIC_DisableIRQ
                0x0000000008002872       0x1c ./Drivers/STM32F4xx_HAL_Driver/Src/stm32f4xx_hal_cortex.o
                0x0000000008002872                HAL_NVIC_DisableIRQ
 .text.HAL_NVIC_SystemReset
                0x000000000800288e        0x8 ./Drivers/STM32F4xx_HAL_Driver/Src/stm32f4xx_hal_cortex.o
                0x000000000800288e                HAL_NVIC_SystemReset
 .text.HAL_SYSTICK_Config
                0x0000000008002896       0x18 ./Drivers/STM32F4xx_HAL_Driver/Src/stm32f4xx_hal_cortex.o
                0x0000000008002896                HAL_SYSTICK_Config
 *fill*         0x00000000080028ae        0x2 
 .text.HAL_DMA_Init
                0x00000000080028b0      0x15c ./Drivers/STM32F4xx_HAL_Driver/Src/stm32f4xx_hal_dma.o
                0x00000000080028b0                HAL_DMA_Init
 .text.HAL_DMA_Start_IT
                0x0000000008002a0c       0xb0 ./Drivers/STM32F4xx_HAL_Driver/Src/stm32f4xx_hal_dma.o
                0x0000000008002a0c                HAL_DMA_Start_IT
 .text.HAL_DMA_Abort
                0x0000000008002abc       0xe0 ./Drivers/STM32F4xx_HAL_Driver/Src/stm32f4xx_hal_dma.o
                0x0000000008002abc                HAL_DMA_Abort
 .text.HAL_DMA_Abort_IT
                0x0000000008002b9c       0x44 ./Drivers/STM32F4xx_HAL_Driver/Src/stm32f4xx_hal_dma.o
                0x0000000008002b9c                HAL_DMA_Abort_IT
 .text.HAL_DMA_IRQHandler
                0x0000000008002be0      0x314 ./Drivers/STM32F4xx_HAL_Driver/Src/stm32f4xx_hal_dma.o
                0x0000000008002be0                HAL_DMA_IRQHandler
 .text.HAL_DMA_GetError
                0x0000000008002ef4       0x18 ./Drivers/STM32F4xx_HAL_Driver/Src/stm32f4xx_hal_dma.o
                0x0000000008002ef4                HAL_DMA_GetError
 .text.DMA_SetConfig
                0x0000000008002f0c       0x5c ./Drivers/STM32F4xx_HAL_Driver/Src/stm32f4xx_hal_dma.o
 .text.DMA_CalcBaseAndBitshift
                0x0000000008002f68       0x6c ./Drivers/STM32F4xx_HAL_Driver/Src/stm32f4xx_hal_dma.o
 .text.DMA_CheckFifoParam
                0x0000000008002fd4       0xf8 ./Drivers/STM32F4xx_HAL_Driver/Src/stm32f4xx_hal_dma.o
 .text.HAL_GPIO_Init
                0x00000000080030cc      0x358 ./Drivers/STM32F4xx_HAL_Driver/Src/stm32f4xx_hal_gpio.o
                0x00000000080030cc                HAL_GPIO_Init
 .text.HAL_GPIO_WritePin
                0x0000000008003424       0x32 ./Drivers/STM32F4xx_HAL_Driver/Src/stm32f4xx_hal_gpio.o
                0x0000000008003424                HAL_GPIO_WritePin
 .text.HAL_GPIO_TogglePin
                0x0000000008003456       0x34 ./Drivers/STM32F4xx_HAL_Driver/Src/stm32f4xx_hal_gpio.o
                0x0000000008003456                HAL_GPIO_TogglePin
 .text.HAL_PCD_Init
                0x000000000800348a      0x23a ./Drivers/STM32F4xx_HAL_Driver/Src/stm32f4xx_hal_pcd.o
                0x000000000800348a                HAL_PCD_Init
 .text.HAL_PCD_Start
                0x00000000080036c4       0x66 ./Drivers/STM32F4xx_HAL_Driver/Src/stm32f4xx_hal_pcd.o
                0x00000000080036c4                HAL_PCD_Start
 .text.HAL_PCD_IRQHandler
                0x000000000800372a      0x93e ./Drivers/STM32F4xx_HAL_Driver/Src/stm32f4xx_hal_pcd.o
                0x000000000800372a                HAL_PCD_IRQHandler
 .text.HAL_PCD_SetAddress
                0x0000000008004068       0x4a ./Drivers/STM32F4xx_HAL_Driver/Src/stm32f4xx_hal_pcd.o
                0x0000000008004068                HAL_PCD_SetAddress
 .text.HAL_PCD_EP_Open
                0x00000000080040b2       0xd0 ./Drivers/STM32F4xx_HAL_Driver/Src/stm32f4xx_hal_pcd.o
                0x00000000080040b2                HAL_PCD_EP_Open
 .text.HAL_PCD_EP_Close
                0x0000000008004182       0x94 ./Drivers/STM32F4xx_HAL_Driver/Src/stm32f4xx_hal_pcd.o
                0x0000000008004182                HAL_PCD_EP_Close
 .text.HAL_PCD_EP_Receive
                0x0000000008004216       0x96 ./Drivers/STM32F4xx_HAL_Driver/Src/stm32f4xx_hal_pcd.o
                0x0000000008004216                HAL_PCD_EP_Receive
 .text.HAL_PCD_EP_GetRxCount
                0x00000000080042ac       0x30 ./Drivers/STM32F4xx_HAL_Driver/Src/stm32f4xx_hal_pcd.o
                0x00000000080042ac                HAL_PCD_EP_GetRxCount
 .text.HAL_PCD_EP_Transmit
                0x00000000080042dc       0x94 ./Drivers/STM32F4xx_HAL_Driver/Src/stm32f4xx_hal_pcd.o
                0x00000000080042dc                HAL_PCD_EP_Transmit
 .text.HAL_PCD_EP_SetStall
                0x0000000008004370       0xc8 ./Drivers/STM32F4xx_HAL_Driver/Src/stm32f4xx_hal_pcd.o
                0x0000000008004370                HAL_PCD_EP_SetStall
 .text.HAL_PCD_EP_ClrStall
                0x0000000008004438       0xac ./Drivers/STM32F4xx_HAL_Driver/Src/stm32f4xx_hal_pcd.o
                0x0000000008004438                HAL_PCD_EP_ClrStall
 .text.HAL_PCD_EP_Abort
                0x00000000080044e4       0x62 ./Drivers/STM32F4xx_HAL_Driver/Src/stm32f4xx_hal_pcd.o
                0x00000000080044e4                HAL_PCD_EP_Abort
 .text.HAL_PCD_EP_Flush
                0x0000000008004546       0x5a ./Drivers/STM32F4xx_HAL_Driver/Src/stm32f4xx_hal_pcd.o
                0x0000000008004546                HAL_PCD_EP_Flush
 .text.PCD_WriteEmptyTxFifo
                0x00000000080045a0      0x11a ./Drivers/STM32F4xx_HAL_Driver/Src/stm32f4xx_hal_pcd.o
 *fill*         0x00000000080046ba        0x2 
 .text.PCD_EP_OutXfrComplete_int
                0x00000000080046bc      0x1d0 ./Drivers/STM32F4xx_HAL_Driver/Src/stm32f4xx_hal_pcd.o
 .text.PCD_EP_OutSetupPacket_int
                0x000000000800488c       0x8c ./Drivers/STM32F4xx_HAL_Driver/Src/stm32f4xx_hal_pcd.o
 .text.HAL_PCDEx_SetTxFiFo
                0x0000000008004918       0x8e ./Drivers/STM32F4xx_HAL_Driver/Src/stm32f4xx_hal_pcd_ex.o
                0x0000000008004918                HAL_PCDEx_SetTxFiFo
 .text.HAL_PCDEx_SetRxFiFo
                0x00000000080049a6       0x22 ./Drivers/STM32F4xx_HAL_Driver/Src/stm32f4xx_hal_pcd_ex.o
                0x00000000080049a6                HAL_PCDEx_SetRxFiFo
 .text.HAL_PCDEx_LPM_Callback
                0x00000000080049c8       0x18 ./Drivers/STM32F4xx_HAL_Driver/Src/stm32f4xx_hal_pcd_ex.o
                0x00000000080049c8                HAL_PCDEx_LPM_Callback
 .text.HAL_RCC_OscConfig
                0x00000000080049e0      0x4f0 ./Drivers/STM32F4xx_HAL_Driver/Src/stm32f4xx_hal_rcc.o
                0x00000000080049e0                HAL_RCC_OscConfig
 .text.HAL_RCC_ClockConfig
                0x0000000008004ed0      0x1cc ./Drivers/STM32F4xx_HAL_Driver/Src/stm32f4xx_hal_rcc.o
                0x0000000008004ed0                HAL_RCC_ClockConfig
 .text.HAL_RCC_GetSysClockFreq
                0x000000000800509c      0x18c ./Drivers/STM32F4xx_HAL_Driver/Src/stm32f4xx_hal_rcc.o
                0x000000000800509c                HAL_RCC_GetSysClockFreq
 .text.HAL_RCC_GetHCLKFreq
                0x0000000008005228       0x18 ./Drivers/STM32F4xx_HAL_Driver/Src/stm32f4xx_hal_rcc.o
                0x0000000008005228                HAL_RCC_GetHCLKFreq
 .text.HAL_RCC_GetPCLK1Freq
                0x0000000008005240       0x28 ./Drivers/STM32F4xx_HAL_Driver/Src/stm32f4xx_hal_rcc.o
                0x0000000008005240                HAL_RCC_GetPCLK1Freq
 .text.HAL_RCC_GetPCLK2Freq
                0x0000000008005268       0x28 ./Drivers/STM32F4xx_HAL_Driver/Src/stm32f4xx_hal_rcc.o
                0x0000000008005268                HAL_RCC_GetPCLK2Freq
 .text.HAL_RCCEx_PeriphCLKConfig
                0x0000000008005290      0x380 ./Drivers/STM32F4xx_HAL_Driver/Src/stm32f4xx_hal_rcc_ex.o
                0x0000000008005290                HAL_RCCEx_PeriphCLKConfig
 .text.HAL_RTC_Init
                0x0000000008005610      0x150 ./Drivers/STM32F4xx_HAL_Driver/Src/stm32f4xx_hal_rtc.o
                0x0000000008005610                HAL_RTC_Init
 .text.HAL_RTC_SetTime
                0x0000000008005760      0x134 ./Drivers/STM32F4xx_HAL_Driver/Src/stm32f4xx_hal_rtc.o
                0x0000000008005760                HAL_RTC_SetTime
 .text.HAL_RTC_GetTime
                0x0000000008005894       0xbc ./Drivers/STM32F4xx_HAL_Driver/Src/stm32f4xx_hal_rtc.o
                0x0000000008005894                HAL_RTC_GetTime
 .text.HAL_RTC_SetDate
                0x0000000008005950      0x108 ./Drivers/STM32F4xx_HAL_Driver/Src/stm32f4xx_hal_rtc.o
                0x0000000008005950                HAL_RTC_SetDate
 .text.HAL_RTC_GetDate
                0x0000000008005a58       0x9e ./Drivers/STM32F4xx_HAL_Driver/Src/stm32f4xx_hal_rtc.o
                0x0000000008005a58                HAL_RTC_GetDate
 *fill*         0x0000000008005af6        0x2 
 .text.HAL_RTC_SetAlarm_IT
                0x0000000008005af8      0x284 ./Drivers/STM32F4xx_HAL_Driver/Src/stm32f4xx_hal_rtc.o
                0x0000000008005af8                HAL_RTC_SetAlarm_IT
 .text.HAL_RTC_AlarmIRQHandler
                0x0000000008005d7c       0x90 ./Drivers/STM32F4xx_HAL_Driver/Src/stm32f4xx_hal_rtc.o
                0x0000000008005d7c                HAL_RTC_AlarmIRQHandler
 .text.HAL_RTC_WaitForSynchro
                0x0000000008005e0c       0x50 ./Drivers/STM32F4xx_HAL_Driver/Src/stm32f4xx_hal_rtc.o
                0x0000000008005e0c                HAL_RTC_WaitForSynchro
 .text.RTC_EnterInitMode
                0x0000000008005e5c       0x6e ./Drivers/STM32F4xx_HAL_Driver/Src/stm32f4xx_hal_rtc.o
                0x0000000008005e5c                RTC_EnterInitMode
 .text.RTC_ExitInitMode
                0x0000000008005eca       0x4a ./Drivers/STM32F4xx_HAL_Driver/Src/stm32f4xx_hal_rtc.o
                0x0000000008005eca                RTC_ExitInitMode
 .text.RTC_ByteToBcd2
                0x0000000008005f14       0x3a ./Drivers/STM32F4xx_HAL_Driver/Src/stm32f4xx_hal_rtc.o
                0x0000000008005f14                RTC_ByteToBcd2
 .text.RTC_Bcd2ToByte
                0x0000000008005f4e       0x38 ./Drivers/STM32F4xx_HAL_Driver/Src/stm32f4xx_hal_rtc.o
                0x0000000008005f4e                RTC_Bcd2ToByte
 .text.HAL_RTCEx_TimeStampEventCallback
                0x0000000008005f86       0x14 ./Drivers/STM32F4xx_HAL_Driver/Src/stm32f4xx_hal_rtc_ex.o
                0x0000000008005f86                HAL_RTCEx_TimeStampEventCallback
 .text.HAL_RTCEx_Tamper1EventCallback
                0x0000000008005f9a       0x14 ./Drivers/STM32F4xx_HAL_Driver/Src/stm32f4xx_hal_rtc_ex.o
                0x0000000008005f9a                HAL_RTCEx_Tamper1EventCallback
 .text.HAL_RTCEx_Tamper2EventCallback
                0x0000000008005fae       0x14 ./Drivers/STM32F4xx_HAL_Driver/Src/stm32f4xx_hal_rtc_ex.o
                0x0000000008005fae                HAL_RTCEx_Tamper2EventCallback
 .text.HAL_RTCEx_WakeUpTimerEventCallback
                0x0000000008005fc2       0x14 ./Drivers/STM32F4xx_HAL_Driver/Src/stm32f4xx_hal_rtc_ex.o
                0x0000000008005fc2                HAL_RTCEx_WakeUpTimerEventCallback
 .text.HAL_RTCEx_BKUPWrite
                0x0000000008005fd6       0x34 ./Drivers/STM32F4xx_HAL_Driver/Src/stm32f4xx_hal_rtc_ex.o
                0x0000000008005fd6                HAL_RTCEx_BKUPWrite
 .text.HAL_RTCEx_BKUPRead
                0x000000000800600a       0x30 ./Drivers/STM32F4xx_HAL_Driver/Src/stm32f4xx_hal_rtc_ex.o
                0x000000000800600a                HAL_RTCEx_BKUPRead
 .text.HAL_RTCEx_AlarmBEventCallback
                0x000000000800603a       0x14 ./Drivers/STM32F4xx_HAL_Driver/Src/stm32f4xx_hal_rtc_ex.o
                0x000000000800603a                HAL_RTCEx_AlarmBEventCallback
 .text.HAL_SD_Init
                0x000000000800604e       0x60 ./Drivers/STM32F4xx_HAL_Driver/Src/stm32f4xx_hal_sd.o
                0x000000000800604e                HAL_SD_Init
 *fill*         0x00000000080060ae        0x2 
 .text.HAL_SD_InitCard
                0x00000000080060b0      0x100 ./Drivers/STM32F4xx_HAL_Driver/Src/stm32f4xx_hal_sd.o
                0x00000000080060b0                HAL_SD_InitCard
 .text.HAL_SD_ReadBlocks
                0x00000000080061b0      0x3bc ./Drivers/STM32F4xx_HAL_Driver/Src/stm32f4xx_hal_sd.o
                0x00000000080061b0                HAL_SD_ReadBlocks
 .text.HAL_SD_WriteBlocks
                0x000000000800656c      0x30c ./Drivers/STM32F4xx_HAL_Driver/Src/stm32f4xx_hal_sd.o
                0x000000000800656c                HAL_SD_WriteBlocks
 .text.HAL_SD_ReadBlocks_DMA
                0x0000000008006878      0x1c4 ./Drivers/STM32F4xx_HAL_Driver/Src/stm32f4xx_hal_sd.o
                0x0000000008006878                HAL_SD_ReadBlocks_DMA
 .text.HAL_SD_WriteBlocks_DMA
                0x0000000008006a3c      0x1cc ./Drivers/STM32F4xx_HAL_Driver/Src/stm32f4xx_hal_sd.o
                0x0000000008006a3c                HAL_SD_WriteBlocks_DMA
 .text.HAL_SD_ErrorCallback
                0x0000000008006c08       0x14 ./Drivers/STM32F4xx_HAL_Driver/Src/stm32f4xx_hal_sd.o
                0x0000000008006c08                HAL_SD_ErrorCallback
 .text.HAL_SD_GetCardCSD
                0x0000000008006c1c      0x348 ./Drivers/STM32F4xx_HAL_Driver/Src/stm32f4xx_hal_sd.o
                0x0000000008006c1c                HAL_SD_GetCardCSD
 .text.HAL_SD_GetCardInfo
                0x0000000008006f64       0x58 ./Drivers/STM32F4xx_HAL_Driver/Src/stm32f4xx_hal_sd.o
                0x0000000008006f64                HAL_SD_GetCardInfo
 .text.HAL_SD_ConfigWideBusOperation
                0x0000000008006fbc      0x134 ./Drivers/STM32F4xx_HAL_Driver/Src/stm32f4xx_hal_sd.o
                0x0000000008006fbc                HAL_SD_ConfigWideBusOperation
 .text.HAL_SD_GetCardState
                0x00000000080070f0       0x40 ./Drivers/STM32F4xx_HAL_Driver/Src/stm32f4xx_hal_sd.o
                0x00000000080070f0                HAL_SD_GetCardState
 .text.SD_DMATransmitCplt
                0x0000000008007130       0x2a ./Drivers/STM32F4xx_HAL_Driver/Src/stm32f4xx_hal_sd.o
 .text.SD_DMAReceiveCplt
                0x000000000800715a       0x70 ./Drivers/STM32F4xx_HAL_Driver/Src/stm32f4xx_hal_sd.o
 *fill*         0x00000000080071ca        0x2 
 .text.SD_DMAError
                0x00000000080071cc       0xa4 ./Drivers/STM32F4xx_HAL_Driver/Src/stm32f4xx_hal_sd.o
 .text.SD_InitCard
                0x0000000008007270      0x19c ./Drivers/STM32F4xx_HAL_Driver/Src/stm32f4xx_hal_sd.o
 .text.SD_PowerON
                0x000000000800740c      0x11c ./Drivers/STM32F4xx_HAL_Driver/Src/stm32f4xx_hal_sd.o
 .text.SD_SendStatus
                0x0000000008007528       0x50 ./Drivers/STM32F4xx_HAL_Driver/Src/stm32f4xx_hal_sd.o
 .text.SD_WideBus_Enable
                0x0000000008007578       0x96 ./Drivers/STM32F4xx_HAL_Driver/Src/stm32f4xx_hal_sd.o
 .text.SD_WideBus_Disable
                0x000000000800760e       0x96 ./Drivers/STM32F4xx_HAL_Driver/Src/stm32f4xx_hal_sd.o
 .text.SD_FindSCR
                0x00000000080076a4      0x1a6 ./Drivers/STM32F4xx_HAL_Driver/Src/stm32f4xx_hal_sd.o
 .text.HAL_TIM_Base_Init
                0x000000000800784a       0x9e ./Drivers/STM32F4xx_HAL_Driver/Src/stm32f4xx_hal_tim.o
                0x000000000800784a                HAL_TIM_Base_Init
 .text.HAL_TIM_Base_Start_IT
                0x00000000080078e8       0xe0 ./Drivers/STM32F4xx_HAL_Driver/Src/stm32f4xx_hal_tim.o
                0x00000000080078e8                HAL_TIM_Base_Start_IT
 .text.HAL_TIM_IRQHandler
                0x00000000080079c8      0x210 ./Drivers/STM32F4xx_HAL_Driver/Src/stm32f4xx_hal_tim.o
                0x00000000080079c8                HAL_TIM_IRQHandler
 .text.HAL_TIM_OC_DelayElapsedCallback
                0x0000000008007bd8       0x14 ./Drivers/STM32F4xx_HAL_Driver/Src/stm32f4xx_hal_tim.o
                0x0000000008007bd8                HAL_TIM_OC_DelayElapsedCallback
 .text.HAL_TIM_IC_CaptureCallback
                0x0000000008007bec       0x14 ./Drivers/STM32F4xx_HAL_Driver/Src/stm32f4xx_hal_tim.o
                0x0000000008007bec                HAL_TIM_IC_CaptureCallback
 .text.HAL_TIM_PWM_PulseFinishedCallback
                0x0000000008007c00       0x14 ./Drivers/STM32F4xx_HAL_Driver/Src/stm32f4xx_hal_tim.o
                0x0000000008007c00                HAL_TIM_PWM_PulseFinishedCallback
 .text.HAL_TIM_TriggerCallback
                0x0000000008007c14       0x14 ./Drivers/STM32F4xx_HAL_Driver/Src/stm32f4xx_hal_tim.o
                0x0000000008007c14                HAL_TIM_TriggerCallback
 .text.TIM_Base_SetConfig
                0x0000000008007c28      0x140 ./Drivers/STM32F4xx_HAL_Driver/Src/stm32f4xx_hal_tim.o
                0x0000000008007c28                TIM_Base_SetConfig
 .text.HAL_TIMEx_MasterConfigSynchronization
                0x0000000008007d68       0xf8 ./Drivers/STM32F4xx_HAL_Driver/Src/stm32f4xx_hal_tim_ex.o
                0x0000000008007d68                HAL_TIMEx_MasterConfigSynchronization
 .text.HAL_TIMEx_CommutCallback
                0x0000000008007e60       0x14 ./Drivers/STM32F4xx_HAL_Driver/Src/stm32f4xx_hal_tim_ex.o
                0x0000000008007e60                HAL_TIMEx_CommutCallback
 .text.HAL_TIMEx_BreakCallback
                0x0000000008007e74       0x14 ./Drivers/STM32F4xx_HAL_Driver/Src/stm32f4xx_hal_tim_ex.o
                0x0000000008007e74                HAL_TIMEx_BreakCallback
 .text.HAL_UART_Init
                0x0000000008007e88       0x9a ./Drivers/STM32F4xx_HAL_Driver/Src/stm32f4xx_hal_uart.o
                0x0000000008007e88                HAL_UART_Init
 .text.HAL_UART_Transmit
                0x0000000008007f22      0x124 ./Drivers/STM32F4xx_HAL_Driver/Src/stm32f4xx_hal_uart.o
                0x0000000008007f22                HAL_UART_Transmit
 .text.HAL_UART_Receive_IT
                0x0000000008008046       0x60 ./Drivers/STM32F4xx_HAL_Driver/Src/stm32f4xx_hal_uart.o
                0x0000000008008046                HAL_UART_Receive_IT
 *fill*         0x00000000080080a6        0x2 
 .text.HAL_UART_IRQHandler
                0x00000000080080a8      0x51c ./Drivers/STM32F4xx_HAL_Driver/Src/stm32f4xx_hal_uart.o
                0x00000000080080a8                HAL_UART_IRQHandler
 .text.HAL_UART_TxCpltCallback
                0x00000000080085c4       0x14 ./Drivers/STM32F4xx_HAL_Driver/Src/stm32f4xx_hal_uart.o
                0x00000000080085c4                HAL_UART_TxCpltCallback
 .text.HAL_UART_ErrorCallback
                0x00000000080085d8       0x14 ./Drivers/STM32F4xx_HAL_Driver/Src/stm32f4xx_hal_uart.o
                0x00000000080085d8                HAL_UART_ErrorCallback
 .text.HAL_UARTEx_RxEventCallback
                0x00000000080085ec       0x18 ./Drivers/STM32F4xx_HAL_Driver/Src/stm32f4xx_hal_uart.o
                0x00000000080085ec                HAL_UARTEx_RxEventCallback
 .text.UART_WaitOnFlagUntilTimeout
                0x0000000008008604       0xdc ./Drivers/STM32F4xx_HAL_Driver/Src/stm32f4xx_hal_uart.o
 .text.UART_Start_Receive_IT
                0x00000000080086e0       0x7c ./Drivers/STM32F4xx_HAL_Driver/Src/stm32f4xx_hal_uart.o
                0x00000000080086e0                UART_Start_Receive_IT
 .text.UART_EndRxTransfer
                0x000000000800875c       0xc6 ./Drivers/STM32F4xx_HAL_Driver/Src/stm32f4xx_hal_uart.o
 .text.UART_DMAAbortOnError
                0x0000000008008822       0x28 ./Drivers/STM32F4xx_HAL_Driver/Src/stm32f4xx_hal_uart.o
 .text.UART_Transmit_IT
                0x000000000800884a       0xa0 ./Drivers/STM32F4xx_HAL_Driver/Src/stm32f4xx_hal_uart.o
 .text.UART_EndTransmit_IT
                0x00000000080088ea       0x30 ./Drivers/STM32F4xx_HAL_Driver/Src/stm32f4xx_hal_uart.o
 .text.UART_Receive_IT
                0x000000000800891a      0x176 ./Drivers/STM32F4xx_HAL_Driver/Src/stm32f4xx_hal_uart.o
 .text.UART_SetConfig
                0x0000000008008a90      0x4e8 ./Drivers/STM32F4xx_HAL_Driver/Src/stm32f4xx_hal_uart.o
 .text.SDIO_Init
                0x0000000008008f78       0x56 ./Drivers/STM32F4xx_HAL_Driver/Src/stm32f4xx_ll_sdmmc.o
                0x0000000008008f78                SDIO_Init
 .text.SDIO_ReadFIFO
                0x0000000008008fce       0x1a ./Drivers/STM32F4xx_HAL_Driver/Src/stm32f4xx_ll_sdmmc.o
                0x0000000008008fce                SDIO_ReadFIFO
 .text.SDIO_WriteFIFO
                0x0000000008008fe8       0x22 ./Drivers/STM32F4xx_HAL_Driver/Src/stm32f4xx_ll_sdmmc.o
                0x0000000008008fe8                SDIO_WriteFIFO
 .text.SDIO_PowerState_ON
                0x000000000800900a       0x1c ./Drivers/STM32F4xx_HAL_Driver/Src/stm32f4xx_ll_sdmmc.o
                0x000000000800900a                SDIO_PowerState_ON
 .text.SDIO_GetPowerState
                0x0000000008009026       0x1c ./Drivers/STM32F4xx_HAL_Driver/Src/stm32f4xx_ll_sdmmc.o
                0x0000000008009026                SDIO_GetPowerState
 .text.SDIO_SendCommand
                0x0000000008009042       0x54 ./Drivers/STM32F4xx_HAL_Driver/Src/stm32f4xx_ll_sdmmc.o
                0x0000000008009042                SDIO_SendCommand
 .text.SDIO_GetCommandResponse
                0x0000000008009096       0x1a ./Drivers/STM32F4xx_HAL_Driver/Src/stm32f4xx_ll_sdmmc.o
                0x0000000008009096                SDIO_GetCommandResponse
 .text.SDIO_GetResponse
                0x00000000080090b0       0x26 ./Drivers/STM32F4xx_HAL_Driver/Src/stm32f4xx_ll_sdmmc.o
                0x00000000080090b0                SDIO_GetResponse
 .text.SDIO_ConfigData
                0x00000000080090d6       0x58 ./Drivers/STM32F4xx_HAL_Driver/Src/stm32f4xx_ll_sdmmc.o
                0x00000000080090d6                SDIO_ConfigData
 .text.SDMMC_CmdBlockLength
                0x000000000800912e       0x44 ./Drivers/STM32F4xx_HAL_Driver/Src/stm32f4xx_ll_sdmmc.o
                0x000000000800912e                SDMMC_CmdBlockLength
 .text.SDMMC_CmdReadSingleBlock
                0x0000000008009172       0x44 ./Drivers/STM32F4xx_HAL_Driver/Src/stm32f4xx_ll_sdmmc.o
                0x0000000008009172                SDMMC_CmdReadSingleBlock
 .text.SDMMC_CmdReadMultiBlock
                0x00000000080091b6       0x44 ./Drivers/STM32F4xx_HAL_Driver/Src/stm32f4xx_ll_sdmmc.o
                0x00000000080091b6                SDMMC_CmdReadMultiBlock
 .text.SDMMC_CmdWriteSingleBlock
                0x00000000080091fa       0x44 ./Drivers/STM32F4xx_HAL_Driver/Src/stm32f4xx_ll_sdmmc.o
                0x00000000080091fa                SDMMC_CmdWriteSingleBlock
 .text.SDMMC_CmdWriteMultiBlock
                0x000000000800923e       0x44 ./Drivers/STM32F4xx_HAL_Driver/Src/stm32f4xx_ll_sdmmc.o
                0x000000000800923e                SDMMC_CmdWriteMultiBlock
 *fill*         0x0000000008009282        0x2 
 .text.SDMMC_CmdStopTransfer
                0x0000000008009284       0x44 ./Drivers/STM32F4xx_HAL_Driver/Src/stm32f4xx_ll_sdmmc.o
                0x0000000008009284                SDMMC_CmdStopTransfer
 .text.SDMMC_CmdSelDesel
                0x00000000080092c8       0x46 ./Drivers/STM32F4xx_HAL_Driver/Src/stm32f4xx_ll_sdmmc.o
                0x00000000080092c8                SDMMC_CmdSelDesel
 .text.SDMMC_CmdGoIdleState
                0x000000000800930e       0x3c ./Drivers/STM32F4xx_HAL_Driver/Src/stm32f4xx_ll_sdmmc.o
                0x000000000800930e                SDMMC_CmdGoIdleState
 .text.SDMMC_CmdOperCond
                0x000000000800934a       0x3e ./Drivers/STM32F4xx_HAL_Driver/Src/stm32f4xx_ll_sdmmc.o
                0x000000000800934a                SDMMC_CmdOperCond
 .text.SDMMC_CmdAppCommand
                0x0000000008009388       0x44 ./Drivers/STM32F4xx_HAL_Driver/Src/stm32f4xx_ll_sdmmc.o
                0x0000000008009388                SDMMC_CmdAppCommand
 .text.SDMMC_CmdAppOperCommand
                0x00000000080093cc       0x46 ./Drivers/STM32F4xx_HAL_Driver/Src/stm32f4xx_ll_sdmmc.o
                0x00000000080093cc                SDMMC_CmdAppOperCommand
 .text.SDMMC_CmdBusWidth
                0x0000000008009412       0x44 ./Drivers/STM32F4xx_HAL_Driver/Src/stm32f4xx_ll_sdmmc.o
                0x0000000008009412                SDMMC_CmdBusWidth
 .text.SDMMC_CmdSendSCR
                0x0000000008009456       0x42 ./Drivers/STM32F4xx_HAL_Driver/Src/stm32f4xx_ll_sdmmc.o
                0x0000000008009456                SDMMC_CmdSendSCR
 .text.SDMMC_CmdSendCID
                0x0000000008009498       0x3c ./Drivers/STM32F4xx_HAL_Driver/Src/stm32f4xx_ll_sdmmc.o
                0x0000000008009498                SDMMC_CmdSendCID
 .text.SDMMC_CmdSendCSD
                0x00000000080094d4       0x3e ./Drivers/STM32F4xx_HAL_Driver/Src/stm32f4xx_ll_sdmmc.o
                0x00000000080094d4                SDMMC_CmdSendCSD
 .text.SDMMC_CmdSetRelAdd
                0x0000000008009512       0x42 ./Drivers/STM32F4xx_HAL_Driver/Src/stm32f4xx_ll_sdmmc.o
                0x0000000008009512                SDMMC_CmdSetRelAdd
 .text.SDMMC_CmdSendStatus
                0x0000000008009554       0x44 ./Drivers/STM32F4xx_HAL_Driver/Src/stm32f4xx_ll_sdmmc.o
                0x0000000008009554                SDMMC_CmdSendStatus
 .text.SDMMC_GetCmdResp1
                0x0000000008009598      0x1dc ./Drivers/STM32F4xx_HAL_Driver/Src/stm32f4xx_ll_sdmmc.o
                0x0000000008009598                SDMMC_GetCmdResp1
 .text.SDMMC_GetCmdResp2
                0x0000000008009774       0x90 ./Drivers/STM32F4xx_HAL_Driver/Src/stm32f4xx_ll_sdmmc.o
                0x0000000008009774                SDMMC_GetCmdResp2
 .text.SDMMC_GetCmdResp3
                0x0000000008009804       0x7c ./Drivers/STM32F4xx_HAL_Driver/Src/stm32f4xx_ll_sdmmc.o
                0x0000000008009804                SDMMC_GetCmdResp3
 .text.SDMMC_GetCmdResp6
                0x0000000008009880       0xec ./Drivers/STM32F4xx_HAL_Driver/Src/stm32f4xx_ll_sdmmc.o
                0x0000000008009880                SDMMC_GetCmdResp6
 .text.SDMMC_GetCmdResp7
                0x000000000800996c       0x9c ./Drivers/STM32F4xx_HAL_Driver/Src/stm32f4xx_ll_sdmmc.o
                0x000000000800996c                SDMMC_GetCmdResp7
 .text.SDMMC_GetCmdError
                0x0000000008009a08       0x58 ./Drivers/STM32F4xx_HAL_Driver/Src/stm32f4xx_ll_sdmmc.o
 .text.USB_CoreInit
                0x0000000008009a60       0xc2 ./Drivers/STM32F4xx_HAL_Driver/Src/stm32f4xx_ll_usb.o
                0x0000000008009a60                USB_CoreInit
 *fill*         0x0000000008009b22        0x2 
 .text.USB_SetTurnaroundTime
                0x0000000008009b24      0x144 ./Drivers/STM32F4xx_HAL_Driver/Src/stm32f4xx_ll_usb.o
                0x0000000008009b24                USB_SetTurnaroundTime
 .text.USB_EnableGlobalInt
                0x0000000008009c68       0x22 ./Drivers/STM32F4xx_HAL_Driver/Src/stm32f4xx_ll_usb.o
                0x0000000008009c68                USB_EnableGlobalInt
 .text.USB_DisableGlobalInt
                0x0000000008009c8a       0x22 ./Drivers/STM32F4xx_HAL_Driver/Src/stm32f4xx_ll_usb.o
                0x0000000008009c8a                USB_DisableGlobalInt
 .text.USB_SetCurrentMode
                0x0000000008009cac       0x98 ./Drivers/STM32F4xx_HAL_Driver/Src/stm32f4xx_ll_usb.o
                0x0000000008009cac                USB_SetCurrentMode
 .text.USB_DevInit
                0x0000000008009d44      0x2c8 ./Drivers/STM32F4xx_HAL_Driver/Src/stm32f4xx_ll_usb.o
                0x0000000008009d44                USB_DevInit
 .text.USB_FlushTxFifo
                0x000000000800a00c       0x68 ./Drivers/STM32F4xx_HAL_Driver/Src/stm32f4xx_ll_usb.o
                0x000000000800a00c                USB_FlushTxFifo
 .text.USB_FlushRxFifo
                0x000000000800a074       0x60 ./Drivers/STM32F4xx_HAL_Driver/Src/stm32f4xx_ll_usb.o
                0x000000000800a074                USB_FlushRxFifo
 .text.USB_SetDevSpeed
                0x000000000800a0d4       0x32 ./Drivers/STM32F4xx_HAL_Driver/Src/stm32f4xx_ll_usb.o
                0x000000000800a0d4                USB_SetDevSpeed
 .text.USB_GetDevSpeed
                0x000000000800a106       0x4a ./Drivers/STM32F4xx_HAL_Driver/Src/stm32f4xx_ll_usb.o
                0x000000000800a106                USB_GetDevSpeed
 .text.USB_ActivateEndpoint
                0x000000000800a150      0x10e ./Drivers/STM32F4xx_HAL_Driver/Src/stm32f4xx_ll_usb.o
                0x000000000800a150                USB_ActivateEndpoint
 *fill*         0x000000000800a25e        0x2 
 .text.USB_DeactivateEndpoint
                0x000000000800a260      0x1b8 ./Drivers/STM32F4xx_HAL_Driver/Src/stm32f4xx_ll_usb.o
                0x000000000800a260                USB_DeactivateEndpoint
 .text.USB_EPStartXfer
                0x000000000800a418      0x490 ./Drivers/STM32F4xx_HAL_Driver/Src/stm32f4xx_ll_usb.o
                0x000000000800a418                USB_EPStartXfer
 .text.USB_EP0StartXfer
                0x000000000800a8a8      0x2b0 ./Drivers/STM32F4xx_HAL_Driver/Src/stm32f4xx_ll_usb.o
                0x000000000800a8a8                USB_EP0StartXfer
 .text.USB_EPStopXfer
                0x000000000800ab58      0x154 ./Drivers/STM32F4xx_HAL_Driver/Src/stm32f4xx_ll_usb.o
                0x000000000800ab58                USB_EPStopXfer
 .text.USB_WritePacket
                0x000000000800acac       0x7c ./Drivers/STM32F4xx_HAL_Driver/Src/stm32f4xx_ll_usb.o
                0x000000000800acac                USB_WritePacket
 .text.USB_ReadPacket
                0x000000000800ad28       0xb0 ./Drivers/STM32F4xx_HAL_Driver/Src/stm32f4xx_ll_usb.o
                0x000000000800ad28                USB_ReadPacket
 .text.USB_EPSetStall
                0x000000000800add8       0xdc ./Drivers/STM32F4xx_HAL_Driver/Src/stm32f4xx_ll_usb.o
                0x000000000800add8                USB_EPSetStall
 .text.USB_EPClearStall
                0x000000000800aeb4       0xcc ./Drivers/STM32F4xx_HAL_Driver/Src/stm32f4xx_ll_usb.o
                0x000000000800aeb4                USB_EPClearStall
 .text.USB_SetDevAddress
                0x000000000800af80       0x4c ./Drivers/STM32F4xx_HAL_Driver/Src/stm32f4xx_ll_usb.o
                0x000000000800af80                USB_SetDevAddress
 .text.USB_DevConnect
                0x000000000800afcc       0x42 ./Drivers/STM32F4xx_HAL_Driver/Src/stm32f4xx_ll_usb.o
                0x000000000800afcc                USB_DevConnect
 .text.USB_DevDisconnect
                0x000000000800b00e       0x42 ./Drivers/STM32F4xx_HAL_Driver/Src/stm32f4xx_ll_usb.o
                0x000000000800b00e                USB_DevDisconnect
 .text.USB_ReadInterrupts
                0x000000000800b050       0x26 ./Drivers/STM32F4xx_HAL_Driver/Src/stm32f4xx_ll_usb.o
                0x000000000800b050                USB_ReadInterrupts
 .text.USB_ReadDevAllOutEpInterrupt
                0x000000000800b076       0x34 ./Drivers/STM32F4xx_HAL_Driver/Src/stm32f4xx_ll_usb.o
                0x000000000800b076                USB_ReadDevAllOutEpInterrupt
 .text.USB_ReadDevAllInEpInterrupt
                0x000000000800b0aa       0x34 ./Drivers/STM32F4xx_HAL_Driver/Src/stm32f4xx_ll_usb.o
                0x000000000800b0aa                USB_ReadDevAllInEpInterrupt
 .text.USB_ReadDevOutEPInterrupt
                0x000000000800b0de       0x3c ./Drivers/STM32F4xx_HAL_Driver/Src/stm32f4xx_ll_usb.o
                0x000000000800b0de                USB_ReadDevOutEPInterrupt
 .text.USB_ReadDevInEPInterrupt
                0x000000000800b11a       0x5c ./Drivers/STM32F4xx_HAL_Driver/Src/stm32f4xx_ll_usb.o
                0x000000000800b11a                USB_ReadDevInEPInterrupt
 .text.USB_GetMode
                0x000000000800b176       0x1c ./Drivers/STM32F4xx_HAL_Driver/Src/stm32f4xx_ll_usb.o
                0x000000000800b176                USB_GetMode
 .text.USB_ActivateSetup
                0x000000000800b192       0x46 ./Drivers/STM32F4xx_HAL_Driver/Src/stm32f4xx_ll_usb.o
                0x000000000800b192                USB_ActivateSetup
 .text.USB_EP0_OutStart
                0x000000000800b1d8       0xbc ./Drivers/STM32F4xx_HAL_Driver/Src/stm32f4xx_ll_usb.o
                0x000000000800b1d8                USB_EP0_OutStart
 .text.USB_CoreReset
                0x000000000800b294       0x68 ./Drivers/STM32F4xx_HAL_Driver/Src/stm32f4xx_ll_usb.o
 .text.MX_FATFS_Init
                0x000000000800b2fc       0x24 ./FATFS/App/fatfs.o
                0x000000000800b2fc                MX_FATFS_Init
 .text.get_fattime
                0x000000000800b320       0x10 ./FATFS/App/fatfs.o
                0x000000000800b320                get_fattime
 .text.BSP_SD_Init
                0x000000000800b330       0x4c ./FATFS/Target/bsp_driver_sd.o
                0x000000000800b330                BSP_SD_Init
 .text.BSP_SD_ReadBlocks
                0x000000000800b37c       0x3c ./FATFS/Target/bsp_driver_sd.o
                0x000000000800b37c                BSP_SD_ReadBlocks
 .text.BSP_SD_WriteBlocks
                0x000000000800b3b8       0x3c ./FATFS/Target/bsp_driver_sd.o
                0x000000000800b3b8                BSP_SD_WriteBlocks
 .text.BSP_SD_GetCardState
                0x000000000800b3f4       0x20 ./FATFS/Target/bsp_driver_sd.o
                0x000000000800b3f4                BSP_SD_GetCardState
 .text.BSP_SD_GetCardInfo
                0x000000000800b414       0x1c ./FATFS/Target/bsp_driver_sd.o
                0x000000000800b414                BSP_SD_GetCardInfo
 .text.HAL_SD_RxCpltCallback
                0x000000000800b430       0x14 ./FATFS/Target/bsp_driver_sd.o
                0x000000000800b430                HAL_SD_RxCpltCallback
 .text.BSP_SD_ReadCpltCallback
                0x000000000800b444        0xe ./FATFS/Target/bsp_driver_sd.o
                0x000000000800b444                BSP_SD_ReadCpltCallback
 .text.BSP_SD_IsDetected
                0x000000000800b452       0x1a ./FATFS/Target/bsp_driver_sd.o
                0x000000000800b452                BSP_SD_IsDetected
 .text.SD_CheckStatus
                0x000000000800b46c       0x3c ./FATFS/Target/sd_diskio.o
 .text.SD_initialize
                0x000000000800b4a8       0x3c ./FATFS/Target/sd_diskio.o
                0x000000000800b4a8                SD_initialize
 .text.SD_status
                0x000000000800b4e4       0x1c ./FATFS/Target/sd_diskio.o
                0x000000000800b4e4                SD_status
 .text.SD_read  0x000000000800b500       0x42 ./FATFS/Target/sd_diskio.o
                0x000000000800b500                SD_read
 .text.SD_write
                0x000000000800b542       0x42 ./FATFS/Target/sd_diskio.o
                0x000000000800b542                SD_write
 .text.SD_ioctl
                0x000000000800b584       0xb0 ./FATFS/Target/sd_diskio.o
                0x000000000800b584                SD_ioctl
 .text.USBD_MSC_Init
                0x000000000800b634      0x120 ./Middlewares/ST/STM32_USB_Device_Library/Class/MSC/Src/usbd_msc.o
                0x000000000800b634                USBD_MSC_Init
 .text.USBD_MSC_DeInit
                0x000000000800b754       0xb0 ./Middlewares/ST/STM32_USB_Device_Library/Class/MSC/Src/usbd_msc.o
                0x000000000800b754                USBD_MSC_DeInit
 .text.USBD_MSC_Setup
                0x000000000800b804      0x1f8 ./Middlewares/ST/STM32_USB_Device_Library/Class/MSC/Src/usbd_msc.o
                0x000000000800b804                USBD_MSC_Setup
 .text.USBD_MSC_DataIn
                0x000000000800b9fc       0x20 ./Middlewares/ST/STM32_USB_Device_Library/Class/MSC/Src/usbd_msc.o
                0x000000000800b9fc                USBD_MSC_DataIn
 .text.USBD_MSC_DataOut
                0x000000000800ba1c       0x20 ./Middlewares/ST/STM32_USB_Device_Library/Class/MSC/Src/usbd_msc.o
                0x000000000800ba1c                USBD_MSC_DataOut
 .text.USBD_MSC_GetHSCfgDesc
                0x000000000800ba3c       0x58 ./Middlewares/ST/STM32_USB_Device_Library/Class/MSC/Src/usbd_msc.o
                0x000000000800ba3c                USBD_MSC_GetHSCfgDesc
 .text.USBD_MSC_GetFSCfgDesc
                0x000000000800ba94       0x58 ./Middlewares/ST/STM32_USB_Device_Library/Class/MSC/Src/usbd_msc.o
                0x000000000800ba94                USBD_MSC_GetFSCfgDesc
 .text.USBD_MSC_GetOtherSpeedCfgDesc
                0x000000000800baec       0x58 ./Middlewares/ST/STM32_USB_Device_Library/Class/MSC/Src/usbd_msc.o
                0x000000000800baec                USBD_MSC_GetOtherSpeedCfgDesc
 .text.USBD_MSC_GetDeviceQualifierDescriptor
                0x000000000800bb44       0x20 ./Middlewares/ST/STM32_USB_Device_Library/Class/MSC/Src/usbd_msc.o
                0x000000000800bb44                USBD_MSC_GetDeviceQualifierDescriptor
 .text.USBD_MSC_RegisterStorage
                0x000000000800bb64       0x34 ./Middlewares/ST/STM32_USB_Device_Library/Class/MSC/Src/usbd_msc.o
                0x000000000800bb64                USBD_MSC_RegisterStorage
 .text.MSC_BOT_Init
                0x000000000800bb98       0x94 ./Middlewares/ST/STM32_USB_Device_Library/Class/MSC/Src/usbd_msc_bot.o
                0x000000000800bb98                MSC_BOT_Init
 .text.MSC_BOT_Reset
                0x000000000800bc2c       0x68 ./Middlewares/ST/STM32_USB_Device_Library/Class/MSC/Src/usbd_msc_bot.o
                0x000000000800bc2c                MSC_BOT_Reset
 .text.MSC_BOT_DeInit
                0x000000000800bc94       0x30 ./Middlewares/ST/STM32_USB_Device_Library/Class/MSC/Src/usbd_msc_bot.o
                0x000000000800bc94                MSC_BOT_DeInit
 .text.MSC_BOT_DataIn
                0x000000000800bcc4       0x74 ./Middlewares/ST/STM32_USB_Device_Library/Class/MSC/Src/usbd_msc_bot.o
                0x000000000800bcc4                MSC_BOT_DataIn
 .text.MSC_BOT_DataOut
                0x000000000800bd38       0x68 ./Middlewares/ST/STM32_USB_Device_Library/Class/MSC/Src/usbd_msc_bot.o
                0x000000000800bd38                MSC_BOT_DataOut
 .text.MSC_BOT_CBW_Decode
                0x000000000800bda0      0x128 ./Middlewares/ST/STM32_USB_Device_Library/Class/MSC/Src/usbd_msc_bot.o
 .text.MSC_BOT_SendData
                0x000000000800bec8       0x6c ./Middlewares/ST/STM32_USB_Device_Library/Class/MSC/Src/usbd_msc_bot.o
 .text.MSC_BOT_SendCSW
                0x000000000800bf34       0x74 ./Middlewares/ST/STM32_USB_Device_Library/Class/MSC/Src/usbd_msc_bot.o
                0x000000000800bf34                MSC_BOT_SendCSW
 .text.MSC_BOT_Abort
                0x000000000800bfa8       0x84 ./Middlewares/ST/STM32_USB_Device_Library/Class/MSC/Src/usbd_msc_bot.o
 .text.MSC_BOT_CplClrFeature
                0x000000000800c02c       0x74 ./Middlewares/ST/STM32_USB_Device_Library/Class/MSC/Src/usbd_msc_bot.o
                0x000000000800c02c                MSC_BOT_CplClrFeature
 .text.SCSI_ProcessCmd
                0x000000000800c0a0      0x304 ./Middlewares/ST/STM32_USB_Device_Library/Class/MSC/Src/usbd_msc_scsi.o
                0x000000000800c0a0                SCSI_ProcessCmd
 .text.SCSI_TestUnitReady
                0x000000000800c3a4       0xb2 ./Middlewares/ST/STM32_USB_Device_Library/Class/MSC/Src/usbd_msc_scsi.o
 *fill*         0x000000000800c456        0x2 
 .text.SCSI_Inquiry
                0x000000000800c458       0xfc ./Middlewares/ST/STM32_USB_Device_Library/Class/MSC/Src/usbd_msc_scsi.o
 .text.SCSI_ReadCapacity10
                0x000000000800c554       0xfc ./Middlewares/ST/STM32_USB_Device_Library/Class/MSC/Src/usbd_msc_scsi.o
 .text.SCSI_ReadCapacity16
                0x000000000800c650      0x166 ./Middlewares/ST/STM32_USB_Device_Library/Class/MSC/Src/usbd_msc_scsi.o
 .text.SCSI_ReadFormatCapacity
                0x000000000800c7b6       0xf6 ./Middlewares/ST/STM32_USB_Device_Library/Class/MSC/Src/usbd_msc_scsi.o
 .text.SCSI_ModeSense6
                0x000000000800c8ac       0x60 ./Middlewares/ST/STM32_USB_Device_Library/Class/MSC/Src/usbd_msc_scsi.o
 .text.SCSI_ModeSense10
                0x000000000800c90c       0x60 ./Middlewares/ST/STM32_USB_Device_Library/Class/MSC/Src/usbd_msc_scsi.o
 .text.SCSI_RequestSense
                0x000000000800c96c      0x106 ./Middlewares/ST/STM32_USB_Device_Library/Class/MSC/Src/usbd_msc_scsi.o
 .text.SCSI_SenseCode
                0x000000000800ca72       0x96 ./Middlewares/ST/STM32_USB_Device_Library/Class/MSC/Src/usbd_msc_scsi.o
                0x000000000800ca72                SCSI_SenseCode
 .text.SCSI_StartStopUnit
                0x000000000800cb08       0xaa ./Middlewares/ST/STM32_USB_Device_Library/Class/MSC/Src/usbd_msc_scsi.o
 .text.SCSI_AllowPreventRemovable
                0x000000000800cbb2       0x5a ./Middlewares/ST/STM32_USB_Device_Library/Class/MSC/Src/usbd_msc_scsi.o
 .text.SCSI_Read10
                0x000000000800cc0c      0x154 ./Middlewares/ST/STM32_USB_Device_Library/Class/MSC/Src/usbd_msc_scsi.o
 .text.SCSI_Read12
                0x000000000800cd60      0x168 ./Middlewares/ST/STM32_USB_Device_Library/Class/MSC/Src/usbd_msc_scsi.o
 .text.SCSI_Write10
                0x000000000800cec8      0x1ac ./Middlewares/ST/STM32_USB_Device_Library/Class/MSC/Src/usbd_msc_scsi.o
 .text.SCSI_Write12
                0x000000000800d074      0x1cc ./Middlewares/ST/STM32_USB_Device_Library/Class/MSC/Src/usbd_msc_scsi.o
 .text.SCSI_Verify10
                0x000000000800d240       0x7a ./Middlewares/ST/STM32_USB_Device_Library/Class/MSC/Src/usbd_msc_scsi.o
 .text.SCSI_CheckAddressRange
                0x000000000800d2ba       0x58 ./Middlewares/ST/STM32_USB_Device_Library/Class/MSC/Src/usbd_msc_scsi.o
 *fill*         0x000000000800d312        0x2 
 .text.SCSI_ProcessRead
                0x000000000800d314      0x10c ./Middlewares/ST/STM32_USB_Device_Library/Class/MSC/Src/usbd_msc_scsi.o
 .text.SCSI_ProcessWrite
                0x000000000800d420      0x12c ./Middlewares/ST/STM32_USB_Device_Library/Class/MSC/Src/usbd_msc_scsi.o
 .text.SCSI_UpdateBotData
                0x000000000800d54c       0x52 ./Middlewares/ST/STM32_USB_Device_Library/Class/MSC/Src/usbd_msc_scsi.o
 .text.USBD_Init
                0x000000000800d59e       0x60 ./Middlewares/ST/STM32_USB_Device_Library/Core/Src/usbd_core.o
                0x000000000800d59e                USBD_Init
 .text.USBD_RegisterClass
                0x000000000800d5fe       0x6c ./Middlewares/ST/STM32_USB_Device_Library/Core/Src/usbd_core.o
                0x000000000800d5fe                USBD_RegisterClass
 .text.USBD_Start
                0x000000000800d66a       0x18 ./Middlewares/ST/STM32_USB_Device_Library/Core/Src/usbd_core.o
                0x000000000800d66a                USBD_Start
 .text.USBD_RunTestMode
                0x000000000800d682       0x16 ./Middlewares/ST/STM32_USB_Device_Library/Core/Src/usbd_core.o
                0x000000000800d682                USBD_RunTestMode
 .text.USBD_SetClassConfig
                0x000000000800d698       0x38 ./Middlewares/ST/STM32_USB_Device_Library/Core/Src/usbd_core.o
                0x000000000800d698                USBD_SetClassConfig
 .text.USBD_ClrClassConfig
                0x000000000800d6d0       0x34 ./Middlewares/ST/STM32_USB_Device_Library/Core/Src/usbd_core.o
                0x000000000800d6d0                USBD_ClrClassConfig
 .text.USBD_LL_SetupStage
                0x000000000800d704       0xaa ./Middlewares/ST/STM32_USB_Device_Library/Core/Src/usbd_core.o
                0x000000000800d704                USBD_LL_SetupStage
 .text.USBD_LL_DataOutStage
                0x000000000800d7ae      0x166 ./Middlewares/ST/STM32_USB_Device_Library/Core/Src/usbd_core.o
                0x000000000800d7ae                USBD_LL_DataOutStage
 .text.USBD_LL_DataInStage
                0x000000000800d914      0x164 ./Middlewares/ST/STM32_USB_Device_Library/Core/Src/usbd_core.o
                0x000000000800d914                USBD_LL_DataInStage
 .text.USBD_LL_Reset
                0x000000000800da78       0xa4 ./Middlewares/ST/STM32_USB_Device_Library/Core/Src/usbd_core.o
                0x000000000800da78                USBD_LL_Reset
 .text.USBD_LL_SetSpeed
                0x000000000800db1c       0x20 ./Middlewares/ST/STM32_USB_Device_Library/Core/Src/usbd_core.o
                0x000000000800db1c                USBD_LL_SetSpeed
 .text.USBD_LL_Suspend
                0x000000000800db3c       0x2c ./Middlewares/ST/STM32_USB_Device_Library/Core/Src/usbd_core.o
                0x000000000800db3c                USBD_LL_Suspend
 .text.USBD_LL_Resume
                0x000000000800db68       0x30 ./Middlewares/ST/STM32_USB_Device_Library/Core/Src/usbd_core.o
                0x000000000800db68                USBD_LL_Resume
 .text.USBD_LL_SOF
                0x000000000800db98       0x40 ./Middlewares/ST/STM32_USB_Device_Library/Core/Src/usbd_core.o
                0x000000000800db98                USBD_LL_SOF
 .text.USBD_LL_IsoINIncomplete
                0x000000000800dbd8       0x64 ./Middlewares/ST/STM32_USB_Device_Library/Core/Src/usbd_core.o
                0x000000000800dbd8                USBD_LL_IsoINIncomplete
 .text.USBD_LL_IsoOUTIncomplete
                0x000000000800dc3c       0x64 ./Middlewares/ST/STM32_USB_Device_Library/Core/Src/usbd_core.o
                0x000000000800dc3c                USBD_LL_IsoOUTIncomplete
 .text.USBD_LL_DevConnected
                0x000000000800dca0       0x16 ./Middlewares/ST/STM32_USB_Device_Library/Core/Src/usbd_core.o
                0x000000000800dca0                USBD_LL_DevConnected
 .text.USBD_LL_DevDisconnected
                0x000000000800dcb6       0x46 ./Middlewares/ST/STM32_USB_Device_Library/Core/Src/usbd_core.o
                0x000000000800dcb6                USBD_LL_DevDisconnected
 .text.USBD_CoreFindIF
                0x000000000800dcfc       0x1a ./Middlewares/ST/STM32_USB_Device_Library/Core/Src/usbd_core.o
                0x000000000800dcfc                USBD_CoreFindIF
 .text.USBD_CoreFindEP
                0x000000000800dd16       0x1a ./Middlewares/ST/STM32_USB_Device_Library/Core/Src/usbd_core.o
                0x000000000800dd16                USBD_CoreFindEP
 .text.USBD_GetEpDesc
                0x000000000800dd30       0x74 ./Middlewares/ST/STM32_USB_Device_Library/Core/Src/usbd_core.o
                0x000000000800dd30                USBD_GetEpDesc
 .text.USBD_GetNextDesc
                0x000000000800dda4       0x3a ./Middlewares/ST/STM32_USB_Device_Library/Core/Src/usbd_core.o
                0x000000000800dda4                USBD_GetNextDesc
 .text.SWAPBYTE
                0x000000000800ddde       0x3c ./Middlewares/ST/STM32_USB_Device_Library/Core/Src/usbd_ctlreq.o
 *fill*         0x000000000800de1a        0x2 
 .text.USBD_StdDevReq
                0x000000000800de1c       0xe4 ./Middlewares/ST/STM32_USB_Device_Library/Core/Src/usbd_ctlreq.o
                0x000000000800de1c                USBD_StdDevReq
 .text.USBD_StdItfReq
                0x000000000800df00       0xd8 ./Middlewares/ST/STM32_USB_Device_Library/Core/Src/usbd_ctlreq.o
                0x000000000800df00                USBD_StdItfReq
 .text.USBD_StdEPReq
                0x000000000800dfd8      0x33a ./Middlewares/ST/STM32_USB_Device_Library/Core/Src/usbd_ctlreq.o
                0x000000000800dfd8                USBD_StdEPReq
 *fill*         0x000000000800e312        0x2 
 .text.USBD_GetDescriptor
                0x000000000800e314      0x2d4 ./Middlewares/ST/STM32_USB_Device_Library/Core/Src/usbd_ctlreq.o
 .text.USBD_SetAddress
                0x000000000800e5e8       0x88 ./Middlewares/ST/STM32_USB_Device_Library/Core/Src/usbd_ctlreq.o
 .text.USBD_SetConfig
                0x000000000800e670      0x154 ./Middlewares/ST/STM32_USB_Device_Library/Core/Src/usbd_ctlreq.o
 .text.USBD_GetConfig
                0x000000000800e7c4       0x6c ./Middlewares/ST/STM32_USB_Device_Library/Core/Src/usbd_ctlreq.o
 .text.USBD_GetStatus
                0x000000000800e830       0x68 ./Middlewares/ST/STM32_USB_Device_Library/Core/Src/usbd_ctlreq.o
 .text.USBD_SetFeature
                0x000000000800e898       0x52 ./Middlewares/ST/STM32_USB_Device_Library/Core/Src/usbd_ctlreq.o
 .text.USBD_ClrFeature
                0x000000000800e8ea       0x44 ./Middlewares/ST/STM32_USB_Device_Library/Core/Src/usbd_ctlreq.o
 .text.USBD_ParseSetupRequest
                0x000000000800e92e       0x74 ./Middlewares/ST/STM32_USB_Device_Library/Core/Src/usbd_ctlreq.o
                0x000000000800e92e                USBD_ParseSetupRequest
 .text.USBD_CtlError
                0x000000000800e9a2       0x22 ./Middlewares/ST/STM32_USB_Device_Library/Core/Src/usbd_ctlreq.o
                0x000000000800e9a2                USBD_CtlError
 .text.USBD_GetString
                0x000000000800e9c4       0x8c ./Middlewares/ST/STM32_USB_Device_Library/Core/Src/usbd_ctlreq.o
                0x000000000800e9c4                USBD_GetString
 .text.USBD_GetLen
                0x000000000800ea50       0x34 ./Middlewares/ST/STM32_USB_Device_Library/Core/Src/usbd_ctlreq.o
 .text.USBD_CtlSendData
                0x000000000800ea84       0x36 ./Middlewares/ST/STM32_USB_Device_Library/Core/Src/usbd_ioreq.o
                0x000000000800ea84                USBD_CtlSendData
 .text.USBD_CtlContinueSendData
                0x000000000800eaba       0x22 ./Middlewares/ST/STM32_USB_Device_Library/Core/Src/usbd_ioreq.o
                0x000000000800eaba                USBD_CtlContinueSendData
 .text.USBD_CtlContinueRx
                0x000000000800eadc       0x22 ./Middlewares/ST/STM32_USB_Device_Library/Core/Src/usbd_ioreq.o
                0x000000000800eadc                USBD_CtlContinueRx
 .text.USBD_CtlSendStatus
                0x000000000800eafe       0x26 ./Middlewares/ST/STM32_USB_Device_Library/Core/Src/usbd_ioreq.o
                0x000000000800eafe                USBD_CtlSendStatus
 .text.USBD_CtlReceiveStatus
                0x000000000800eb24       0x26 ./Middlewares/ST/STM32_USB_Device_Library/Core/Src/usbd_ioreq.o
                0x000000000800eb24                USBD_CtlReceiveStatus
 *fill*         0x000000000800eb4a        0x2 
 .text.disk_status
                0x000000000800eb4c       0x34 ./Middlewares/Third_Party/FatFs/src/diskio.o
                0x000000000800eb4c                disk_status
 .text.disk_initialize
                0x000000000800eb80       0x4c ./Middlewares/Third_Party/FatFs/src/diskio.o
                0x000000000800eb80                disk_initialize
 .text.disk_read
                0x000000000800ebcc       0x40 ./Middlewares/Third_Party/FatFs/src/diskio.o
                0x000000000800ebcc                disk_read
 .text.disk_write
                0x000000000800ec0c       0x40 ./Middlewares/Third_Party/FatFs/src/diskio.o
                0x000000000800ec0c                disk_write
 .text.disk_ioctl
                0x000000000800ec4c       0x3c ./Middlewares/Third_Party/FatFs/src/diskio.o
                0x000000000800ec4c                disk_ioctl
 .text.ld_word  0x000000000800ec88       0x30 ./Middlewares/Third_Party/FatFs/src/ff.o
 .text.ld_dword
                0x000000000800ecb8       0x46 ./Middlewares/Third_Party/FatFs/src/ff.o
 .text.st_word  0x000000000800ecfe       0x36 ./Middlewares/Third_Party/FatFs/src/ff.o
 .text.st_dword
                0x000000000800ed34       0x58 ./Middlewares/Third_Party/FatFs/src/ff.o
 .text.mem_cpy  0x000000000800ed8c       0x42 ./Middlewares/Third_Party/FatFs/src/ff.o
 .text.mem_set  0x000000000800edce       0x36 ./Middlewares/Third_Party/FatFs/src/ff.o
 .text.mem_cmp  0x000000000800ee04       0x4e ./Middlewares/Third_Party/FatFs/src/ff.o
 .text.chk_chr  0x000000000800ee52       0x36 ./Middlewares/Third_Party/FatFs/src/ff.o
 .text.chk_lock
                0x000000000800ee88       0xb8 ./Middlewares/Third_Party/FatFs/src/ff.o
 .text.enq_lock
                0x000000000800ef40       0x44 ./Middlewares/Third_Party/FatFs/src/ff.o
 .text.inc_lock
                0x000000000800ef84      0x11c ./Middlewares/Third_Party/FatFs/src/ff.o
 .text.dec_lock
                0x000000000800f0a0       0x78 ./Middlewares/Third_Party/FatFs/src/ff.o
 .text.clear_lock
                0x000000000800f118       0x48 ./Middlewares/Third_Party/FatFs/src/ff.o
 .text.sync_window
                0x000000000800f160       0x88 ./Middlewares/Third_Party/FatFs/src/ff.o
 .text.move_window
                0x000000000800f1e8       0x5a ./Middlewares/Third_Party/FatFs/src/ff.o
 *fill*         0x000000000800f242        0x2 
 .text.sync_fs  0x000000000800f244       0xdc ./Middlewares/Third_Party/FatFs/src/ff.o
 .text.clust2sect
                0x000000000800f320       0x3e ./Middlewares/Third_Party/FatFs/src/ff.o
 .text.get_fat  0x000000000800f35e      0x150 ./Middlewares/Third_Party/FatFs/src/ff.o
 .text.put_fat  0x000000000800f4ae      0x1d8 ./Middlewares/Third_Party/FatFs/src/ff.o
 .text.remove_chain
                0x000000000800f686       0xca ./Middlewares/Third_Party/FatFs/src/ff.o
 .text.create_chain
                0x000000000800f750      0x130 ./Middlewares/Third_Party/FatFs/src/ff.o
 .text.clmt_clust
                0x000000000800f880       0x68 ./Middlewares/Third_Party/FatFs/src/ff.o
 .text.dir_sdi  0x000000000800f8e8       0xf6 ./Middlewares/Third_Party/FatFs/src/ff.o
 .text.dir_next
                0x000000000800f9de      0x18a ./Middlewares/Third_Party/FatFs/src/ff.o
 .text.dir_alloc
                0x000000000800fb68       0x8e ./Middlewares/Third_Party/FatFs/src/ff.o
 .text.ld_clust
                0x000000000800fbf6       0x3e ./Middlewares/Third_Party/FatFs/src/ff.o
 .text.st_clust
                0x000000000800fc34       0x40 ./Middlewares/Third_Party/FatFs/src/ff.o
 .text.dir_read
                0x000000000800fc74       0xba ./Middlewares/Third_Party/FatFs/src/ff.o
 .text.dir_find
                0x000000000800fd2e       0xaa ./Middlewares/Third_Party/FatFs/src/ff.o
 .text.dir_register
                0x000000000800fdd8       0x64 ./Middlewares/Third_Party/FatFs/src/ff.o
 .text.get_fileinfo
                0x000000000800fe3c       0xbe ./Middlewares/Third_Party/FatFs/src/ff.o
 *fill*         0x000000000800fefa        0x2 
 .text.create_name
                0x000000000800fefc      0x128 ./Middlewares/Third_Party/FatFs/src/ff.o
 .text.follow_path
                0x0000000008010024       0xe2 ./Middlewares/Third_Party/FatFs/src/ff.o
 .text.get_ldnumber
                0x0000000008010106       0x88 ./Middlewares/Third_Party/FatFs/src/ff.o
 *fill*         0x000000000801018e        0x2 
 .text.check_fs
                0x0000000008010190       0xac ./Middlewares/Third_Party/FatFs/src/ff.o
 .text.find_volume
                0x000000000801023c      0x498 ./Middlewares/Third_Party/FatFs/src/ff.o
 .text.validate
                0x00000000080106d4       0x6a ./Middlewares/Third_Party/FatFs/src/ff.o
 *fill*         0x000000000801073e        0x2 
 .text.f_mount  0x0000000008010740       0x8c ./Middlewares/Third_Party/FatFs/src/ff.o
                0x0000000008010740                f_mount
 .text.f_open   0x00000000080107cc      0x37c ./Middlewares/Third_Party/FatFs/src/ff.o
                0x00000000080107cc                f_open
 .text.f_read   0x0000000008010b48      0x27e ./Middlewares/Third_Party/FatFs/src/ff.o
                0x0000000008010b48                f_read
 .text.f_write  0x0000000008010dc6      0x2ea ./Middlewares/Third_Party/FatFs/src/ff.o
                0x0000000008010dc6                f_write
 .text.f_sync   0x00000000080110b0       0xfc ./Middlewares/Third_Party/FatFs/src/ff.o
                0x00000000080110b0                f_sync
 .text.f_close  0x00000000080111ac       0x54 ./Middlewares/Third_Party/FatFs/src/ff.o
                0x00000000080111ac                f_close
 .text.f_opendir
                0x0000000008011200       0xe6 ./Middlewares/Third_Party/FatFs/src/ff.o
                0x0000000008011200                f_opendir
 .text.f_closedir
                0x00000000080112e6       0x4c ./Middlewares/Third_Party/FatFs/src/ff.o
                0x00000000080112e6                f_closedir
 .text.f_readdir
                0x0000000008011332       0x7a ./Middlewares/Third_Party/FatFs/src/ff.o
                0x0000000008011332                f_readdir
 .text.f_stat   0x00000000080113ac       0x72 ./Middlewares/Third_Party/FatFs/src/ff.o
                0x00000000080113ac                f_stat
 *fill*         0x000000000801141e        0x2 
 .text.FATFS_LinkDriverEx
                0x0000000008011420       0x98 ./Middlewares/Third_Party/FatFs/src/ff_gen_drv.o
                0x0000000008011420                FATFS_LinkDriverEx
 .text.FATFS_LinkDriver
                0x00000000080114b8       0x1e ./Middlewares/Third_Party/FatFs/src/ff_gen_drv.o
                0x00000000080114b8                FATFS_LinkDriver
 *fill*         0x00000000080114d6        0x2 
 .text.MX_USB_DEVICE_Init
                0x00000000080114d8       0x60 ./USB_DEVICE/App/usb_device.o
                0x00000000080114d8                MX_USB_DEVICE_Init
 .text.USBD_FS_DeviceDescriptor
                0x0000000008011538       0x24 ./USB_DEVICE/App/usbd_desc.o
                0x0000000008011538                USBD_FS_DeviceDescriptor
 .text.USBD_FS_LangIDStrDescriptor
                0x000000000801155c       0x24 ./USB_DEVICE/App/usbd_desc.o
                0x000000000801155c                USBD_FS_LangIDStrDescriptor
 .text.USBD_FS_ProductStrDescriptor
                0x0000000008011580       0x3c ./USB_DEVICE/App/usbd_desc.o
                0x0000000008011580                USBD_FS_ProductStrDescriptor
 .text.USBD_FS_ManufacturerStrDescriptor
                0x00000000080115bc       0x28 ./USB_DEVICE/App/usbd_desc.o
                0x00000000080115bc                USBD_FS_ManufacturerStrDescriptor
 .text.USBD_FS_SerialStrDescriptor
                0x00000000080115e4       0x24 ./USB_DEVICE/App/usbd_desc.o
                0x00000000080115e4                USBD_FS_SerialStrDescriptor
 .text.USBD_FS_ConfigStrDescriptor
                0x0000000008011608       0x3c ./USB_DEVICE/App/usbd_desc.o
                0x0000000008011608                USBD_FS_ConfigStrDescriptor
 .text.USBD_FS_InterfaceStrDescriptor
                0x0000000008011644       0x3c ./USB_DEVICE/App/usbd_desc.o
                0x0000000008011644                USBD_FS_InterfaceStrDescriptor
 .text.Get_SerialNum
                0x0000000008011680       0x58 ./USB_DEVICE/App/usbd_desc.o
 .text.IntToUnicode
                0x00000000080116d8       0x7e ./USB_DEVICE/App/usbd_desc.o
 .text.STORAGE_Init_FS
                0x0000000008011756       0x18 ./USB_DEVICE/App/usbd_storage_if.o
 *fill*         0x000000000801176e        0x2 
 .text.STORAGE_GetCapacity_FS
                0x0000000008011770       0x48 ./USB_DEVICE/App/usbd_storage_if.o
 .text.STORAGE_IsReady_FS
                0x00000000080117b8       0x18 ./USB_DEVICE/App/usbd_storage_if.o
 .text.STORAGE_IsWriteProtected_FS
                0x00000000080117d0       0x18 ./USB_DEVICE/App/usbd_storage_if.o
 .text.STORAGE_Read_FS
                0x00000000080117e8       0x48 ./USB_DEVICE/App/usbd_storage_if.o
 .text.STORAGE_Write_FS
                0x0000000008011830       0x48 ./USB_DEVICE/App/usbd_storage_if.o
 .text.STORAGE_GetMaxLun_FS
                0x0000000008011878       0x10 ./USB_DEVICE/App/usbd_storage_if.o
 .text.HAL_PCD_MspInit
                0x0000000008011888       0xa8 ./USB_DEVICE/Target/usbd_conf.o
                0x0000000008011888                HAL_PCD_MspInit
 .text.HAL_PCD_SetupStageCallback
                0x0000000008011930       0x24 ./USB_DEVICE/Target/usbd_conf.o
                0x0000000008011930                HAL_PCD_SetupStageCallback
 .text.HAL_PCD_DataOutStageCallback
                0x0000000008011954       0x36 ./USB_DEVICE/Target/usbd_conf.o
                0x0000000008011954                HAL_PCD_DataOutStageCallback
 .text.HAL_PCD_DataInStageCallback
                0x000000000801198a       0x34 ./USB_DEVICE/Target/usbd_conf.o
                0x000000000801198a                HAL_PCD_DataInStageCallback
 .text.HAL_PCD_SOFCallback
                0x00000000080119be       0x1c ./USB_DEVICE/Target/usbd_conf.o
                0x00000000080119be                HAL_PCD_SOFCallback
 .text.HAL_PCD_ResetCallback
                0x00000000080119da       0x50 ./USB_DEVICE/Target/usbd_conf.o
                0x00000000080119da                HAL_PCD_ResetCallback
 *fill*         0x0000000008011a2a        0x2 
 .text.HAL_PCD_SuspendCallback
                0x0000000008011a2c       0x4c ./USB_DEVICE/Target/usbd_conf.o
                0x0000000008011a2c                HAL_PCD_SuspendCallback
 .text.HAL_PCD_ResumeCallback
                0x0000000008011a78       0x1c ./USB_DEVICE/Target/usbd_conf.o
                0x0000000008011a78                HAL_PCD_ResumeCallback
 .text.HAL_PCD_ISOOUTIncompleteCallback
                0x0000000008011a94       0x24 ./USB_DEVICE/Target/usbd_conf.o
                0x0000000008011a94                HAL_PCD_ISOOUTIncompleteCallback
 .text.HAL_PCD_ISOINIncompleteCallback
                0x0000000008011ab8       0x24 ./USB_DEVICE/Target/usbd_conf.o
                0x0000000008011ab8                HAL_PCD_ISOINIncompleteCallback
 .text.HAL_PCD_ConnectCallback
                0x0000000008011adc       0x1c ./USB_DEVICE/Target/usbd_conf.o
                0x0000000008011adc                HAL_PCD_ConnectCallback
 .text.HAL_PCD_DisconnectCallback
                0x0000000008011af8       0x1c ./USB_DEVICE/Target/usbd_conf.o
                0x0000000008011af8                HAL_PCD_DisconnectCallback
 .text.USBD_LL_Init
                0x0000000008011b14       0x98 ./USB_DEVICE/Target/usbd_conf.o
                0x0000000008011b14                USBD_LL_Init
 .text.USBD_LL_Start
                0x0000000008011bac       0x36 ./USB_DEVICE/Target/usbd_conf.o
                0x0000000008011bac                USBD_LL_Start
 .text.USBD_LL_OpenEP
                0x0000000008011be2       0x4c ./USB_DEVICE/Target/usbd_conf.o
                0x0000000008011be2                USBD_LL_OpenEP
 .text.USBD_LL_CloseEP
                0x0000000008011c2e       0x3e ./USB_DEVICE/Target/usbd_conf.o
                0x0000000008011c2e                USBD_LL_CloseEP
 .text.USBD_LL_FlushEP
                0x0000000008011c6c       0x3e ./USB_DEVICE/Target/usbd_conf.o
                0x0000000008011c6c                USBD_LL_FlushEP
 .text.USBD_LL_StallEP
                0x0000000008011caa       0x3e ./USB_DEVICE/Target/usbd_conf.o
                0x0000000008011caa                USBD_LL_StallEP
 .text.USBD_LL_ClearStallEP
                0x0000000008011ce8       0x3e ./USB_DEVICE/Target/usbd_conf.o
                0x0000000008011ce8                USBD_LL_ClearStallEP
 .text.USBD_LL_IsStallEP
                0x0000000008011d26       0x58 ./USB_DEVICE/Target/usbd_conf.o
                0x0000000008011d26                USBD_LL_IsStallEP
 .text.USBD_LL_SetUSBAddress
                0x0000000008011d7e       0x3e ./USB_DEVICE/Target/usbd_conf.o
                0x0000000008011d7e                USBD_LL_SetUSBAddress
 .text.USBD_LL_Transmit
                0x0000000008011dbc       0x42 ./USB_DEVICE/Target/usbd_conf.o
                0x0000000008011dbc                USBD_LL_Transmit
 .text.USBD_LL_PrepareReceive
                0x0000000008011dfe       0x42 ./USB_DEVICE/Target/usbd_conf.o
                0x0000000008011dfe                USBD_LL_PrepareReceive
 .text.USBD_LL_GetRxDataSize
                0x0000000008011e40       0x26 ./USB_DEVICE/Target/usbd_conf.o
                0x0000000008011e40                USBD_LL_GetRxDataSize
 *fill*         0x0000000008011e66        0x2 
 .text.USBD_static_malloc
                0x0000000008011e68       0x1c ./USB_DEVICE/Target/usbd_conf.o
                0x0000000008011e68                USBD_static_malloc
 .text.USBD_static_free
                0x0000000008011e84       0x14 ./USB_DEVICE/Target/usbd_conf.o
                0x0000000008011e84                USBD_static_free
 .text.USBD_Get_USB_Status
                0x0000000008011e98       0x58 ./USB_DEVICE/Target/usbd_conf.o
                0x0000000008011e98                USBD_Get_USB_Status
 .text.atoi     0x0000000008011ef0        0x8 c:/st/stm32cubeide_1.7.0/stm32cubeide/plugins/com.st.stm32cube.ide.mcu.externaltools.gnu-tools-for-stm32.10.3-2021.10.win32_1.0.0.202111181127/tools/bin/../lib/gcc/arm-none-eabi/10.3.1/../../../../arm-none-eabi/lib/thumb/v7e-m+fp/hard\libc_nano.a(lib_a-atoi.o)
                0x0000000008011ef0                atoi
 .text.calloc   0x0000000008011ef8       0x10 c:/st/stm32cubeide_1.7.0/stm32cubeide/plugins/com.st.stm32cube.ide.mcu.externaltools.gnu-tools-for-stm32.10.3-2021.10.win32_1.0.0.202111181127/tools/bin/../lib/gcc/arm-none-eabi/10.3.1/../../../../arm-none-eabi/lib/thumb/v7e-m+fp/hard\libc_nano.a(lib_a-calloc.o)
                0x0000000008011ef8                calloc
 .text.__errno  0x0000000008011f08        0xc c:/st/stm32cubeide_1.7.0/stm32cubeide/plugins/com.st.stm32cube.ide.mcu.externaltools.gnu-tools-for-stm32.10.3-2021.10.win32_1.0.0.202111181127/tools/bin/../lib/gcc/arm-none-eabi/10.3.1/../../../../arm-none-eabi/lib/thumb/v7e-m+fp/hard\libc_nano.a(lib_a-errno.o)
                0x0000000008011f08                __errno
 .text.__libc_init_array
                0x0000000008011f14       0x48 c:/st/stm32cubeide_1.7.0/stm32cubeide/plugins/com.st.stm32cube.ide.mcu.externaltools.gnu-tools-for-stm32.10.3-2021.10.win32_1.0.0.202111181127/tools/bin/../lib/gcc/arm-none-eabi/10.3.1/../../../../arm-none-eabi/lib/thumb/v7e-m+fp/hard\libc_nano.a(lib_a-init.o)
                0x0000000008011f14                __libc_init_array
 .text.malloc   0x0000000008011f5c       0x10 c:/st/stm32cubeide_1.7.0/stm32cubeide/plugins/com.st.stm32cube.ide.mcu.externaltools.gnu-tools-for-stm32.10.3-2021.10.win32_1.0.0.202111181127/tools/bin/../lib/gcc/arm-none-eabi/10.3.1/../../../../arm-none-eabi/lib/thumb/v7e-m+fp/hard\libc_nano.a(lib_a-malloc.o)
                0x0000000008011f5c                malloc
 .text.free     0x0000000008011f6c       0x10 c:/st/stm32cubeide_1.7.0/stm32cubeide/plugins/com.st.stm32cube.ide.mcu.externaltools.gnu-tools-for-stm32.10.3-2021.10.win32_1.0.0.202111181127/tools/bin/../lib/gcc/arm-none-eabi/10.3.1/../../../../arm-none-eabi/lib/thumb/v7e-m+fp/hard\libc_nano.a(lib_a-malloc.o)
                0x0000000008011f6c                free