../Core/Src/main.c:132:6:RTC_CalendarShow	48	static
../Core/Src/main.c:150:6:HAL_TIM_PeriodElapsedCallback	16	static
../Core/Src/main.c:164:6:HAL_RTC_AlarmAEventCallback	16	static
../Core/Src/main.c:212:6:sensdataget	16	static
../Core/Src/main.c:283:6:HAL_UART_RxCpltCallback	16	static
../Core/Src/main.c:301:5:main	8	static
../Core/Src/main.c:374:6:SystemClock_Config	88	static
../Core/Src/main.c:421:13:MX_RTC_Init	72	static
../Core/Src/main.c:505:13:MX_SDIO_SD_Init	4	static
../Core/Src/main.c:533:13:MX_TIM7_Init	16	static
../Core/Src/main.c:571:13:MX_UART7_Init	8	static
../Core/Src/main.c:604:13:MX_UART8_Init	8	static
../Core/Src/main.c:637:13:MX_USART1_UART_Init	8	static
../Core/Src/main.c:670:13:MX_USART3_UART_Init	8	static
../Core/Src/main.c:701:13:MX_DMA_Init	16	static
../Core/Src/main.c:726:13:MX_GPIO_Init	56	static
../Core/Src/main.c:751:6:command	64	static
../Core/Src/main.c:873:6:Error_Handler	8	static,ignoring_inline_asm
